Archive member included to satisfy reference by file (symbol)

c:/program files (x86)/atollic/truestudio for stm32 9.3.0/armtools/bin/../lib/gcc/arm-atollic-eabi/6.3.1/../../../../arm-atollic-eabi/lib/armv7-m\libc_nano.a(lib_a-errno.o)
                              Core\Src\syscalls.o (__errno)
c:/program files (x86)/atollic/truestudio for stm32 9.3.0/armtools/bin/../lib/gcc/arm-atollic-eabi/6.3.1/../../../../arm-atollic-eabi/lib/armv7-m\libc_nano.a(lib_a-impure.o)
                              c:/program files (x86)/atollic/truestudio for stm32 9.3.0/armtools/bin/../lib/gcc/arm-atollic-eabi/6.3.1/../../../../arm-atollic-eabi/lib/armv7-m\libc_nano.a(lib_a-errno.o) (_impure_ptr)
c:/program files (x86)/atollic/truestudio for stm32 9.3.0/armtools/bin/../lib/gcc/arm-atollic-eabi/6.3.1/../../../../arm-atollic-eabi/lib/armv7-m\libc_nano.a(lib_a-init.o)
                              startup\startup_stm32f103xb.o (__libc_init_array)
c:/program files (x86)/atollic/truestudio for stm32 9.3.0/armtools/bin/../lib/gcc/arm-atollic-eabi/6.3.1/../../../../arm-atollic-eabi/lib/armv7-m\libc_nano.a(lib_a-memcpy-stub.o)
                              Middlewares\Third_Party\FreeRTOS\Source\queue.o (memcpy)
c:/program files (x86)/atollic/truestudio for stm32 9.3.0/armtools/bin/../lib/gcc/arm-atollic-eabi/6.3.1/../../../../arm-atollic-eabi/lib/armv7-m\libc_nano.a(lib_a-memset.o)
                              Core\Src\main.o (memset)

Allocating common symbols
Common symbol       size              file

hUsbDeviceFS        0x2c4             USB_DEVICE\App\usb_device.o
hdma_usart2_rx      0x44              Core\Src\usart.o
StringSMS           0xfa              USER\SIM808\Sim808.o
GPSHandle           0x4               Core\Src\freertos.o
mySTATUSHandle      0x4               Core\Src\freertos.o
uwTick              0x4               Drivers\STM32F1xx_HAL_Driver\Src\stm32f1xx_hal.o
xQueueRegistry      0x40              Middlewares\Third_Party\FreeRTOS\Source\queue.o
pFlash              0x20              Drivers\STM32F1xx_HAL_Driver\Src\stm32f1xx_hal_flash.o
UserRxBufferFS      0x64              USB_DEVICE\App\usbd_cdc_if.o
hdma_usart1_tx      0x44              Core\Src\usart.o
hdma_usart1_rx      0x44              Core\Src\usart.o
hdma_usart2_tx      0x44              Core\Src\usart.o
huart1              0x44              Core\Src\usart.o
UserTxBufferFS      0x64              USB_DEVICE\App\usbd_cdc_if.o
MasageHandle        0x4               Core\Src\freertos.o
htim1               0x48              Core\Src\stm32f1xx_hal_timebase_tim.o
GSMHandle           0x4               Core\Src\freertos.o
CantSmsOK           0x1               USER\SIM808\Sim808.o
huart2              0x44              Core\Src\usart.o
hpcd_USB_FS         0x2ec             USB_DEVICE\Target\usbd_conf.o
USBD_StrDesc        0x200             USB_DEVICE\App\usbd_desc.o

Discarded input sections

 .text          0x00000000        0x0 c:/program files (x86)/atollic/truestudio for stm32 9.3.0/armtools/bin/../lib/gcc/arm-atollic-eabi/6.3.1/armv7-m/crti.o
 .data          0x00000000        0x0 c:/program files (x86)/atollic/truestudio for stm32 9.3.0/armtools/bin/../lib/gcc/arm-atollic-eabi/6.3.1/armv7-m/crti.o
 .bss           0x00000000        0x0 c:/program files (x86)/atollic/truestudio for stm32 9.3.0/armtools/bin/../lib/gcc/arm-atollic-eabi/6.3.1/armv7-m/crti.o
 .data          0x00000000        0x4 c:/program files (x86)/atollic/truestudio for stm32 9.3.0/armtools/bin/../lib/gcc/arm-atollic-eabi/6.3.1/armv7-m/crtbegin.o
 .text          0x00000000        0x0 Core\Src\dma.o
 .data          0x00000000        0x0 Core\Src\dma.o
 .bss           0x00000000        0x0 Core\Src\dma.o
 .text          0x00000000        0x0 Core\Src\freertos.o
 .data          0x00000000        0x0 Core\Src\freertos.o
 .bss           0x00000000        0x0 Core\Src\freertos.o
 .text          0x00000000        0x0 Core\Src\gpio.o
 .data          0x00000000        0x0 Core\Src\gpio.o
 .bss           0x00000000        0x0 Core\Src\gpio.o
 .text          0x00000000        0x0 Core\Src\main.o
 .data          0x00000000        0x0 Core\Src\main.o
 .bss           0x00000000        0x0 Core\Src\main.o
 .text          0x00000000        0x0 Core\Src\stm32f1xx_hal_msp.o
 .data          0x00000000        0x0 Core\Src\stm32f1xx_hal_msp.o
 .bss           0x00000000        0x0 Core\Src\stm32f1xx_hal_msp.o
 .text          0x00000000        0x0 Core\Src\stm32f1xx_hal_timebase_tim.o
 .data          0x00000000        0x0 Core\Src\stm32f1xx_hal_timebase_tim.o
 .bss           0x00000000        0x0 Core\Src\stm32f1xx_hal_timebase_tim.o
 .text.HAL_SuspendTick
                0x00000000       0x20 Core\Src\stm32f1xx_hal_timebase_tim.o
 .text.HAL_ResumeTick
                0x00000000       0x20 Core\Src\stm32f1xx_hal_timebase_tim.o
 .text          0x00000000        0x0 Core\Src\stm32f1xx_it.o
 .data          0x00000000        0x0 Core\Src\stm32f1xx_it.o
 .bss           0x00000000        0x0 Core\Src\stm32f1xx_it.o
[...]
Memory Configuration

Name             Origin             Length             Attributes
RAM              0x20000000         0x00005000         xrw
FLASH            0x08000000         0x00020000         xr
*default*        0x00000000         0xffffffff

Linker script and memory map

LOAD c:/program files (x86)/atollic/truestudio for stm32 9.3.0/armtools/bin/../lib/gcc/arm-atollic-eabi/6.3.1/armv7-m/crti.o
LOAD c:/program files (x86)/atollic/truestudio for stm32 9.3.0/armtools/bin/../lib/gcc/arm-atollic-eabi/6.3.1/armv7-m/crtbegin.o
LOAD Core\Src\dma.o
LOAD Core\Src\freertos.o
LOAD Core\Src\gpio.o
LOAD Core\Src\main.o
LOAD Core\Src\stm32f1xx_hal_msp.o
LOAD Core\Src\stm32f1xx_hal_timebase_tim.o
LOAD Core\Src\stm32f1xx_it.o
LOAD Core\Src\syscalls.o
LOAD Core\Src\system_stm32f1xx.o
LOAD Core\Src\tim.o
LOAD Core\Src\usart.o
LOAD Drivers\STM32F1xx_HAL_Driver\Src\stm32f1xx_hal.o
LOAD Drivers\STM32F1xx_HAL_Driver\Src\stm32f1xx_hal_cortex.o
LOAD Drivers\STM32F1xx_HAL_Driver\Src\stm32f1xx_hal_dma.o
LOAD Drivers\STM32F1xx_HAL_Driver\Src\stm32f1xx_hal_exti.o
LOAD Drivers\STM32F1xx_HAL_Driver\Src\stm32f1xx_hal_flash.o
LOAD Drivers\STM32F1xx_HAL_Driver\Src\stm32f1xx_hal_flash_ex.o
LOAD Drivers\STM32F1xx_HAL_Driver\Src\stm32f1xx_hal_gpio.o
LOAD Drivers\STM32F1xx_HAL_Driver\Src\stm32f1xx_hal_gpio_ex.o
LOAD Drivers\STM32F1xx_HAL_Driver\Src\stm32f1xx_hal_pcd.o
LOAD Drivers\STM32F1xx_HAL_Driver\Src\stm32f1xx_hal_pcd_ex.o
LOAD Drivers\STM32F1xx_HAL_Driver\Src\stm32f1xx_hal_pwr.o
LOAD Drivers\STM32F1xx_HAL_Driver\Src\stm32f1xx_hal_rcc.o
LOAD Drivers\STM32F1xx_HAL_Driver\Src\stm32f1xx_hal_rcc_ex.o
LOAD Drivers\STM32F1xx_HAL_Driver\Src\stm32f1xx_hal_tim.o
LOAD Drivers\STM32F1xx_HAL_Driver\Src\stm32f1xx_hal_tim_ex.o
LOAD Drivers\STM32F1xx_HAL_Driver\Src\stm32f1xx_hal_uart.o
LOAD Drivers\STM32F1xx_HAL_Driver\Src\stm32f1xx_ll_usb.o
LOAD Middlewares\ST\STM32_USB_Device_Library\Class\CDC\Src\usbd_cdc.o
LOAD Middlewares\ST\STM32_USB_Device_Library\Core\Src\usbd_core.o
LOAD Middlewares\ST\STM32_USB_Device_Library\Core\Src\usbd_ctlreq.o
LOAD Middlewares\ST\STM32_USB_Device_Library\Core\Src\usbd_ioreq.o
LOAD Middlewares\Third_Party\FreeRTOS\Source\CMSIS_RTOS\cmsis_os.o
LOAD Middlewares\Third_Party\FreeRTOS\Source\croutine.o
LOAD Middlewares\Third_Party\FreeRTOS\Source\event_groups.o
LOAD Middlewares\Third_Party\FreeRTOS\Source\list.o
LOAD Middlewares\Third_Party\FreeRTOS\Source\portable\GCC\ARM_CM3\port.o
LOAD Middlewares\Third_Party\FreeRTOS\Source\portable\MemMang\heap_4.o
LOAD Middlewares\Third_Party\FreeRTOS\Source\queue.o
LOAD Middlewares\Third_Party\FreeRTOS\Source\stream_buffer.o
LOAD Middlewares\Third_Party\FreeRTOS\Source\tasks.o
LOAD Middlewares\Third_Party\FreeRTOS\Source\timers.o
LOAD USB_DEVICE\App\usb_device.o
LOAD USB_DEVICE\App\usbd_cdc_if.o
LOAD USB_DEVICE\App\usbd_desc.o
LOAD USB_DEVICE\Target\usbd_conf.o
LOAD USER\MesageUSB.o
LOAD USER\SIM808\Sim808.o
LOAD startup\startup_stm32f103xb.o
                0x00000080                malloc_getpagesize_P = 0x80
START GROUP
LOAD c:/program files (x86)/atollic/truestudio for stm32 9.3.0/armtools/bin/../lib/gcc/arm-atollic-eabi/6.3.1/../../../../arm-atollic-eabi/lib/armv7-m\libc_nano.a
LOAD c:/program files (x86)/atollic/truestudio for stm32 9.3.0/armtools/bin/../lib/gcc/arm-atollic-eabi/6.3.1/../../../../arm-atollic-eabi/lib/armv7-m\libm.a
END GROUP
START GROUP
LOAD c:/program files (x86)/atollic/truestudio for stm32 9.3.0/armtools/bin/../lib/gcc/arm-atollic-eabi/6.3.1/armv7-m\libgcc.a
LOAD c:/program files (x86)/atollic/truestudio for stm32 9.3.0/armtools/bin/../lib/gcc/arm-atollic-eabi/6.3.1/../../../../arm-atollic-eabi/lib/armv7-m\libc_nano.a
END GROUP
START GROUP
LOAD c:/program files (x86)/atollic/truestudio for stm32 9.3.0/armtools/bin/../lib/gcc/arm-atollic-eabi/6.3.1/armv7-m\libgcc.a
LOAD c:/program files (x86)/atollic/truestudio for stm32 9.3.0/armtools/bin/../lib/gcc/arm-atollic-eabi/6.3.1/../../../../arm-atollic-eabi/lib/armv7-m\libc_nano.a
LOAD c:/program files (x86)/atollic/truestudio for stm32 9.3.0/armtools/bin/../lib/gcc/arm-atollic-eabi/6.3.1/../../../../arm-atollic-eabi/lib/armv7-m\libnosys.a
END GROUP
START GROUP
LOAD c:/program files (x86)/atollic/truestudio for stm32 9.3.0/armtools/bin/../lib/gcc/arm-atollic-eabi/6.3.1/armv7-m\libgcc.a
LOAD c:/program files (x86)/atollic/truestudio for stm32 9.3.0/armtools/bin/../lib/gcc/arm-atollic-eabi/6.3.1/../../../../arm-atollic-eabi/lib/armv7-m\libc_nano.a
LOAD c:/program files (x86)/atollic/truestudio for stm32 9.3.0/armtools/bin/../lib/gcc/arm-atollic-eabi/6.3.1/../../../../arm-atollic-eabi/lib/armv7-m\libnosys.a
END GROUP
LOAD c:/program files (x86)/atollic/truestudio for stm32 9.3.0/armtools/bin/../lib/gcc/arm-atollic-eabi/6.3.1/armv7-m/crtend.o
LOAD c:/program files (x86)/atollic/truestudio for stm32 9.3.0/armtools/bin/../lib/gcc/arm-atollic-eabi/6.3.1/armv7-m/crtn.o
                0x20005000                _estack = (ORIGIN (RAM) + LENGTH (RAM))
                0x00000200                _Min_Heap_Size = 0x200
                0x00000400                _Min_Stack_Size = 0x400

.isr_vector     0x08000000      0x10c
                0x08000000                . = ALIGN (0x4)
 *(.isr_vector)
 .isr_vector    0x08000000      0x10c startup\startup_stm32f103xb.o
                0x08000000                g_pfnVectors
                0x0800010c                . = ALIGN (0x4)

.text           0x08000110     0xb0f8
                0x08000110                . = ALIGN (0x4)
 *(.text)
 .text          0x08000110       0x40 c:/program files (x86)/atollic/truestudio for stm32 9.3.0/armtools/bin/../lib/gcc/arm-atollic-eabi/6.3.1/armv7-m/crtbegin.o
 *(.text*)
 .text.MX_DMA_Init
                0x08000150       0x6c Core\Src\dma.o
                0x08000150                MX_DMA_Init
 .text.vApplicationGetIdleTaskMemory
                0x080001bc       0x30 Core\Src\freertos.o
                0x080001bc                vApplicationGetIdleTaskMemory
 .text.MX_FREERTOS_Init
                0x080001ec       0xc4 Core\Src\freertos.o
                0x080001ec                MX_FREERTOS_Init
 .text.StartGPS
                0x080002b0       0x3c Core\Src\freertos.o
                0x080002b0                StartGPS
 .text.StartGSM
                0x080002ec       0x18 Core\Src\freertos.o
                0x080002ec                StartGSM
 .text.StartMasage
                0x08000304       0x14 Core\Src\freertos.o
                0x08000304                StartMasage
 .text.StartSTATUS
                0x08000318       0x38 Core\Src\freertos.o
                0x08000318                StartSTATUS
 .text.MX_GPIO_Init
                0x08000350      0x120 Core\Src\gpio.o
                0x08000350                MX_GPIO_Init
 .text.main     0x08000470       0x2e Core\Src\main.o
                0x08000470                main
 .text.SystemClock_Config
                0x0800049e       0xb6 Core\Src\main.o
                0x0800049e                SystemClock_Config
 .text.HAL_TIM_PeriodElapsedCallback
                0x08000554       0x24 Core\Src\main.o
                0x08000554                HAL_TIM_PeriodElapsedCallback
 .text.Error_Handler
                0x08000578        0x8 Core\Src\main.o
                0x08000578                Error_Handler
 .text.assert_failed
                0x08000580       0x14 Core\Src\main.o
                0x08000580                assert_failed
 .text.HAL_MspInit
                0x08000594       0x70 Core\Src\stm32f1xx_hal_msp.o
                0x08000594                HAL_MspInit
 .text.HAL_InitTick
                0x08000604       0xac Core\Src\stm32f1xx_hal_timebase_tim.o
                0x08000604                HAL_InitTick
 .text.NMI_Handler
                0x080006b0        0x6 Core\Src\stm32f1xx_it.o
                0x080006b0                NMI_Handler
 .text.HardFault_Handler
                0x080006b6        0x6 Core\Src\stm32f1xx_it.o
                0x080006b6                HardFault_Handler
 .text.MemManage_Handler
                0x080006bc        0x6 Core\Src\stm32f1xx_it.o
                0x080006bc                MemManage_Handler
 .text.BusFault_Handler
                0x080006c2        0x6 Core\Src\stm32f1xx_it.o
                0x080006c2                BusFault_Handler
 .text.UsageFault_Handler
                0x080006c8        0x6 Core\Src\stm32f1xx_it.o
                0x080006c8                UsageFault_Handler
 .text.DebugMon_Handler
                0x080006ce        0xc Core\Src\stm32f1xx_it.o
                0x080006ce                DebugMon_Handler
 *fill*         0x080006da        0x2 
 .text.DMA1_Channel4_IRQHandler
                0x080006dc       0x14 Core\Src\stm32f1xx_it.o
                0x080006dc                DMA1_Channel4_IRQHandler
 .text.DMA1_Channel5_IRQHandler
                0x080006f0       0x14 Core\Src\stm32f1xx_it.o
                0x080006f0                DMA1_Channel5_IRQHandler
 .text.DMA1_Channel6_IRQHandler
                0x08000704       0x14 Core\Src\stm32f1xx_it.o
                0x08000704                DMA1_Channel6_IRQHandler
 .text.DMA1_Channel7_IRQHandler
                0x08000718       0x14 Core\Src\stm32f1xx_it.o
                0x08000718                DMA1_Channel7_IRQHandler
 .text.USB_LP_CAN1_RX0_IRQHandler
                0x0800072c       0x14 Core\Src\stm32f1xx_it.o
                0x0800072c                USB_LP_CAN1_RX0_IRQHandler
 .text.TIM1_UP_IRQHandler
                0x08000740       0x14 Core\Src\stm32f1xx_it.o
                0x08000740                TIM1_UP_IRQHandler
 .text.USART1_IRQHandler
                0x08000754       0x14 Core\Src\stm32f1xx_it.o
                0x08000754                USART1_IRQHandler
 .text.USART2_IRQHandler
                0x08000768       0x14 Core\Src\stm32f1xx_it.o
                0x08000768                USART2_IRQHandler
 .text.SystemInit
                0x0800077c        0xc Core\Src\system_stm32f1xx.o
                0x0800077c                SystemInit
 .text.MX_TIM2_Init
                0x08000788        0xc Core\Src\tim.o
                0x08000788                MX_TIM2_Init
 .text.MX_USART1_UART_Init
                0x08000794       0x54 Core\Src\usart.o
                0x08000794                MX_USART1_UART_Init
 .text.MX_USART2_UART_Init
                0x080007e8       0x54 Core\Src\usart.o
                0x080007e8                MX_USART2_UART_Init
 .text.HAL_UART_MspInit
                0x0800083c      0x27c Core\Src\usart.o
                0x0800083c                HAL_UART_MspInit
 .text.HAL_Init
                0x08000ab8       0x2c Drivers\STM32F1xx_HAL_Driver\Src\stm32f1xx_hal.o
                0x08000ab8                HAL_Init
 .text.HAL_IncTick
                0x08000ae4       0x24 Drivers\STM32F1xx_HAL_Driver\Src\stm32f1xx_hal.o
                0x08000ae4                HAL_IncTick
 .text.HAL_GetTick
                0x08000b08       0x14 Drivers\STM32F1xx_HAL_Driver\Src\stm32f1xx_hal.o
                0x08000b08                HAL_GetTick
 .text.__NVIC_SetPriorityGrouping
                0x08000b1c       0x48 Drivers\STM32F1xx_HAL_Driver\Src\stm32f1xx_hal_cortex.o
 .text.__NVIC_GetPriorityGrouping
                0x08000b64       0x1c Drivers\STM32F1xx_HAL_Driver\Src\stm32f1xx_hal_cortex.o
 .text.__NVIC_EnableIRQ
                0x08000b80       0x38 Drivers\STM32F1xx_HAL_Driver\Src\stm32f1xx_hal_cortex.o
 .text.__NVIC_SetPriority
                0x08000bb8       0x54 Drivers\STM32F1xx_HAL_Driver\Src\stm32f1xx_hal_cortex.o
 .text.NVIC_EncodePriority
                0x08000c0c       0x60 Drivers\STM32F1xx_HAL_Driver\Src\stm32f1xx_hal_cortex.o
 .text.HAL_NVIC_SetPriorityGrouping
                0x08000c6c       0x40 Drivers\STM32F1xx_HAL_Driver\Src\stm32f1xx_hal_cortex.o
                0x08000c6c                HAL_NVIC_SetPriorityGrouping
 .text.HAL_NVIC_SetPriority
                0x08000cac       0x58 Drivers\STM32F1xx_HAL_Driver\Src\stm32f1xx_hal_cortex.o
                0x08000cac                HAL_NVIC_SetPriority
 .text.HAL_NVIC_EnableIRQ
                0x08000d04       0x30 Drivers\STM32F1xx_HAL_Driver\Src\stm32f1xx_hal_cortex.o
                0x08000d04                HAL_NVIC_EnableIRQ
 .text.HAL_DMA_Init
                0x08000d34      0x200 Drivers\STM32F1xx_HAL_Driver\Src\stm32f1xx_hal_dma.o
                0x08000d34                HAL_DMA_Init
 .text.HAL_DMA_Start_IT
                0x08000f34       0xdc Drivers\STM32F1xx_HAL_Driver\Src\stm32f1xx_hal_dma.o
                0x08000f34                HAL_DMA_Start_IT
 .text.HAL_DMA_Abort
                0x08001010       0x74 Drivers\STM32F1xx_HAL_Driver\Src\stm32f1xx_hal_dma.o
                0x08001010                HAL_DMA_Abort
 .text.HAL_DMA_Abort_IT
                0x08001084       0xf8 Drivers\STM32F1xx_HAL_Driver\Src\stm32f1xx_hal_dma.o
                0x08001084                HAL_DMA_Abort_IT
 .text.HAL_DMA_IRQHandler
                0x0800117c      0x224 Drivers\STM32F1xx_HAL_Driver\Src\stm32f1xx_hal_dma.o
                0x0800117c                HAL_DMA_IRQHandler
 .text.DMA_SetConfig
                0x080013a0       0x5a Drivers\STM32F1xx_HAL_Driver\Src\stm32f1xx_hal_dma.o
 *fill*         0x080013fa        0x2 
 .text.HAL_GPIO_Init
                0x080013fc      0x474 Drivers\STM32F1xx_HAL_Driver\Src\stm32f1xx_hal_gpio.o
                0x080013fc                HAL_GPIO_Init
 .text.HAL_GPIO_WritePin
                0x08001870       0x64 Drivers\STM32F1xx_HAL_Driver\Src\stm32f1xx_hal_gpio.o
                0x08001870                HAL_GPIO_WritePin
 .text.HAL_PCD_Init
                0x080018d4      0x230 Drivers\STM32F1xx_HAL_Driver\Src\stm32f1xx_hal_pcd.o
                0x080018d4                HAL_PCD_Init
 .text.HAL_PCD_Start
                0x08001b04       0x4c Drivers\STM32F1xx_HAL_Driver\Src\stm32f1xx_hal_pcd.o
                0x08001b04                HAL_PCD_Start
 .text.HAL_PCD_IRQHandler
                0x08001b50      0x2aa Drivers\STM32F1xx_HAL_Driver\Src\stm32f1xx_hal_pcd.o
                0x08001b50                HAL_PCD_IRQHandler
 .text.HAL_PCD_SetAddress
                0x08001dfa       0x4a Drivers\STM32F1xx_HAL_Driver\Src\stm32f1xx_hal_pcd.o
                0x08001dfa                HAL_PCD_SetAddress
 .text.HAL_PCD_EP_Open
                0x08001e44       0xcc Drivers\STM32F1xx_HAL_Driver\Src\stm32f1xx_hal_pcd.o
                0x08001e44                HAL_PCD_EP_Open
 .text.HAL_PCD_EP_Close
                0x08001f10       0x90 Drivers\STM32F1xx_HAL_Driver\Src\stm32f1xx_hal_pcd.o
                0x08001f10                HAL_PCD_EP_Close
 .text.HAL_PCD_EP_Receive
                0x08001fa0       0x7a Drivers\STM32F1xx_HAL_Driver\Src\stm32f1xx_hal_pcd.o
                0x08001fa0                HAL_PCD_EP_Receive
 .text.HAL_PCD_EP_GetRxCount
                0x0800201a       0x2e Drivers\STM32F1xx_HAL_Driver\Src\stm32f1xx_hal_pcd.o
                0x0800201a                HAL_PCD_EP_GetRxCount
 .text.HAL_PCD_EP_Transmit
                0x08002048       0x86 Drivers\STM32F1xx_HAL_Driver\Src\stm32f1xx_hal_pcd.o
                0x08002048                HAL_PCD_EP_Transmit
 .text.HAL_PCD_EP_SetStall
                0x080020ce       0xc0 Drivers\STM32F1xx_HAL_Driver\Src\stm32f1xx_hal_pcd.o
                0x080020ce                HAL_PCD_EP_SetStall
 .text.HAL_PCD_EP_ClrStall
                0x0800218e       0xa8 Drivers\STM32F1xx_HAL_Driver\Src\stm32f1xx_hal_pcd.o
                0x0800218e                HAL_PCD_EP_ClrStall
 .text.PCD_EP_ISR_Handler
                0x08002236      0x600 Drivers\STM32F1xx_HAL_Driver\Src\stm32f1xx_hal_pcd.o
 .text.HAL_PCD_EP_DB_Receive
                0x08002836      0x21a Drivers\STM32F1xx_HAL_Driver\Src\stm32f1xx_hal_pcd.o
 .text.HAL_PCD_EP_DB_Transmit
                0x08002a50      0x7de Drivers\STM32F1xx_HAL_Driver\Src\stm32f1xx_hal_pcd.o
 .text.HAL_PCDEx_PMAConfig
                0x0800322e       0x84 Drivers\STM32F1xx_HAL_Driver\Src\stm32f1xx_hal_pcd_ex.o
                0x0800322e                HAL_PCDEx_PMAConfig
 *fill*         0x080032b2        0x2 
 .text.HAL_RCC_OscConfig
                0x080032b4      0x6e0 Drivers\STM32F1xx_HAL_Driver\Src\stm32f1xx_hal_rcc.o
                0x080032b4                HAL_RCC_OscConfig
 .text.HAL_RCC_ClockConfig
                0x08003994      0x320 Drivers\STM32F1xx_HAL_Driver\Src\stm32f1xx_hal_rcc.o
                0x08003994                HAL_RCC_ClockConfig
 .text.HAL_RCC_GetSysClockFreq
                0x08003cb4       0xc4 Drivers\STM32F1xx_HAL_Driver\Src\stm32f1xx_hal_rcc.o
                0x08003cb4                HAL_RCC_GetSysClockFreq
 .text.HAL_RCC_GetHCLKFreq
                0x08003d78       0x14 Drivers\STM32F1xx_HAL_Driver\Src\stm32f1xx_hal_rcc.o
                0x08003d78                HAL_RCC_GetHCLKFreq
 .text.HAL_RCC_GetPCLK1Freq
                0x08003d8c       0x28 Drivers\STM32F1xx_HAL_Driver\Src\stm32f1xx_hal_rcc.o
                0x08003d8c                HAL_RCC_GetPCLK1Freq
 .text.HAL_RCC_GetPCLK2Freq
                0x08003db4       0x28 Drivers\STM32F1xx_HAL_Driver\Src\stm32f1xx_hal_rcc.o
                0x08003db4                HAL_RCC_GetPCLK2Freq
 .text.HAL_RCC_GetClockConfig
                0x08003ddc       0x84 Drivers\STM32F1xx_HAL_Driver\Src\stm32f1xx_hal_rcc.o
                0x08003ddc                HAL_RCC_GetClockConfig
 .text.RCC_Delay
                0x08003e60       0x3c Drivers\STM32F1xx_HAL_Driver\Src\stm32f1xx_hal_rcc.o
 .text.HAL_RCCEx_PeriphCLKConfig
                0x08003e9c      0x214 Drivers\STM32F1xx_HAL_Driver\Src\stm32f1xx_hal_rcc_ex.o
                0x08003e9c                HAL_RCCEx_PeriphCLKConfig
 .text.HAL_TIM_Base_Init
                0x080040b0      0x154 Drivers\STM32F1xx_HAL_Driver\Src\stm32f1xx_hal_tim.o
                0x080040b0                HAL_TIM_Base_Init
 .text.HAL_TIM_Base_MspInit
                0x08004204       0x12 Drivers\STM32F1xx_HAL_Driver\Src\stm32f1xx_hal_tim.o
                0x08004204                HAL_TIM_Base_MspInit
 *fill*         0x08004216        0x2 
 .text.HAL_TIM_Base_Start_IT
                0x08004218       0xd8 Drivers\STM32F1xx_HAL_Driver\Src\stm32f1xx_hal_tim.o
                0x08004218                HAL_TIM_Base_Start_IT
 .text.HAL_TIM_IRQHandler
                0x080042f0      0x210 Drivers\STM32F1xx_HAL_Driver\Src\stm32f1xx_hal_tim.o
                0x080042f0                HAL_TIM_IRQHandler
 .text.HAL_TIM_OC_DelayElapsedCallback
                0x08004500       0x12 Drivers\STM32F1xx_HAL_Driver\Src\stm32f1xx_hal_tim.o
                0x08004500                HAL_TIM_OC_DelayElapsedCallback
 .text.HAL_TIM_IC_CaptureCallback
                0x08004512       0x12 Drivers\STM32F1xx_HAL_Driver\Src\stm32f1xx_hal_tim.o
                0x08004512                HAL_TIM_IC_CaptureCallback
 .text.HAL_TIM_PWM_PulseFinishedCallback
                0x08004524       0x12 Drivers\STM32F1xx_HAL_Driver\Src\stm32f1xx_hal_tim.o
                0x08004524                HAL_TIM_PWM_PulseFinishedCallback
 .text.HAL_TIM_TriggerCallback
                0x08004536       0x12 Drivers\STM32F1xx_HAL_Driver\Src\stm32f1xx_hal_tim.o
                0x08004536                HAL_TIM_TriggerCallback
 .text.TIM_Base_SetConfig
                0x08004548       0xc4 Drivers\STM32F1xx_HAL_Driver\Src\stm32f1xx_hal_tim.o
                0x08004548                TIM_Base_SetConfig
 .text.HAL_TIMEx_CommutCallback
                0x0800460c       0x12 Drivers\STM32F1xx_HAL_Driver\Src\stm32f1xx_hal_tim_ex.o
                0x0800460c                HAL_TIMEx_CommutCallback
 .text.HAL_TIMEx_BreakCallback
                0x0800461e       0x12 Drivers\STM32F1xx_HAL_Driver\Src\stm32f1xx_hal_tim_ex.o
                0x0800461e                HAL_TIMEx_BreakCallback
 .text.HAL_UART_Init
                0x08004630      0x150 Drivers\STM32F1xx_HAL_Driver\Src\stm32f1xx_hal_uart.o
                0x08004630                HAL_UART_Init
 .text.HAL_UART_Transmit_DMA
                0x08004780       0xd8 Drivers\STM32F1xx_HAL_Driver\Src\stm32f1xx_hal_uart.o
                0x08004780                HAL_UART_Transmit_DMA
 .text.HAL_UARTEx_ReceiveToIdle_DMA
                0x08004858       0x9e Drivers\STM32F1xx_HAL_Driver\Src\stm32f1xx_hal_uart.o
                0x08004858                HAL_UARTEx_ReceiveToIdle_DMA
 *fill*         0x080048f6        0x2 
 .text.HAL_UART_IRQHandler
                0x080048f8      0x358 Drivers\STM32F1xx_HAL_Driver\Src\stm32f1xx_hal_uart.o
                0x080048f8                HAL_UART_IRQHandler
 .text.HAL_UART_TxCpltCallback
                0x08004c50       0x12 Drivers\STM32F1xx_HAL_Driver\Src\stm32f1xx_hal_uart.o
                0x08004c50                HAL_UART_TxCpltCallback
 .text.HAL_UART_TxHalfCpltCallback
                0x08004c62       0x12 Drivers\STM32F1xx_HAL_Driver\Src\stm32f1xx_hal_uart.o
                0x08004c62                HAL_UART_TxHalfCpltCallback
 .text.HAL_UART_RxCpltCallback
                0x08004c74       0x12 Drivers\STM32F1xx_HAL_Driver\Src\stm32f1xx_hal_uart.o
                0x08004c74                HAL_UART_RxCpltCallback
 .text.HAL_UART_RxHalfCpltCallback
                0x08004c86       0x12 Drivers\STM32F1xx_HAL_Driver\Src\stm32f1xx_hal_uart.o
                0x08004c86                HAL_UART_RxHalfCpltCallback
 .text.HAL_UART_ErrorCallback
                0x08004c98       0x12 Drivers\STM32F1xx_HAL_Driver\Src\stm32f1xx_hal_uart.o
                0x08004c98                HAL_UART_ErrorCallback
 .text.UART_DMATransmitCplt
                0x08004caa       0x52 Drivers\STM32F1xx_HAL_Driver\Src\stm32f1xx_hal_uart.o
 .text.UART_DMATxHalfCplt
                0x08004cfc       0x1c Drivers\STM32F1xx_HAL_Driver\Src\stm32f1xx_hal_uart.o
 .text.UART_DMAReceiveCplt
                0x08004d18       0x96 Drivers\STM32F1xx_HAL_Driver\Src\stm32f1xx_hal_uart.o
 .text.UART_DMARxHalfCplt
                0x08004dae       0x36 Drivers\STM32F1xx_HAL_Driver\Src\stm32f1xx_hal_uart.o
 .text.UART_DMAError
                0x08004de4       0x94 Drivers\STM32F1xx_HAL_Driver\Src\stm32f1xx_hal_uart.o
 .text.UART_Start_Receive_DMA
                0x08004e78       0xc8 Drivers\STM32F1xx_HAL_Driver\Src\stm32f1xx_hal_uart.o
                0x08004e78                UART_Start_Receive_DMA
 .text.UART_EndTxTransfer
                0x08004f40       0x2a Drivers\STM32F1xx_HAL_Driver\Src\stm32f1xx_hal_uart.o
 .text.UART_EndRxTransfer
                0x08004f6a       0x58 Drivers\STM32F1xx_HAL_Driver\Src\stm32f1xx_hal_uart.o
 .text.UART_DMAAbortOnError
                0x08004fc2       0x28 Drivers\STM32F1xx_HAL_Driver\Src\stm32f1xx_hal_uart.o
 .text.UART_Transmit_IT
                0x08004fea       0x9c Drivers\STM32F1xx_HAL_Driver\Src\stm32f1xx_hal_uart.o
 .text.UART_EndTransmit_IT
                0x08005086       0x30 Drivers\STM32F1xx_HAL_Driver\Src\stm32f1xx_hal_uart.o
 .text.UART_Receive_IT
                0x080050b6      0x152 Drivers\STM32F1xx_HAL_Driver\Src\stm32f1xx_hal_uart.o
 .text.UART_SetConfig
                0x08005208      0x19c Drivers\STM32F1xx_HAL_Driver\Src\stm32f1xx_hal_uart.o
 .text.USB_CoreInit
                0x080053a4       0x20 Drivers\STM32F1xx_HAL_Driver\Src\stm32f1xx_ll_usb.o
                0x080053a4                USB_CoreInit
 .text.USB_EnableGlobalInt
                0x080053c4       0x2c Drivers\STM32F1xx_HAL_Driver\Src\stm32f1xx_ll_usb.o
                0x080053c4                USB_EnableGlobalInt
 .text.USB_DisableGlobalInt
                0x080053f0       0x34 Drivers\STM32F1xx_HAL_Driver\Src\stm32f1xx_ll_usb.o
                0x080053f0                USB_DisableGlobalInt
 .text.USB_SetCurrentMode
                0x08005424       0x18 Drivers\STM32F1xx_HAL_Driver\Src\stm32f1xx_ll_usb.o
                0x08005424                USB_SetCurrentMode
 .text.USB_DevInit
                0x0800543c       0x40 Drivers\STM32F1xx_HAL_Driver\Src\stm32f1xx_ll_usb.o
                0x0800543c                USB_DevInit
 .text.USB_ActivateEndpoint
                0x0800547c      0x6c8 Drivers\STM32F1xx_HAL_Driver\Src\stm32f1xx_ll_usb.o
                0x0800547c                USB_ActivateEndpoint
 .text.USB_DeactivateEndpoint
                0x08005b44      0x3d8 Drivers\STM32F1xx_HAL_Driver\Src\stm32f1xx_ll_usb.o
                0x08005b44                USB_DeactivateEndpoint
 .text.USB_EPStartXfer
                0x08005f1c     0x160e Drivers\STM32F1xx_HAL_Driver\Src\stm32f1xx_ll_usb.o
                0x08005f1c                USB_EPStartXfer
 .text.USB_EPSetStall
                0x0800752a       0xa0 Drivers\STM32F1xx_HAL_Driver\Src\stm32f1xx_ll_usb.o
                0x0800752a                USB_EPSetStall
 .text.USB_EPClearStall
                0x080075ca      0x15a Drivers\STM32F1xx_HAL_Driver\Src\stm32f1xx_ll_usb.o
                0x080075ca                USB_EPClearStall
 .text.USB_SetDevAddress
                0x08007724       0x26 Drivers\STM32F1xx_HAL_Driver\Src\stm32f1xx_ll_usb.o
                0x08007724                USB_SetDevAddress
 .text.USB_DevConnect
                0x0800774a       0x14 Drivers\STM32F1xx_HAL_Driver\Src\stm32f1xx_ll_usb.o
                0x0800774a                USB_DevConnect
 .text.USB_DevDisconnect
                0x0800775e       0x14 Drivers\STM32F1xx_HAL_Driver\Src\stm32f1xx_ll_usb.o
                0x0800775e                USB_DevDisconnect
 .text.USB_ReadInterrupts
                0x08007772       0x1e Drivers\STM32F1xx_HAL_Driver\Src\stm32f1xx_ll_usb.o
                0x08007772                USB_ReadInterrupts
 .text.USB_EP0_OutStart
                0x08007790       0x16 Drivers\STM32F1xx_HAL_Driver\Src\stm32f1xx_ll_usb.o
                0x08007790                USB_EP0_OutStart
 .text.USB_WritePMA
                0x080077a6       0x88 Drivers\STM32F1xx_HAL_Driver\Src\stm32f1xx_ll_usb.o
                0x080077a6                USB_WritePMA
 .text.USB_ReadPMA
                0x0800782e       0x9e Drivers\STM32F1xx_HAL_Driver\Src\stm32f1xx_ll_usb.o
                0x0800782e                USB_ReadPMA
 .text.USBD_CDC_Init
                0x080078cc       0xf4 Middlewares\ST\STM32_USB_Device_Library\Class\CDC\Src\usbd_cdc.o
 .text.USBD_CDC_DeInit
                0x080079c0       0x6e Middlewares\ST\STM32_USB_Device_Library\Class\CDC\Src\usbd_cdc.o
 .text.USBD_CDC_Setup
                0x08007a2e      0x140 Middlewares\ST\STM32_USB_Device_Library\Class\CDC\Src\usbd_cdc.o
 .text.USBD_CDC_DataIn
                0x08007b6e       0xa6 Middlewares\ST\STM32_USB_Device_Library\Class\CDC\Src\usbd_cdc.o
 .text.USBD_CDC_DataOut
                0x08007c14       0x56 Middlewares\ST\STM32_USB_Device_Library\Class\CDC\Src\usbd_cdc.o
 .text.USBD_CDC_EP0_RxReady
                0x08007c6a       0x50 Middlewares\ST\STM32_USB_Device_Library\Class\CDC\Src\usbd_cdc.o
 *fill*         0x08007cba        0x2 
 .text.USBD_CDC_GetFSCfgDesc
                0x08007cbc       0x20 Middlewares\ST\STM32_USB_Device_Library\Class\CDC\Src\usbd_cdc.o
 .text.USBD_CDC_GetHSCfgDesc
                0x08007cdc       0x20 Middlewares\ST\STM32_USB_Device_Library\Class\CDC\Src\usbd_cdc.o
 .text.USBD_CDC_GetOtherSpeedCfgDesc
                0x08007cfc       0x20 Middlewares\ST\STM32_USB_Device_Library\Class\CDC\Src\usbd_cdc.o
 .text.USBD_CDC_GetDeviceQualifierDescriptor
                0x08007d1c       0x20 Middlewares\ST\STM32_USB_Device_Library\Class\CDC\Src\usbd_cdc.o
                0x08007d1c                USBD_CDC_GetDeviceQualifierDescriptor
 .text.USBD_CDC_RegisterInterface
                0x08007d3c       0x2c Middlewares\ST\STM32_USB_Device_Library\Class\CDC\Src\usbd_cdc.o
                0x08007d3c                USBD_CDC_RegisterInterface
 .text.USBD_CDC_SetTxBuffer
                0x08007d68       0x32 Middlewares\ST\STM32_USB_Device_Library\Class\CDC\Src\usbd_cdc.o
                0x08007d68                USBD_CDC_SetTxBuffer
 .text.USBD_CDC_SetRxBuffer
                0x08007d9a       0x26 Middlewares\ST\STM32_USB_Device_Library\Class\CDC\Src\usbd_cdc.o
                0x08007d9a                USBD_CDC_SetRxBuffer
 .text.USBD_CDC_TransmitPacket
                0x08007dc0       0x5e Middlewares\ST\STM32_USB_Device_Library\Class\CDC\Src\usbd_cdc.o
                0x08007dc0                USBD_CDC_TransmitPacket
 .text.USBD_CDC_ReceivePacket
                0x08007e1e       0x54 Middlewares\ST\STM32_USB_Device_Library\Class\CDC\Src\usbd_cdc.o
                0x08007e1e                USBD_CDC_ReceivePacket
 .text.USBD_Init
                0x08007e72       0x56 Middlewares\ST\STM32_USB_Device_Library\Core\Src\usbd_core.o
                0x08007e72                USBD_Init
 .text.USBD_RegisterClass
                0x08007ec8       0x32 Middlewares\ST\STM32_USB_Device_Library\Core\Src\usbd_core.o
                0x08007ec8                USBD_RegisterClass
 .text.USBD_Start
                0x08007efa       0x18 Middlewares\ST\STM32_USB_Device_Library\Core\Src\usbd_core.o
                0x08007efa                USBD_Start
 .text.USBD_RunTestMode
                0x08007f12       0x14 Middlewares\ST\STM32_USB_Device_Library\Core\Src\usbd_core.o
                0x08007f12                USBD_RunTestMode
 .text.USBD_SetClassConfig
                0x08007f26       0x3e Middlewares\ST\STM32_USB_Device_Library\Core\Src\usbd_core.o
                0x08007f26                USBD_SetClassConfig
 .text.USBD_ClrClassConfig
                0x08007f64       0x26 Middlewares\ST\STM32_USB_Device_Library\Core\Src\usbd_core.o
                0x08007f64                USBD_ClrClassConfig
 .text.USBD_LL_SetupStage
                0x08007f8a       0x96 Middlewares\ST\STM32_USB_Device_Library\Core\Src\usbd_core.o
                0x08007f8a                USBD_LL_SetupStage
 .text.USBD_LL_DataOutStage
                0x08008020       0xe2 Middlewares\ST\STM32_USB_Device_Library\Core\Src\usbd_core.o
                0x08008020                USBD_LL_DataOutStage
 .text.USBD_LL_DataInStage
                0x08008102      0x14a Middlewares\ST\STM32_USB_Device_Library\Core\Src\usbd_core.o
                0x08008102                USBD_LL_DataInStage
 .text.USBD_LL_Reset
                0x0800824c       0x82 Middlewares\ST\STM32_USB_Device_Library\Core\Src\usbd_core.o
                0x0800824c                USBD_LL_Reset
 .text.USBD_LL_SetSpeed
                0x080082ce       0x1e Middlewares\ST\STM32_USB_Device_Library\Core\Src\usbd_core.o
                0x080082ce                USBD_LL_SetSpeed
 .text.USBD_LL_Suspend
                0x080082ec       0x28 Middlewares\ST\STM32_USB_Device_Library\Core\Src\usbd_core.o
                0x080082ec                USBD_LL_Suspend
 .text.USBD_LL_Resume
                0x08008314       0x2a Middlewares\ST\STM32_USB_Device_Library\Core\Src\usbd_core.o
                0x08008314                USBD_LL_Resume
 .text.USBD_LL_SOF
                0x0800833e       0x34 Middlewares\ST\STM32_USB_Device_Library\Core\Src\usbd_core.o
                0x0800833e                USBD_LL_SOF
 *fill*         0x08008372        0x2 
 .text.USBD_StdDevReq
                0x08008374       0xd4 Middlewares\ST\STM32_USB_Device_Library\Core\Src\usbd_ctlreq.o
                0x08008374                USBD_StdDevReq
 .text.USBD_StdItfReq
                0x08008448       0x8c Middlewares\ST\STM32_USB_Device_Library\Core\Src\usbd_ctlreq.o
                0x08008448                USBD_StdItfReq
 .text.USBD_StdEPReq
                0x080084d4      0x2ba Middlewares\ST\STM32_USB_Device_Library\Core\Src\usbd_ctlreq.o
                0x080084d4                USBD_StdEPReq
 *fill*         0x0800878e        0x2 
 .text.USBD_GetDescriptor
                0x08008790      0x2d0 Middlewares\ST\STM32_USB_Device_Library\Core\Src\usbd_ctlreq.o
 .text.USBD_SetAddress
                0x08008a60       0x84 Middlewares\ST\STM32_USB_Device_Library\Core\Src\usbd_ctlreq.o
 .text.USBD_SetConfig
                0x08008ae4      0x11c Middlewares\ST\STM32_USB_Device_Library\Core\Src\usbd_ctlreq.o
 .text.USBD_GetConfig
                0x08008c00       0x68 Middlewares\ST\STM32_USB_Device_Library\Core\Src\usbd_ctlreq.o
 .text.USBD_GetStatus
                0x08008c68       0x66 Middlewares\ST\STM32_USB_Device_Library\Core\Src\usbd_ctlreq.o
 .text.USBD_SetFeature
                0x08008cce       0x28 Middlewares\ST\STM32_USB_Device_Library\Core\Src\usbd_ctlreq.o
 .text.USBD_ClrFeature
                0x08008cf6       0x42 Middlewares\ST\STM32_USB_Device_Library\Core\Src\usbd_ctlreq.o
 .text.USBD_ParseSetupRequest
                0x08008d38       0x78 Middlewares\ST\STM32_USB_Device_Library\Core\Src\usbd_ctlreq.o
                0x08008d38                USBD_ParseSetupRequest
 .text.USBD_CtlError
                0x08008db0       0x22 Middlewares\ST\STM32_USB_Device_Library\Core\Src\usbd_ctlreq.o
                0x08008db0                USBD_CtlError
 .text.USBD_GetString
                0x08008dd2       0x84 Middlewares\ST\STM32_USB_Device_Library\Core\Src\usbd_ctlreq.o
                0x08008dd2                USBD_GetString
 .text.USBD_GetLen
                0x08008e56       0x2e Middlewares\ST\STM32_USB_Device_Library\Core\Src\usbd_ctlreq.o
 .text.USBD_CtlSendData
                0x08008e84       0x38 Middlewares\ST\STM32_USB_Device_Library\Core\Src\usbd_ioreq.o
                0x08008e84                USBD_CtlSendData
 .text.USBD_CtlContinueSendData
                0x08008ebc       0x24 Middlewares\ST\STM32_USB_Device_Library\Core\Src\usbd_ioreq.o
                0x08008ebc                USBD_CtlContinueSendData
 .text.USBD_CtlPrepareRx
                0x08008ee0       0x3c Middlewares\ST\STM32_USB_Device_Library\Core\Src\usbd_ioreq.o
                0x08008ee0                USBD_CtlPrepareRx
 .text.USBD_CtlContinueRx
                0x08008f1c       0x24 Middlewares\ST\STM32_USB_Device_Library\Core\Src\usbd_ioreq.o
                0x08008f1c                USBD_CtlContinueRx
 .text.USBD_CtlSendStatus
                0x08008f40       0x26 Middlewares\ST\STM32_USB_Device_Library\Core\Src\usbd_ioreq.o
                0x08008f40                USBD_CtlSendStatus
 .text.USBD_CtlReceiveStatus
                0x08008f66       0x26 Middlewares\ST\STM32_USB_Device_Library\Core\Src\usbd_ioreq.o
                0x08008f66                USBD_CtlReceiveStatus
 .text.makeFreeRtosPriority
                0x08008f8c       0x2e Middlewares\Third_Party\FreeRTOS\Source\CMSIS_RTOS\cmsis_os.o
 .text.osKernelStart
                0x08008fba        0xe Middlewares\Third_Party\FreeRTOS\Source\CMSIS_RTOS\cmsis_os.o
                0x08008fba                osKernelStart
 .text.osThreadCreate
                0x08008fc8       0x98 Middlewares\Third_Party\FreeRTOS\Source\CMSIS_RTOS\cmsis_os.o
                0x08008fc8                osThreadCreate
 .text.osDelay  0x08009060       0x28 Middlewares\Third_Party\FreeRTOS\Source\CMSIS_RTOS\cmsis_os.o
                0x08009060                osDelay
 .text.vListInitialise
                0x08009088       0x3e Middlewares\Third_Party\FreeRTOS\Source\list.o
                0x08009088                vListInitialise
 .text.vListInitialiseItem
                0x080090c6       0x18 Middlewares\Third_Party\FreeRTOS\Source\list.o
                0x080090c6                vListInitialiseItem
 .text.vListInsertEnd
                0x080090de       0x46 Middlewares\Third_Party\FreeRTOS\Source\list.o
                0x080090de                vListInsertEnd
 .text.vListInsert
                0x08009124       0x70 Middlewares\Third_Party\FreeRTOS\Source\list.o
                0x08009124                vListInsert
 .text.uxListRemove
                0x08009194       0x52 Middlewares\Third_Party\FreeRTOS\Source\list.o
                0x08009194                uxListRemove
 *fill*         0x080091e6        0x2 
 .text.pxPortInitialiseStack
                0x080091e8       0x58 Middlewares\Third_Party\FreeRTOS\Source\portable\GCC\ARM_CM3\port.o
                0x080091e8                pxPortInitialiseStack
 .text.prvTaskExitError
                0x08009240       0x50 Middlewares\Third_Party\FreeRTOS\Source\portable\GCC\ARM_CM3\port.o
 .text.SVC_Handler
                0x08009290       0x28 Middlewares\Third_Party\FreeRTOS\Source\portable\GCC\ARM_CM3\port.o
                0x08009290                SVC_Handler
 .text.prvPortStartFirstTask
                0x080092b8       0x20 Middlewares\Third_Party\FreeRTOS\Source\portable\GCC\ARM_CM3\port.o
 .text.xPortStartScheduler
                0x080092d8       0xe0 Middlewares\Third_Party\FreeRTOS\Source\portable\GCC\ARM_CM3\port.o
                0x080092d8                xPortStartScheduler
 .text.vPortEnterCritical
                0x080093b8       0x5c Middlewares\Third_Party\FreeRTOS\Source\portable\GCC\ARM_CM3\port.o
                0x080093b8                vPortEnterCritical
 .text.vPortExitCritical
                0x08009414       0x4c Middlewares\Third_Party\FreeRTOS\Source\portable\GCC\ARM_CM3\port.o
                0x08009414                vPortExitCritical
 .text.PendSV_Handler
                0x08009460       0x48 Middlewares\Third_Party\FreeRTOS\Source\portable\GCC\ARM_CM3\port.o
                0x08009460                PendSV_Handler
 .text.SysTick_Handler
                0x080094a8       0x40 Middlewares\Third_Party\FreeRTOS\Source\portable\GCC\ARM_CM3\port.o
                0x080094a8                SysTick_Handler
 .text.vPortSetupTimerInterrupt
                0x080094e8       0x44 Middlewares\Third_Party\FreeRTOS\Source\portable\GCC\ARM_CM3\port.o
                0x080094e8                vPortSetupTimerInterrupt
 .text.pvPortMalloc
                0x0800952c      0x184 Middlewares\Third_Party\FreeRTOS\Source\portable\MemMang\heap_4.o
                0x0800952c                pvPortMalloc
 .text.vPortFree
                0x080096b0       0xb0 Middlewares\Third_Party\FreeRTOS\Source\portable\MemMang\heap_4.o
                0x080096b0                vPortFree
 .text.prvHeapInit
                0x08009760       0xc4 Middlewares\Third_Party\FreeRTOS\Source\portable\MemMang\heap_4.o
 .text.prvInsertBlockIntoFreeList
                0x08009824       0xb0 Middlewares\Third_Party\FreeRTOS\Source\portable\MemMang\heap_4.o
 .text.xTaskCreateStatic
                0x080098d4       0xb2 Middlewares\Third_Party\FreeRTOS\Source\tasks.o
                0x080098d4                xTaskCreateStatic
 .text.xTaskCreate
                0x08009986       0x8a Middlewares\Third_Party\FreeRTOS\Source\tasks.o
                0x08009986                xTaskCreate
 .text.prvInitialiseNewTask
                0x08009a10       0xfc Middlewares\Third_Party\FreeRTOS\Source\tasks.o
 .text.prvAddNewTaskToReadyList
                0x08009b0c       0xd4 Middlewares\Third_Party\FreeRTOS\Source\tasks.o
 .text.vTaskDelay
                0x08009be0       0x68 Middlewares\Third_Party\FreeRTOS\Source\tasks.o
                0x08009be0                vTaskDelay
 .text.vTaskStartScheduler
                0x08009c48       0xbc Middlewares\Third_Party\FreeRTOS\Source\tasks.o
                0x08009c48                vTaskStartScheduler
 .text.vTaskSuspendAll
                0x08009d04       0x1c Middlewares\Third_Party\FreeRTOS\Source\tasks.o
                0x08009d04                vTaskSuspendAll
 .text.xTaskResumeAll
                0x08009d20      0x138 Middlewares\Third_Party\FreeRTOS\Source\tasks.o
                0x08009d20                xTaskResumeAll
 .text.xTaskIncrementTick
                0x08009e58      0x178 Middlewares\Third_Party\FreeRTOS\Source\tasks.o
                0x08009e58                xTaskIncrementTick
 .text.vTaskSwitchContext
                0x08009fd0       0xb4 Middlewares\Third_Party\FreeRTOS\Source\tasks.o
                0x08009fd0                vTaskSwitchContext
 .text.prvIdleTask
                0x0800a084       0x30 Middlewares\Third_Party\FreeRTOS\Source\tasks.o
 .text.prvInitialiseTaskLists
                0x0800a0b4       0x80 Middlewares\Third_Party\FreeRTOS\Source\tasks.o
 .text.prvCheckTasksWaitingTermination
                0x0800a134       0x58 Middlewares\Third_Party\FreeRTOS\Source\tasks.o
 .text.prvDeleteTCB
                0x0800a18c       0x5c Middlewares\Third_Party\FreeRTOS\Source\tasks.o
 .text.prvResetNextTaskUnblockTime
                0x0800a1e8       0x48 Middlewares\Third_Party\FreeRTOS\Source\tasks.o
 .text.prvAddCurrentTaskToDelayedList
                0x0800a230       0xcc Middlewares\Third_Party\FreeRTOS\Source\tasks.o
 .text.MX_USB_DEVICE_Init
                0x0800a2fc       0x60 USB_DEVICE\App\usb_device.o
                0x0800a2fc                MX_USB_DEVICE_Init
 .text.CDC_Init_FS
                0x0800a35c       0x28 USB_DEVICE\App\usbd_cdc_if.o
 .text.CDC_DeInit_FS
                0x0800a384        0xe USB_DEVICE\App\usbd_cdc_if.o
 *fill*         0x0800a392        0x2 
 .text.CDC_Control_FS
                0x0800a394       0xbc USB_DEVICE\App\usbd_cdc_if.o
 .text.CDC_Receive_FS
                0x0800a450       0x7c USB_DEVICE\App\usbd_cdc_if.o
 .text.CDC_Transmit_FS
                0x0800a4cc       0x4c USB_DEVICE\App\usbd_cdc_if.o
                0x0800a4cc                CDC_Transmit_FS
 .text.USBD_FS_DeviceDescriptor
                0x0800a518       0x24 USB_DEVICE\App\usbd_desc.o
                0x0800a518                USBD_FS_DeviceDescriptor
 .text.USBD_FS_LangIDStrDescriptor
                0x0800a53c       0x24 USB_DEVICE\App\usbd_desc.o
                0x0800a53c                USBD_FS_LangIDStrDescriptor
 .text.USBD_FS_ProductStrDescriptor
                0x0800a560       0x3c USB_DEVICE\App\usbd_desc.o
                0x0800a560                USBD_FS_ProductStrDescriptor
 .text.USBD_FS_ManufacturerStrDescriptor
                0x0800a59c       0x28 USB_DEVICE\App\usbd_desc.o
                0x0800a59c                USBD_FS_ManufacturerStrDescriptor
 .text.USBD_FS_SerialStrDescriptor
                0x0800a5c4       0x24 USB_DEVICE\App\usbd_desc.o
                0x0800a5c4                USBD_FS_SerialStrDescriptor
 .text.USBD_FS_ConfigStrDescriptor
                0x0800a5e8       0x3c USB_DEVICE\App\usbd_desc.o
                0x0800a5e8                USBD_FS_ConfigStrDescriptor
 .text.USBD_FS_InterfaceStrDescriptor
                0x0800a624       0x3c USB_DEVICE\App\usbd_desc.o
                0x0800a624                USBD_FS_InterfaceStrDescriptor
 .text.Get_SerialNum
                0x0800a660       0x58 USB_DEVICE\App\usbd_desc.o
 .text.IntToUnicode
                0x0800a6b8       0x7a USB_DEVICE\App\usbd_desc.o
 *fill*         0x0800a732        0x2 
 .text.HAL_PCD_MspInit
                0x0800a734       0x4c USB_DEVICE\Target\usbd_conf.o
                0x0800a734                HAL_PCD_MspInit
 .text.HAL_PCD_SetupStageCallback
                0x0800a780       0x24 USB_DEVICE\Target\usbd_conf.o
                0x0800a780                HAL_PCD_SetupStageCallback
 .text.HAL_PCD_DataOutStageCallback
                0x0800a7a4       0x36 USB_DEVICE\Target\usbd_conf.o
                0x0800a7a4                HAL_PCD_DataOutStageCallback
 .text.HAL_PCD_DataInStageCallback
                0x0800a7da       0x34 USB_DEVICE\Target\usbd_conf.o
                0x0800a7da                HAL_PCD_DataInStageCallback
 .text.HAL_PCD_SOFCallback
                0x0800a80e       0x1c USB_DEVICE\Target\usbd_conf.o
                0x0800a80e                HAL_PCD_SOFCallback
 .text.HAL_PCD_ResetCallback
                0x0800a82a       0x3c USB_DEVICE\Target\usbd_conf.o
                0x0800a82a                HAL_PCD_ResetCallback
 *fill*         0x0800a866        0x2 
 .text.HAL_PCD_SuspendCallback
                0x0800a868       0x34 USB_DEVICE\Target\usbd_conf.o
                0x0800a868                HAL_PCD_SuspendCallback
 .text.HAL_PCD_ResumeCallback
                0x0800a89c       0x1c USB_DEVICE\Target\usbd_conf.o
                0x0800a89c                HAL_PCD_ResumeCallback
 .text.USBD_LL_Init
                0x0800a8b8       0xb4 USB_DEVICE\Target\usbd_conf.o
                0x0800a8b8                USBD_LL_Init
 .text.USBD_LL_Start
                0x0800a96c       0x36 USB_DEVICE\Target\usbd_conf.o
                0x0800a96c                USBD_LL_Start
 .text.USBD_LL_OpenEP
                0x0800a9a2       0x4c USB_DEVICE\Target\usbd_conf.o
                0x0800a9a2                USBD_LL_OpenEP
 .text.USBD_LL_CloseEP
                0x0800a9ee       0x3e USB_DEVICE\Target\usbd_conf.o
                0x0800a9ee                USBD_LL_CloseEP
 .text.USBD_LL_StallEP
                0x0800aa2c       0x3e USB_DEVICE\Target\usbd_conf.o
                0x0800aa2c                USBD_LL_StallEP
 .text.USBD_LL_ClearStallEP
                0x0800aa6a       0x3e USB_DEVICE\Target\usbd_conf.o
                0x0800aa6a                USBD_LL_ClearStallEP
 .text.USBD_LL_IsStallEP
                0x0800aaa8       0x58 USB_DEVICE\Target\usbd_conf.o
                0x0800aaa8                USBD_LL_IsStallEP
 .text.USBD_LL_SetUSBAddress
                0x0800ab00       0x3e USB_DEVICE\Target\usbd_conf.o
                0x0800ab00                USBD_LL_SetUSBAddress
 .text.USBD_LL_Transmit
                0x0800ab3e       0x46 USB_DEVICE\Target\usbd_conf.o
                0x0800ab3e                USBD_LL_Transmit
 .text.USBD_LL_PrepareReceive
                0x0800ab84       0x46 USB_DEVICE\Target\usbd_conf.o
                0x0800ab84                USBD_LL_PrepareReceive
 .text.USBD_LL_GetRxDataSize
                0x0800abca       0x26 USB_DEVICE\Target\usbd_conf.o
                0x0800abca                USBD_LL_GetRxDataSize
 .text.USBD_static_malloc
                0x0800abf0       0x18 USB_DEVICE\Target\usbd_conf.o
                0x0800abf0                USBD_static_malloc
 .text.USBD_static_free
                0x0800ac08       0x12 USB_DEVICE\Target\usbd_conf.o
                0x0800ac08                USBD_static_free
 .text.HAL_PCDEx_SetConnectionState
                0x0800ac1a       0x16 USB_DEVICE\Target\usbd_conf.o
                0x0800ac1a                HAL_PCDEx_SetConnectionState
 .text.USBD_Get_USB_Status
                0x0800ac30       0x58 USB_DEVICE\Target\usbd_conf.o
 .text.ReadComand
                0x0800ac88       0x38 USER\MesageUSB.o
                0x0800ac88                ReadComand
 .text.Print_GSM
                0x0800acc0       0x12 USER\MesageUSB.o
                0x0800acc0                Print_GSM
 *fill*         0x0800acd2        0x2 
 .text.SendToUSB
                0x0800acd4       0x44 USER\MesageUSB.o
                0x0800acd4                SendToUSB
 .text.HAL_UARTEx_RxEventCallback
                0x0800ad18      0x114 USER\MesageUSB.o
                0x0800ad18                HAL_UARTEx_RxEventCallback
 .text.ReadUart
                0x0800ae2c       0x20 USER\MesageUSB.o
                0x0800ae2c                ReadUart
 .text.ATcomand
                0x0800ae4c      0x300 USER\SIM808\Sim808.o
                0x0800ae4c                ATcomand
 .text.Reset_Handler
                0x0800b14c       0x48 startup\startup_stm32f103xb.o
                0x0800b14c                Reset_Handler
 .text.Default_Handler
                0x0800b194        0x2 startup\startup_stm32f103xb.o
                0x0800b194                RTC_Alarm_IRQHandler
                0x0800b194                EXTI2_IRQHandler
                0x0800b194                TIM1_CC_IRQHandler
                0x0800b194                PVD_IRQHandler
                0x0800b194                EXTI3_IRQHandler
                0x0800b194                EXTI0_IRQHandler
                0x0800b194                I2C2_EV_IRQHandler
                0x0800b194                ADC1_2_IRQHandler
                0x0800b194                SPI1_IRQHandler
                0x0800b194                TAMPER_IRQHandler
                0x0800b194                USART3_IRQHandler
                0x0800b194                RTC_IRQHandler
                0x0800b194                CAN1_RX1_IRQHandler
                0x0800b194                TIM4_IRQHandler
                0x0800b194                I2C1_EV_IRQHandler
                0x0800b194                TIM3_IRQHandler
                0x0800b194                RCC_IRQHandler
                0x0800b194                TIM1_TRG_COM_IRQHandler
                0x0800b194                DMA1_Channel1_IRQHandler
                0x0800b194                Default_Handler
                0x0800b194                EXTI15_10_IRQHandler
                0x0800b194                EXTI9_5_IRQHandler
                0x0800b194                SPI2_IRQHandler
                0x0800b194                EXTI4_IRQHandler
                0x0800b194                USB_HP_CAN1_TX_IRQHandler
                0x0800b194                DMA1_Channel3_IRQHandler
                0x0800b194                WWDG_IRQHandler
                0x0800b194                TIM2_IRQHandler
                0x0800b194                TIM1_BRK_IRQHandler
                0x0800b194                EXTI1_IRQHandler
                0x0800b194                I2C2_ER_IRQHandler
                0x0800b194                DMA1_Channel2_IRQHandler
                0x0800b194                CAN1_SCE_IRQHandler
                0x0800b194                FLASH_IRQHandler
                0x0800b194                I2C1_ER_IRQHandler
                0x0800b194                USBWakeUp_IRQHandler
 *fill*         0x0800b196        0x2 
 .text.__libc_init_array
                0x0800b198       0x48 c:/program files (x86)/atollic/truestudio for stm32 9.3.0/armtools/bin/../lib/gcc/arm-atollic-eabi/6.3.1/../../../../arm-atollic-eabi/lib/armv7-m\libc_nano.a(lib_a-init.o)
                0x0800b198                __libc_init_array
 .text.memset   0x0800b1e0       0x10 c:/program files (x86)/atollic/truestudio for stm32 9.3.0/armtools/bin/../lib/gcc/arm-atollic-eabi/6.3.1/../../../../arm-atollic-eabi/lib/armv7-m\libc_nano.a(lib_a-memset.o)
                0x0800b1e0                memset
 *(.glue_7)
 .glue_7        0x0800b1f0        0x0 linker stubs
 *(.glue_7t)
 .glue_7t       0x0800b1f0        0x0 linker stubs
 *(.eh_frame)
 .eh_frame      0x0800b1f0        0x0 c:/program files (x86)/atollic/truestudio for stm32 9.3.0/armtools/bin/../lib/gcc/arm-atollic-eabi/6.3.1/armv7-m/crtbegin.o
 *(.init)
 .init          0x0800b1f0        0x4 c:/program files (x86)/atollic/truestudio for stm32 9.3.0/armtools/bin/../lib/gcc/arm-atollic-eabi/6.3.1/armv7-m/crti.o
                0x0800b1f0                _init
 .init          0x0800b1f4        0x8 c:/program files (x86)/atollic/truestudio for stm32 9.3.0/armtools/bin/../lib/gcc/arm-atollic-eabi/6.3.1/armv7-m/crtn.o
 *(.fini)
 .fini          0x0800b1fc        0x4 c:/program files (x86)/atollic/truestudio for stm32 9.3.0/armtools/bin/../lib/gcc/arm-atollic-eabi/6.3.1/armv7-m/crti.o
                0x0800b1fc                _fini
 .fini          0x0800b200        0x8 c:/program files (x86)/atollic/truestudio for stm32 9.3.0/armtools/bin/../lib/gcc/arm-atollic-eabi/6.3.1/armv7-m/crtn.o
                0x0800b208                . = ALIGN (0x4)
                0x0800b208                _etext = .

.vfp11_veneer   0x0800b208        0x0
 .vfp11_veneer  0x0800b208        0x0 linker stubs

.v4_bx          0x0800b208        0x0
 .v4_bx         0x0800b208        0x0 linker stubs

.iplt           0x0800b208        0x0
 .iplt          0x0800b208        0x0 c:/program files (x86)/atollic/truestudio for stm32 9.3.0/armtools/bin/../lib/gcc/arm-atollic-eabi/6.3.1/armv7-m/crtbegin.o

.rodata         0x0800b208      0x3a0
                0x0800b208                . = ALIGN (0x4)
 *(.rodata)
 .rodata        0x0800b208       0x8c Core\Src\freertos.o
 .rodata        0x0800b294       0x3b Drivers\STM32F1xx_HAL_Driver\Src\stm32f1xx_hal_cortex.o
 *fill*         0x0800b2cf        0x1 
 .rodata        0x0800b2d0       0x38 Drivers\STM32F1xx_HAL_Driver\Src\stm32f1xx_hal_dma.o
 .rodata        0x0800b308       0x39 Drivers\STM32F1xx_HAL_Driver\Src\stm32f1xx_hal_gpio.o
 *fill*         0x0800b341        0x3 
 .rodata        0x0800b344       0x38 Drivers\STM32F1xx_HAL_Driver\Src\stm32f1xx_hal_pcd.o
 .rodata        0x0800b37c       0x4a Drivers\STM32F1xx_HAL_Driver\Src\stm32f1xx_hal_rcc.o
 *fill*         0x0800b3c6        0x2 
 .rodata        0x0800b3c8       0x4e Drivers\STM32F1xx_HAL_Driver\Src\stm32f1xx_hal_rcc_ex.o
 *fill*         0x0800b416        0x2 
 .rodata        0x0800b418       0x38 Drivers\STM32F1xx_HAL_Driver\Src\stm32f1xx_hal_tim.o
 .rodata        0x0800b450       0x39 Drivers\STM32F1xx_HAL_Driver\Src\stm32f1xx_hal_uart.o
 *fill*         0x0800b489        0x3 
 .rodata        0x0800b48c        0x5 Middlewares\Third_Party\FreeRTOS\Source\tasks.o
 *fill*         0x0800b491        0x3 
 .rodata        0x0800b494       0x36 USB_DEVICE\App\usbd_desc.o
 *fill*         0x0800b4ca        0x2 
 .rodata        0x0800b4cc       0xc4 USER\SIM808\Sim808.o
 *(.rodata*)
 .rodata.AHBPrescTable
                0x0800b590       0x10 Core\Src\system_stm32f1xx.o
                0x0800b590                AHBPrescTable
 .rodata.APBPrescTable
                0x0800b5a0        0x8 Core\Src\system_stm32f1xx.o
                0x0800b5a0                APBPrescTable
                0x0800b5a8                . = ALIGN (0x4)

.rel.dyn        0x0800b5a8        0x0
 .rel.iplt      0x0800b5a8        0x0 c:/program files (x86)/atollic/truestudio for stm32 9.3.0/armtools/bin/../lib/gcc/arm-atollic-eabi/6.3.1/armv7-m/crtbegin.o

.ARM.extab
 *(.ARM.extab* .gnu.linkonce.armextab.*)

.ARM            0x0800b5a8        0x0
                0x0800b5a8                __exidx_start = .
 *(.ARM.exidx*)
                0x0800b5a8                __exidx_end = .

.preinit_array  0x0800b5a8        0x0
                0x0800b5a8                PROVIDE (__preinit_array_start, .)
 *(.preinit_array*)
                0x0800b5a8                PROVIDE (__preinit_array_end, .)

.init_array     0x0800b5a8        0x4
                0x0800b5a8                PROVIDE (__init_array_start, .)
 *(SORT(.init_array.*))
 *(.init_array*)
 .init_array    0x0800b5a8        0x4 c:/program files (x86)/atollic/truestudio for stm32 9.3.0/armtools/bin/../lib/gcc/arm-atollic-eabi/6.3.1/armv7-m/crtbegin.o
                0x0800b5ac                PROVIDE (__init_array_end, .)

.fini_array     0x0800b5ac        0x4
                [!provide]                PROVIDE (__fini_array_start, .)
 *(SORT(.fini_array.*))
 *(.fini_array*)
 .fini_array    0x0800b5ac        0x4 c:/program files (x86)/atollic/truestudio for stm32 9.3.0/armtools/bin/../lib/gcc/arm-atollic-eabi/6.3.1/armv7-m/crtbegin.o
                [!provide]                PROVIDE (__fini_array_end, .)
                0x0800b5b0                _sidata = LOADADDR (.data)

.data           0x20000000      0x18c load address 0x0800b5b0
                0x20000000                . = ALIGN (0x4)
                0x20000000                _sdata = .
 *(.data)
 *(.data*)
 .data.SystemCoreClock
                0x20000000        0x4 Core\Src\system_stm32f1xx.o
                0x20000000                SystemCoreClock
 .data.uwTickPrio
                0x20000004        0x4 Drivers\STM32F1xx_HAL_Driver\Src\stm32f1xx_hal.o
                0x20000004                uwTickPrio
 .data.uwTickFreq
                0x20000008        0x1 Drivers\STM32F1xx_HAL_Driver\Src\stm32f1xx_hal.o
                0x20000008                uwTickFreq
 *fill*         0x20000009        0x3 
 .data.USBD_CDC_DeviceQualifierDesc
                0x2000000c        0xa Middlewares\ST\STM32_USB_Device_Library\Class\CDC\Src\usbd_cdc.o
 *fill*         0x20000016        0x2 
 .data.USBD_CDC
                0x20000018       0x38 Middlewares\ST\STM32_USB_Device_Library\Class\CDC\Src\usbd_cdc.o
                0x20000018                USBD_CDC
 .data.USBD_CDC_CfgHSDesc
                0x20000050       0x43 Middlewares\ST\STM32_USB_Device_Library\Class\CDC\Src\usbd_cdc.o
                0x20000050                USBD_CDC_CfgHSDesc
 *fill*         0x20000093        0x1 
 .data.USBD_CDC_CfgFSDesc
                0x20000094       0x43 Middlewares\ST\STM32_USB_Device_Library\Class\CDC\Src\usbd_cdc.o
                0x20000094                USBD_CDC_CfgFSDesc
 *fill*         0x200000d7        0x1 
 .data.USBD_CDC_OtherSpeedCfgDesc
                0x200000d8       0x43 Middlewares\ST\STM32_USB_Device_Library\Class\CDC\Src\usbd_cdc.o
                0x200000d8                USBD_CDC_OtherSpeedCfgDesc
 *fill*         0x2000011b        0x1 
 .data.uxCriticalNesting
                0x2000011c        0x4 Middlewares\Third_Party\FreeRTOS\Source\portable\GCC\ARM_CM3\port.o
 .data.USBD_Interface_fops_FS
                0x20000120       0x10 USB_DEVICE\App\usbd_cdc_if.o
                0x20000120                USBD_Interface_fops_FS
 .data.FS_Desc  0x20000130       0x1c USB_DEVICE\App\usbd_desc.o
                0x20000130                FS_Desc
 .data.USBD_FS_DeviceDesc
                0x2000014c       0x12 USB_DEVICE\App\usbd_desc.o
                0x2000014c                USBD_FS_DeviceDesc
 *fill*         0x2000015e        0x2 
 .data.USBD_LangIDDesc
                0x20000160        0x4 USB_DEVICE\App\usbd_desc.o
                0x20000160                USBD_LangIDDesc
 .data.USBD_StringSerial
                0x20000164       0x1a USB_DEVICE\App\usbd_desc.o
                0x20000164                USBD_StringSerial
 .data.COMANDA  0x2000017e        0x1 USER\SIM808\Sim808.o
 *fill*         0x2000017f        0x1 
 .data.Strin    0x20000180        0x9 USER\SIM808\Sim808.o
                0x20000180                Strin
 .data.SEND     0x20000189        0x1 USER\SIM808\Sim808.o
                0x20000189                SEND
                0x2000018c                . = ALIGN (0x4)
 *fill*         0x2000018a        0x2 
                0x2000018c                _edata = .

.igot.plt       0x2000018c        0x0 load address 0x0800b73c
 .igot.plt      0x2000018c        0x0 c:/program files (x86)/atollic/truestudio for stm32 9.3.0/armtools/bin/../lib/gcc/arm-atollic-eabi/6.3.1/armv7-m/crtbegin.o
                0x2000018c                . = ALIGN (0x4)

.bss            0x2000018c     0x208c load address 0x0800b73c
                0x2000018c                _sbss = .
                0x2000018c                __bss_start__ = _sbss
 *(.bss)
 .bss           0x2000018c       0x1c c:/program files (x86)/atollic/truestudio for stm32 9.3.0/armtools/bin/../lib/gcc/arm-atollic-eabi/6.3.1/armv7-m/crtbegin.o
 *(.bss*)
 .bss.xIdleTaskTCBBuffer
                0x200001a8       0x54 Core\Src\freertos.o
 .bss.xIdleStack
                0x200001fc      0x200 Core\Src\freertos.o
 .bss.cfgidx.8266
                0x200003fc        0x1 Middlewares\ST\STM32_USB_Device_Library\Core\Src\usbd_ctlreq.o
 .bss.ucMaxSysCallPriority
                0x200003fd        0x1 Middlewares\Third_Party\FreeRTOS\Source\portable\GCC\ARM_CM3\port.o
 *fill*         0x200003fe        0x2 
 .bss.ulMaxPRIGROUPValue
                0x20000400        0x4 Middlewares\Third_Party\FreeRTOS\Source\portable\GCC\ARM_CM3\port.o
 .bss.ucHeap    0x20000404      0xc00 Middlewares\Third_Party\FreeRTOS\Source\portable\MemMang\heap_4.o
 .bss.xStart    0x20001004        0x8 Middlewares\Third_Party\FreeRTOS\Source\portable\MemMang\heap_4.o
 .bss.pxEnd     0x2000100c        0x4 Middlewares\Third_Party\FreeRTOS\Source\portable\MemMang\heap_4.o
 .bss.xFreeBytesRemaining
                0x20001010        0x4 Middlewares\Third_Party\FreeRTOS\Source\portable\MemMang\heap_4.o
 .bss.xMinimumEverFreeBytesRemaining
                0x20001014        0x4 Middlewares\Third_Party\FreeRTOS\Source\portable\MemMang\heap_4.o
 .bss.xBlockAllocatedBit
                0x20001018        0x4 Middlewares\Third_Party\FreeRTOS\Source\portable\MemMang\heap_4.o
 .bss.pxCurrentTCB
                0x2000101c        0x4 Middlewares\Third_Party\FreeRTOS\Source\tasks.o
                0x2000101c                pxCurrentTCB
 .bss.pxReadyTasksLists
                0x20001020       0x8c Middlewares\Third_Party\FreeRTOS\Source\tasks.o
 .bss.xDelayedTaskList1
                0x200010ac       0x14 Middlewares\Third_Party\FreeRTOS\Source\tasks.o
 .bss.xDelayedTaskList2
                0x200010c0       0x14 Middlewares\Third_Party\FreeRTOS\Source\tasks.o
 .bss.pxDelayedTaskList
                0x200010d4        0x4 Middlewares\Third_Party\FreeRTOS\Source\tasks.o
 .bss.pxOverflowDelayedTaskList
                0x200010d8        0x4 Middlewares\Third_Party\FreeRTOS\Source\tasks.o
 .bss.xPendingReadyList
                0x200010dc       0x14 Middlewares\Third_Party\FreeRTOS\Source\tasks.o
 .bss.xTasksWaitingTermination
                0x200010f0       0x14 Middlewares\Third_Party\FreeRTOS\Source\tasks.o
 .bss.uxDeletedTasksWaitingCleanUp
                0x20001104        0x4 Middlewares\Third_Party\FreeRTOS\Source\tasks.o
 .bss.xSuspendedTaskList
                0x20001108       0x14 Middlewares\Third_Party\FreeRTOS\Source\tasks.o
 .bss.uxCurrentNumberOfTasks
                0x2000111c        0x4 Middlewares\Third_Party\FreeRTOS\Source\tasks.o
 .bss.xTickCount
                0x20001120        0x4 Middlewares\Third_Party\FreeRTOS\Source\tasks.o
 .bss.uxTopReadyPriority
                0x20001124        0x4 Middlewares\Third_Party\FreeRTOS\Source\tasks.o
 .bss.xSchedulerRunning
                0x20001128        0x4 Middlewares\Third_Party\FreeRTOS\Source\tasks.o
 .bss.uxPendedTicks
                0x2000112c        0x4 Middlewares\Third_Party\FreeRTOS\Source\tasks.o
 .bss.xYieldPending
                0x20001130        0x4 Middlewares\Third_Party\FreeRTOS\Source\tasks.o
 .bss.xNumOfOverflows
                0x20001134        0x4 Middlewares\Third_Party\FreeRTOS\Source\tasks.o
 .bss.uxTaskNumber
                0x20001138        0x4 Middlewares\Third_Party\FreeRTOS\Source\tasks.o
 .bss.xNextTaskUnblockTime
                0x2000113c        0x4 Middlewares\Third_Party\FreeRTOS\Source\tasks.o
 .bss.xIdleTaskHandle
                0x20001140        0x4 Middlewares\Third_Party\FreeRTOS\Source\tasks.o
 .bss.uxSchedulerSuspended
                0x20001144        0x4 Middlewares\Third_Party\FreeRTOS\Source\tasks.o
 .bss.BuferUsb  0x20001148       0x64 USB_DEVICE\App\usbd_cdc_if.o
 .bss.idx       0x200011ac        0x4 USB_DEVICE\App\usbd_cdc_if.o
                0x200011ac                idx
 .bss.mem.8334  0x200011b0      0x220 USB_DEVICE\Target\usbd_conf.o
 .bss.RxData    0x200013d0      0x12c USER\MesageUSB.o
 .bss.statusDMA
                0x200014fc        0x1 USER\MesageUSB.o
 *fill*         0x200014fd        0x3 
 .bss.SizeRxData
                0x20001500        0x4 USER\MesageUSB.o
 .bss.SMS       0x20001504      0x1a6 USER\SIM808\Sim808.o
 .bss.Cauntidx  0x200016aa        0x1 USER\SIM808\Sim808.o
                0x200016aa                Cauntidx
 .bss.COMPARE   0x200016ab        0x1 USER\SIM808\Sim808.o
                0x200016ab                COMPARE
 .bss.ResComand
                0x200016ac        0x1 USER\SIM808\Sim808.o
                0x200016ac                ResComand
 .bss.ERRORAT   0x200016ad        0x1 USER\SIM808\Sim808.o
                0x200016ad                ERRORAT
 *(COMMON)
 *fill*         0x200016ae        0x2 
 COMMON         0x200016b0       0x10 Core\Src\freertos.o
                0x200016b0                GPSHandle
                0x200016b4                mySTATUSHandle
                0x200016b8                MasageHandle
                0x200016bc                GSMHandle
 COMMON         0x200016c0       0x48 Core\Src\stm32f1xx_hal_timebase_tim.o
                0x200016c0                htim1
 COMMON         0x20001708      0x198 Core\Src\usart.o
                0x20001708                hdma_usart2_rx
                0x2000174c                hdma_usart1_tx
                0x20001790                hdma_usart1_rx
                0x200017d4                hdma_usart2_tx
                0x20001818                huart1
                0x2000185c                huart2
 COMMON         0x200018a0        0x4 Drivers\STM32F1xx_HAL_Driver\Src\stm32f1xx_hal.o
                0x200018a0                uwTick
 COMMON         0x200018a4      0x2c4 USB_DEVICE\App\usb_device.o
                0x200018a4                hUsbDeviceFS
 COMMON         0x20001b68       0xc8 USB_DEVICE\App\usbd_cdc_if.o
                0x20001b68                UserRxBufferFS
                0x20001bcc                UserTxBufferFS
 COMMON         0x20001c30      0x200 USB_DEVICE\App\usbd_desc.o
                0x20001c30                USBD_StrDesc
 COMMON         0x20001e30      0x2ec USB_DEVICE\Target\usbd_conf.o
                0x20001e30                hpcd_USB_FS
 COMMON         0x2000211c       0xfb USER\SIM808\Sim808.o
                0x2000211c                StringSMS
                0x20002216                CantSmsOK
                0x20002218                . = ALIGN (0x4)
 *fill*         0x20002217        0x1 
                0x20002218                _ebss = .
                0x20002218                __bss_end__ = _ebss

._user_heap_stack
                0x20002218      0x600 load address 0x0800b73c
                0x20002218                . = ALIGN (0x4)
                0x20002218                PROVIDE (end, .)
                [!provide]                PROVIDE (_end, .)
                0x20002418                . = (. + _Min_Heap_Size)
 *fill*         0x20002218      0x200 
                0x20002818                . = (. + _Min_Stack_Size)
 *fill*         0x20002418      0x400 
                0x20002818                . = ALIGN (0x4)

/DISCARD/
 libc.a(*)
 libm.a(*)
 libgcc.a(*)

.ARM.attributes
                0x00000000       0x29
 *(.ARM.attributes)
 .ARM.attributes
                0x00000000       0x1d c:/program files (x86)/atollic/truestudio for stm32 9.3.0/armtools/bin/../lib/gcc/arm-atollic-eabi/6.3.1/armv7-m/crti.o
 .ARM.attributes
                0x0000001d       0x2d c:/program files (x86)/atollic/truestudio for stm32 9.3.0/armtools/bin/../lib/gcc/arm-atollic-eabi/6.3.1/armv7-m/crtbegin.o
 .ARM.attributes
                0x0000004a       0x33 Core\Src\dma.o
 .ARM.attributes
                0x0000007d       0x33 Core\Src\freertos.o
 .ARM.attributes
                0x000000b0       0x33 Core\Src\gpio.o
 .ARM.attributes
                0x000000e3       0x33 Core\Src\main.o
 .ARM.attributes
                0x00000116       0x33 Core\Src\stm32f1xx_hal_msp.o
 .ARM.attributes
                0x00000149       0x33 Core\Src\stm32f1xx_hal_timebase_tim.o
 .ARM.attributes
                0x0000017c       0x33 Core\Src\stm32f1xx_it.o
 .ARM.attributes
                0x000001af       0x33 Core\Src\system_stm32f1xx.o
 .ARM.attributes
                0x000001e2       0x33 Core\Src\tim.o
 .ARM.attributes
                0x00000215       0x33 Core\Src\usart.o
 .ARM.attributes
                0x00000248       0x33 Drivers\STM32F1xx_HAL_Driver\Src\stm32f1xx_hal.o
 .ARM.attributes
                0x0000027b       0x33 Drivers\STM32F1xx_HAL_Driver\Src\stm32f1xx_hal_cortex.o
 .ARM.attributes
                0x000002ae       0x33 Drivers\STM32F1xx_HAL_Driver\Src\stm32f1xx_hal_dma.o
 .ARM.attributes
                0x000002e1       0x33 Drivers\STM32F1xx_HAL_Driver\Src\stm32f1xx_hal_gpio.o
 .ARM.attributes
                0x00000314       0x33 Drivers\STM32F1xx_HAL_Driver\Src\stm32f1xx_hal_pcd.o
 .ARM.attributes
                0x00000347       0x33 Drivers\STM32F1xx_HAL_Driver\Src\stm32f1xx_hal_pcd_ex.o
 .ARM.attributes
                0x0000037a       0x33 Drivers\STM32F1xx_HAL_Driver\Src\stm32f1xx_hal_rcc.o
 .ARM.attributes
                0x000003ad       0x33 Drivers\STM32F1xx_HAL_Driver\Src\stm32f1xx_hal_rcc_ex.o
 .ARM.attributes
                0x000003e0       0x33 Drivers\STM32F1xx_HAL_Driver\Src\stm32f1xx_hal_tim.o
 .ARM.attributes
                0x00000413       0x33 Drivers\STM32F1xx_HAL_Driver\Src\stm32f1xx_hal_tim_ex.o
 .ARM.attributes
                0x00000446       0x33 Drivers\STM32F1xx_HAL_Driver\Src\stm32f1xx_hal_uart.o
 .ARM.attributes
                0x00000479       0x33 Drivers\STM32F1xx_HAL_Driver\Src\stm32f1xx_ll_usb.o
 .ARM.attributes
                0x000004ac       0x33 Middlewares\ST\STM32_USB_Device_Library\Class\CDC\Src\usbd_cdc.o
 .ARM.attributes
                0x000004df       0x33 Middlewares\ST\STM32_USB_Device_Library\Core\Src\usbd_core.o
 .ARM.attributes
                0x00000512       0x33 Middlewares\ST\STM32_USB_Device_Library\Core\Src\usbd_ctlreq.o
 .ARM.attributes
                0x00000545       0x33 Middlewares\ST\STM32_USB_Device_Library\Core\Src\usbd_ioreq.o
 .ARM.attributes
                0x00000578       0x33 Middlewares\Third_Party\FreeRTOS\Source\CMSIS_RTOS\cmsis_os.o
 .ARM.attributes
                0x000005ab       0x33 Middlewares\Third_Party\FreeRTOS\Source\list.o
 .ARM.attributes
                0x000005de       0x33 Middlewares\Third_Party\FreeRTOS\Source\portable\GCC\ARM_CM3\port.o
 .ARM.attributes
                0x00000611       0x33 Middlewares\Third_Party\FreeRTOS\Source\portable\MemMang\heap_4.o
 .ARM.attributes
                0x00000644       0x33 Middlewares\Third_Party\FreeRTOS\Source\tasks.o
 .ARM.attributes
                0x00000677       0x33 USB_DEVICE\App\usb_device.o
 .ARM.attributes
                0x000006aa       0x33 USB_DEVICE\App\usbd_cdc_if.o
 .ARM.attributes
                0x000006dd       0x33 USB_DEVICE\App\usbd_desc.o
 .ARM.attributes
                0x00000710       0x33 USB_DEVICE\Target\usbd_conf.o
 .ARM.attributes
                0x00000743       0x33 USER\MesageUSB.o
 .ARM.attributes
                0x00000776       0x33 USER\SIM808\Sim808.o
 .ARM.attributes
                0x000007a9       0x21 startup\startup_stm32f103xb.o
 .ARM.attributes
                0x000007ca       0x2d c:/program files (x86)/atollic/truestudio for stm32 9.3.0/armtools/bin/../lib/gcc/arm-atollic-eabi/6.3.1/../../../../arm-atollic-eabi/lib/armv7-m\libc_nano.a(lib_a-init.o)
 .ARM.attributes
                0x000007f7       0x2d c:/program files (x86)/atollic/truestudio for stm32 9.3.0/armtools/bin/../lib/gcc/arm-atollic-eabi/6.3.1/../../../../arm-atollic-eabi/lib/armv7-m\libc_nano.a(lib_a-memset.o)
 .ARM.attributes
                0x00000824       0x1d c:/program files (x86)/atollic/truestudio for stm32 9.3.0/armtools/bin/../lib/gcc/arm-atollic-eabi/6.3.1/armv7-m/crtn.o
OUTPUT(TrekerSIM868.elf elf32-littlearm)

.debug_info     0x00000000    0x20039
 .debug_info    0x00000000      0x379 Core\Src\dma.o
 .debug_info    0x00000379      0x608 Core\Src\freertos.o
 .debug_info    0x00000981      0x37a Core\Src\gpio.o
 .debug_info    0x00000cfb     0x134a Core\Src\main.o
 .debug_info    0x00002045      0x41d Core\Src\stm32f1xx_hal_msp.o
 .debug_info    0x00002462      0x98d Core\Src\stm32f1xx_hal_timebase_tim.o
 .debug_info    0x00002def      0xe31 Core\Src\stm32f1xx_it.o
 .debug_info    0x00003c20      0x29b Core\Src\system_stm32f1xx.o
 .debug_info    0x00003ebb      0x184 Core\Src\tim.o
 .debug_info    0x0000403f      0x9b7 Core\Src\usart.o
 .debug_info    0x000049f6      0x714 Drivers\STM32F1xx_HAL_Driver\Src\stm32f1xx_hal.o
 .debug_info    0x0000510a      0xb52 Drivers\STM32F1xx_HAL_Driver\Src\stm32f1xx_hal_cortex.o
 .debug_info    0x00005c5c      0x7ad Drivers\STM32F1xx_HAL_Driver\Src\stm32f1xx_hal_dma.o
 .debug_info    0x00006409      0x69b Drivers\STM32F1xx_HAL_Driver\Src\stm32f1xx_hal_gpio.o
 .debug_info    0x00006aa4     0x13f0 Drivers\STM32F1xx_HAL_Driver\Src\stm32f1xx_hal_pcd.o
 .debug_info    0x00007e94      0x783 Drivers\STM32F1xx_HAL_Driver\Src\stm32f1xx_hal_pcd_ex.o
 .debug_info    0x00008617      0x80e Drivers\STM32F1xx_HAL_Driver\Src\stm32f1xx_hal_rcc.o
 .debug_info    0x00008e25      0x443 Drivers\STM32F1xx_HAL_Driver\Src\stm32f1xx_hal_rcc_ex.o
 .debug_info    0x00009268     0x27ea Drivers\STM32F1xx_HAL_Driver\Src\stm32f1xx_hal_tim.o
 .debug_info    0x0000ba52     0x13a5 Drivers\STM32F1xx_HAL_Driver\Src\stm32f1xx_hal_tim_ex.o
 .debug_info    0x0000cdf7     0x14e9 Drivers\STM32F1xx_HAL_Driver\Src\stm32f1xx_hal_uart.o
 .debug_info    0x0000e2e0     0x18b6 Drivers\STM32F1xx_HAL_Driver\Src\stm32f1xx_ll_usb.o
 .debug_info    0x0000fb96     0x17b1 Middlewares\ST\STM32_USB_Device_Library\Class\CDC\Src\usbd_cdc.o
 .debug_info    0x00011347     0x11d2 Middlewares\ST\STM32_USB_Device_Library\Core\Src\usbd_core.o
 .debug_info    0x00012519     0x1142 Middlewares\ST\STM32_USB_Device_Library\Core\Src\usbd_ctlreq.o
 .debug_info    0x0001365b      0xf33 Middlewares\ST\STM32_USB_Device_Library\Core\Src\usbd_ioreq.o
 .debug_info    0x0001458e     0x1e5c Middlewares\Third_Party\FreeRTOS\Source\CMSIS_RTOS\cmsis_os.o
 .debug_info    0x000163ea      0xac8 Middlewares\Third_Party\FreeRTOS\Source\list.o
 .debug_info    0x00016eb2      0x4d5 Middlewares\Third_Party\FreeRTOS\Source\portable\GCC\ARM_CM3\port.o
 .debug_info    0x00017387      0xbed Middlewares\Third_Party\FreeRTOS\Source\portable\MemMang\heap_4.o
 .debug_info    0x00017f74     0x243e Middlewares\Third_Party\FreeRTOS\Source\tasks.o
 .debug_info    0x0001a3b2      0xe7b USB_DEVICE\App\usb_device.o
 .debug_info    0x0001b22d     0x1069 USB_DEVICE\App\usbd_cdc_if.o
 .debug_info    0x0001c296      0xd14 USB_DEVICE\App\usbd_desc.o
 .debug_info    0x0001cfaa     0x1db3 USB_DEVICE\Target\usbd_conf.o
 .debug_info    0x0001ed5d      0x7f5 USER\MesageUSB.o
 .debug_info    0x0001f552      0xa6b USER\SIM808\Sim808.o
 .debug_info    0x0001ffbd       0x7c startup\startup_stm32f103xb.o

.debug_abbrev   0x00000000     0x4a4c
 .debug_abbrev  0x00000000      0x102 Core\Src\dma.o
 .debug_abbrev  0x00000102      0x169 Core\Src\freertos.o
 .debug_abbrev  0x0000026b      0x12f Core\Src\gpio.o
 .debug_abbrev  0x0000039a      0x233 Core\Src\main.o
 .debug_abbrev  0x000005cd      0x10d Core\Src\stm32f1xx_hal_msp.o
 .debug_abbrev  0x000006da      0x196 Core\Src\stm32f1xx_hal_timebase_tim.o
 .debug_abbrev  0x00000870      0x196 Core\Src\stm32f1xx_it.o
 .debug_abbrev  0x00000a06      0x12f Core\Src\system_stm32f1xx.o
 .debug_abbrev  0x00000b35       0xa9 Core\Src\tim.o
 .debug_abbrev  0x00000bde      0x1ae Core\Src\usart.o
 .debug_abbrev  0x00000d8c      0x1c2 Drivers\STM32F1xx_HAL_Driver\Src\stm32f1xx_hal.o
 .debug_abbrev  0x00000f4e      0x2b6 Drivers\STM32F1xx_HAL_Driver\Src\stm32f1xx_hal_cortex.o
 .debug_abbrev  0x00001204      0x1f9 Drivers\STM32F1xx_HAL_Driver\Src\stm32f1xx_hal_dma.o
 .debug_abbrev  0x000013fd      0x1bb Drivers\STM32F1xx_HAL_Driver\Src\stm32f1xx_hal_gpio.o
 .debug_abbrev  0x000015b8      0x263 Drivers\STM32F1xx_HAL_Driver\Src\stm32f1xx_hal_pcd.o
 .debug_abbrev  0x0000181b      0x183 Drivers\STM32F1xx_HAL_Driver\Src\stm32f1xx_hal_pcd_ex.o
 .debug_abbrev  0x0000199e      0x224 Drivers\STM32F1xx_HAL_Driver\Src\stm32f1xx_hal_rcc.o
 .debug_abbrev  0x00001bc2      0x170 Drivers\STM32F1xx_HAL_Driver\Src\stm32f1xx_hal_rcc_ex.o
 .debug_abbrev  0x00001d32      0x229 Drivers\STM32F1xx_HAL_Driver\Src\stm32f1xx_hal_tim.o
 .debug_abbrev  0x00001f5b      0x22f Drivers\STM32F1xx_HAL_Driver\Src\stm32f1xx_hal_tim_ex.o
 .debug_abbrev  0x0000218a      0x258 Drivers\STM32F1xx_HAL_Driver\Src\stm32f1xx_hal_uart.o
 .debug_abbrev  0x000023e2      0x1cd Drivers\STM32F1xx_HAL_Driver\Src\stm32f1xx_ll_usb.o
 .debug_abbrev  0x000025af      0x2a8 Middlewares\ST\STM32_USB_Device_Library\Class\CDC\Src\usbd_cdc.o
 .debug_abbrev  0x00002857      0x26b Middlewares\ST\STM32_USB_Device_Library\Core\Src\usbd_core.o
 .debug_abbrev  0x00002ac2      0x29b Middlewares\ST\STM32_USB_Device_Library\Core\Src\usbd_ctlreq.o
 .debug_abbrev  0x00002d5d      0x1db Middlewares\ST\STM32_USB_Device_Library\Core\Src\usbd_ioreq.o
 .debug_abbrev  0x00002f38      0x374 Middlewares\Third_Party\FreeRTOS\Source\CMSIS_RTOS\cmsis_os.o
 .debug_abbrev  0x000032ac      0x1cc Middlewares\Third_Party\FreeRTOS\Source\list.o
 .debug_abbrev  0x00003478      0x202 Middlewares\Third_Party\FreeRTOS\Source\portable\GCC\ARM_CM3\port.o
 .debug_abbrev  0x0000367a      0x29b Middlewares\Third_Party\FreeRTOS\Source\portable\MemMang\heap_4.o
 .debug_abbrev  0x00003915      0x333 Middlewares\Third_Party\FreeRTOS\Source\tasks.o
 .debug_abbrev  0x00003c48      0x1b9 USB_DEVICE\App\usb_device.o
 .debug_abbrev  0x00003e01      0x288 USB_DEVICE\App\usbd_cdc_if.o
 .debug_abbrev  0x00004089      0x288 USB_DEVICE\App\usbd_desc.o
 .debug_abbrev  0x00004311      0x2d6 USB_DEVICE\Target\usbd_conf.o
 .debug_abbrev  0x000045e7      0x1f8 USER\MesageUSB.o
 .debug_abbrev  0x000047df      0x25b USER\SIM808\Sim808.o
 .debug_abbrev  0x00004a3a       0x12 startup\startup_stm32f103xb.o

.debug_aranges  0x00000000     0x1868
 .debug_aranges
                0x00000000       0x20 Core\Src\dma.o
 .debug_aranges
                0x00000020       0x48 Core\Src\freertos.o
 .debug_aranges
                0x00000068       0x20 Core\Src\gpio.o
 .debug_aranges
                0x00000088       0x40 Core\Src\main.o
 .debug_aranges
                0x000000c8       0x20 Core\Src\stm32f1xx_hal_msp.o
 .debug_aranges
                0x000000e8       0x30 Core\Src\stm32f1xx_hal_timebase_tim.o
 .debug_aranges
                0x00000118       0x88 Core\Src\stm32f1xx_it.o
 .debug_aranges
                0x000001a0       0x28 Core\Src\system_stm32f1xx.o
 .debug_aranges
                0x000001c8       0x20 Core\Src\tim.o
 .debug_aranges
                0x000001e8       0x38 Core\Src\usart.o
 .debug_aranges
                0x00000220       0xe0 Drivers\STM32F1xx_HAL_Driver\Src\stm32f1xx_hal.o
 .debug_aranges
                0x00000300      0x100 Drivers\STM32F1xx_HAL_Driver\Src\stm32f1xx_hal_cortex.o
 .debug_aranges
                0x00000400       0x80 Drivers\STM32F1xx_HAL_Driver\Src\stm32f1xx_hal_dma.o
 .debug_aranges
                0x00000480       0x58 Drivers\STM32F1xx_HAL_Driver\Src\stm32f1xx_hal_gpio.o
 .debug_aranges
                0x000004d8      0x138 Drivers\STM32F1xx_HAL_Driver\Src\stm32f1xx_hal_pcd.o
 .debug_aranges
                0x00000610       0x38 Drivers\STM32F1xx_HAL_Driver\Src\stm32f1xx_hal_pcd_ex.o
 .debug_aranges
                0x00000648       0x90 Drivers\STM32F1xx_HAL_Driver\Src\stm32f1xx_hal_rcc.o
 .debug_aranges
                0x000006d8       0x30 Drivers\STM32F1xx_HAL_Driver\Src\stm32f1xx_hal_rcc_ex.o
 .debug_aranges
                0x00000708      0x3d0 Drivers\STM32F1xx_HAL_Driver\Src\stm32f1xx_hal_tim.o
 .debug_aranges
                0x00000ad8      0x168 Drivers\STM32F1xx_HAL_Driver\Src\stm32f1xx_hal_tim_ex.o
 .debug_aranges
                0x00000c40      0x200 Drivers\STM32F1xx_HAL_Driver\Src\stm32f1xx_hal_uart.o
 .debug_aranges
                0x00000e40       0xf0 Drivers\STM32F1xx_HAL_Driver\Src\stm32f1xx_ll_usb.o
 .debug_aranges
                0x00000f30       0x90 Middlewares\ST\STM32_USB_Device_Library\Class\CDC\Src\usbd_cdc.o
 .debug_aranges
                0x00000fc0       0xb8 Middlewares\ST\STM32_USB_Device_Library\Core\Src\usbd_core.o
 .debug_aranges
                0x00001078       0x88 Middlewares\ST\STM32_USB_Device_Library\Core\Src\usbd_ctlreq.o
 .debug_aranges
                0x00001100       0x50 Middlewares\ST\STM32_USB_Device_Library\Core\Src\usbd_ioreq.o
 .debug_aranges
                0x00001150      0x1d8 Middlewares\Third_Party\FreeRTOS\Source\CMSIS_RTOS\cmsis_os.o
 .debug_aranges
                0x00001328       0x40 Middlewares\Third_Party\FreeRTOS\Source\list.o
 .debug_aranges
                0x00001368       0x78 Middlewares\Third_Party\FreeRTOS\Source\portable\GCC\ARM_CM3\port.o
 .debug_aranges
                0x000013e0       0x50 Middlewares\Third_Party\FreeRTOS\Source\portable\MemMang\heap_4.o
 .debug_aranges
                0x00001430      0x1a8 Middlewares\Third_Party\FreeRTOS\Source\tasks.o
 .debug_aranges
                0x000015d8       0x20 USB_DEVICE\App\usb_device.o
 .debug_aranges
                0x000015f8       0x40 USB_DEVICE\App\usbd_cdc_if.o
 .debug_aranges
                0x00001638       0x60 USB_DEVICE\App\usbd_desc.o
 .debug_aranges
                0x00001698      0x118 USB_DEVICE\Target\usbd_conf.o
 .debug_aranges
                0x000017b0       0x48 USER\MesageUSB.o
 .debug_aranges
                0x000017f8       0x48 USER\SIM808\Sim808.o
 .debug_aranges
                0x00001840       0x28 startup\startup_stm32f103xb.o

.debug_ranges   0x00000000     0x1658
 .debug_ranges  0x00000000       0x10 Core\Src\dma.o
 .debug_ranges  0x00000010       0x38 Core\Src\freertos.o
 .debug_ranges  0x00000048       0x10 Core\Src\gpio.o
 .debug_ranges  0x00000058       0x30 Core\Src\main.o
 .debug_ranges  0x00000088       0x10 Core\Src\stm32f1xx_hal_msp.o
 .debug_ranges  0x00000098       0x20 Core\Src\stm32f1xx_hal_timebase_tim.o
 .debug_ranges  0x000000b8       0x78 Core\Src\stm32f1xx_it.o
 .debug_ranges  0x00000130       0x18 Core\Src\system_stm32f1xx.o
 .debug_ranges  0x00000148       0x10 Core\Src\tim.o
 .debug_ranges  0x00000158       0x28 Core\Src\usart.o
 .debug_ranges  0x00000180       0xd0 Drivers\STM32F1xx_HAL_Driver\Src\stm32f1xx_hal.o
 .debug_ranges  0x00000250       0xf0 Drivers\STM32F1xx_HAL_Driver\Src\stm32f1xx_hal_cortex.o
 .debug_ranges  0x00000340       0x70 Drivers\STM32F1xx_HAL_Driver\Src\stm32f1xx_hal_dma.o
 .debug_ranges  0x000003b0       0x48 Drivers\STM32F1xx_HAL_Driver\Src\stm32f1xx_hal_gpio.o
 .debug_ranges  0x000003f8      0x128 Drivers\STM32F1xx_HAL_Driver\Src\stm32f1xx_hal_pcd.o
 .debug_ranges  0x00000520       0x28 Drivers\STM32F1xx_HAL_Driver\Src\stm32f1xx_hal_pcd_ex.o
 .debug_ranges  0x00000548       0x80 Drivers\STM32F1xx_HAL_Driver\Src\stm32f1xx_hal_rcc.o
 .debug_ranges  0x000005c8       0x20 Drivers\STM32F1xx_HAL_Driver\Src\stm32f1xx_hal_rcc_ex.o
 .debug_ranges  0x000005e8      0x3c0 Drivers\STM32F1xx_HAL_Driver\Src\stm32f1xx_hal_tim.o
 .debug_ranges  0x000009a8      0x158 Drivers\STM32F1xx_HAL_Driver\Src\stm32f1xx_hal_tim_ex.o
 .debug_ranges  0x00000b00      0x220 Drivers\STM32F1xx_HAL_Driver\Src\stm32f1xx_hal_uart.o
 .debug_ranges  0x00000d20       0xe0 Drivers\STM32F1xx_HAL_Driver\Src\stm32f1xx_ll_usb.o
 .debug_ranges  0x00000e00       0x80 Middlewares\ST\STM32_USB_Device_Library\Class\CDC\Src\usbd_cdc.o
 .debug_ranges  0x00000e80       0xa8 Middlewares\ST\STM32_USB_Device_Library\Core\Src\usbd_core.o
 .debug_ranges  0x00000f28       0x78 Middlewares\ST\STM32_USB_Device_Library\Core\Src\usbd_ctlreq.o
 .debug_ranges  0x00000fa0       0x40 Middlewares\ST\STM32_USB_Device_Library\Core\Src\usbd_ioreq.o
 .debug_ranges  0x00000fe0      0x1c8 Middlewares\Third_Party\FreeRTOS\Source\CMSIS_RTOS\cmsis_os.o
 .debug_ranges  0x000011a8       0x30 Middlewares\Third_Party\FreeRTOS\Source\list.o
 .debug_ranges  0x000011d8       0x68 Middlewares\Third_Party\FreeRTOS\Source\portable\GCC\ARM_CM3\port.o
 .debug_ranges  0x00001240       0x40 Middlewares\Third_Party\FreeRTOS\Source\portable\MemMang\heap_4.o
 .debug_ranges  0x00001280      0x198 Middlewares\Third_Party\FreeRTOS\Source\tasks.o
 .debug_ranges  0x00001418       0x10 USB_DEVICE\App\usb_device.o
 .debug_ranges  0x00001428       0x30 USB_DEVICE\App\usbd_cdc_if.o
 .debug_ranges  0x00001458       0x50 USB_DEVICE\App\usbd_desc.o
 .debug_ranges  0x000014a8      0x108 USB_DEVICE\Target\usbd_conf.o
 .debug_ranges  0x000015b0       0x50 USER\MesageUSB.o
 .debug_ranges  0x00001600       0x38 USER\SIM808\Sim808.o
 .debug_ranges  0x00001638       0x20 startup\startup_stm32f103xb.o

.debug_line     0x00000000     0xefa0
 .debug_line    0x00000000      0x1e2 Core\Src\dma.o
 .debug_line    0x000001e2      0x3a4 Core\Src\freertos.o
 .debug_line    0x00000586      0x20c Core\Src\gpio.o
 .debug_line    0x00000792      0x406 Core\Src\main.o
 .debug_line    0x00000b98      0x1eb Core\Src\stm32f1xx_hal_msp.o
 .debug_line    0x00000d83      0x284 Core\Src\stm32f1xx_hal_timebase_tim.o
 .debug_line    0x00001007      0x366 Core\Src\stm32f1xx_it.o
 .debug_line    0x0000136d      0x22b Core\Src\system_stm32f1xx.o
 .debug_line    0x00001598      0x1ca Core\Src\tim.o
 .debug_line    0x00001762      0x2f9 Core\Src\usart.o
 .debug_line    0x00001a5b      0x3f8 Drivers\STM32F1xx_HAL_Driver\Src\stm32f1xx_hal.o
 .debug_line    0x00001e53      0x53b Drivers\STM32F1xx_HAL_Driver\Src\stm32f1xx_hal_cortex.o
 .debug_line    0x0000238e      0x74b Drivers\STM32F1xx_HAL_Driver\Src\stm32f1xx_hal_dma.o
 .debug_line    0x00002ad9      0x563 Drivers\STM32F1xx_HAL_Driver\Src\stm32f1xx_hal_gpio.o
 .debug_line    0x0000303c      0x8dd Drivers\STM32F1xx_HAL_Driver\Src\stm32f1xx_hal_pcd.o
 .debug_line    0x00003919      0x284 Drivers\STM32F1xx_HAL_Driver\Src\stm32f1xx_hal_pcd_ex.o
 .debug_line    0x00003b9d      0x6bd Drivers\STM32F1xx_HAL_Driver\Src\stm32f1xx_hal_rcc.o
 .debug_line    0x0000425a      0x34a Drivers\STM32F1xx_HAL_Driver\Src\stm32f1xx_hal_rcc_ex.o
 .debug_line    0x000045a4     0x309d Drivers\STM32F1xx_HAL_Driver\Src\stm32f1xx_hal_tim.o
 .debug_line    0x00007641     0x10e2 Drivers\STM32F1xx_HAL_Driver\Src\stm32f1xx_hal_tim_ex.o
 .debug_line    0x00008723      0xdc9 Drivers\STM32F1xx_HAL_Driver\Src\stm32f1xx_hal_uart.o
 .debug_line    0x000094ec      0x913 Drivers\STM32F1xx_HAL_Driver\Src\stm32f1xx_ll_usb.o
 .debug_line    0x00009dff      0x569 Middlewares\ST\STM32_USB_Device_Library\Class\CDC\Src\usbd_cdc.o
 .debug_line    0x0000a368      0x54b Middlewares\ST\STM32_USB_Device_Library\Core\Src\usbd_core.o
 .debug_line    0x0000a8b3      0x5ef Middlewares\ST\STM32_USB_Device_Library\Core\Src\usbd_ctlreq.o
 .debug_line    0x0000aea2      0x3b4 Middlewares\ST\STM32_USB_Device_Library\Core\Src\usbd_ioreq.o
 .debug_line    0x0000b256      0x944 Middlewares\Third_Party\FreeRTOS\Source\CMSIS_RTOS\cmsis_os.o
 .debug_line    0x0000bb9a      0x366 Middlewares\Third_Party\FreeRTOS\Source\list.o
 .debug_line    0x0000bf00      0x399 Middlewares\Third_Party\FreeRTOS\Source\portable\GCC\ARM_CM3\port.o
 .debug_line    0x0000c299      0x405 Middlewares\Third_Party\FreeRTOS\Source\portable\MemMang\heap_4.o
 .debug_line    0x0000c69e      0xe39 Middlewares\Third_Party\FreeRTOS\Source\tasks.o
 .debug_line    0x0000d4d7      0x386 USB_DEVICE\App\usb_device.o
 .debug_line    0x0000d85d      0x3d6 USB_DEVICE\App\usbd_cdc_if.o
 .debug_line    0x0000dc33      0x3e8 USB_DEVICE\App\usbd_desc.o
 .debug_line    0x0000e01b      0x64b USB_DEVICE\Target\usbd_conf.o
 .debug_line    0x0000e666      0x2c5 USER\MesageUSB.o
 .debug_line    0x0000e92b      0x5f5 USER\SIM808\Sim808.o
 .debug_line    0x0000ef20       0x80 startup\startup_stm32f103xb.o

.debug_str      0x00000000     0x72e7
 .debug_str     0x00000000      0x54e Core\Src\dma.o
                                0x59b (size before relaxing)
 .debug_str     0x0000054e      0x34e Core\Src\freertos.o
                                0x5f3 (size before relaxing)
 .debug_str     0x0000089c       0x46 Core\Src\gpio.o
                                0x340 (size before relaxing)
 .debug_str     0x000008e2      0xc46 Core\Src\main.o
                                0xf7d (size before relaxing)
 .debug_str     0x00001528       0x5a Core\Src\stm32f1xx_hal_msp.o
                                0x5d7 (size before relaxing)
 .debug_str     0x00001582       0x98 Core\Src\stm32f1xx_hal_timebase_tim.o
                                0xb57 (size before relaxing)
 .debug_str     0x0000161a      0x463 Core\Src\stm32f1xx_it.o
                                0xd91 (size before relaxing)
 .debug_str     0x00001a7d       0x52 Core\Src\system_stm32f1xx.o
                                0x2f9 (size before relaxing)
 .debug_str     0x00001acf       0x1f Core\Src\tim.o
                                0x281 (size before relaxing)
 .debug_str     0x00001aee       0x6b Core\Src\usart.o
                                0xa5b (size before relaxing)
 .debug_str     0x00001b59      0x227 Drivers\STM32F1xx_HAL_Driver\Src\stm32f1xx_hal.o
                                0x831 (size before relaxing)
 .debug_str     0x00001d80      0x3cf Drivers\STM32F1xx_HAL_Driver\Src\stm32f1xx_hal_cortex.o
                                0x992 (size before relaxing)
 .debug_str     0x0000214f      0x23f Drivers\STM32F1xx_HAL_Driver\Src\stm32f1xx_hal_dma.o
                                0x6d4 (size before relaxing)
 .debug_str     0x0000238e      0x145 Drivers\STM32F1xx_HAL_Driver\Src\stm32f1xx_hal_gpio.o
                                0x4e3 (size before relaxing)
 .debug_str     0x000024d3      0x3d3 Drivers\STM32F1xx_HAL_Driver\Src\stm32f1xx_hal_pcd.o
                                0x9fe (size before relaxing)
 .debug_str     0x000028a6      0x18d Drivers\STM32F1xx_HAL_Driver\Src\stm32f1xx_hal_pcd_ex.o
                                0x799 (size before relaxing)
 .debug_str     0x00002a33      0x210 Drivers\STM32F1xx_HAL_Driver\Src\stm32f1xx_hal_rcc.o
                                0x69e (size before relaxing)
 .debug_str     0x00002c43       0xb9 Drivers\STM32F1xx_HAL_Driver\Src\stm32f1xx_hal_rcc_ex.o
                                0x483 (size before relaxing)
 .debug_str     0x00002cfc      0xea3 Drivers\STM32F1xx_HAL_Driver\Src\stm32f1xx_hal_tim.o
                               0x16c8 (size before relaxing)
 .debug_str     0x00003b9f      0x5c5 Drivers\STM32F1xx_HAL_Driver\Src\stm32f1xx_hal_tim_ex.o
                                0xe79 (size before relaxing)
 .debug_str     0x00004164      0x5f3 Drivers\STM32F1xx_HAL_Driver\Src\stm32f1xx_hal_uart.o
                                0xce8 (size before relaxing)
 .debug_str     0x00004757      0x2b1 Drivers\STM32F1xx_HAL_Driver\Src\stm32f1xx_ll_usb.o
                                0x7cc (size before relaxing)
 .debug_str     0x00004a08      0x59d Middlewares\ST\STM32_USB_Device_Library\Class\CDC\Src\usbd_cdc.o
                               0x104b (size before relaxing)
 .debug_str     0x00004fa5      0x1c1 Middlewares\ST\STM32_USB_Device_Library\Core\Src\usbd_core.o
                                0xc23 (size before relaxing)
 .debug_str     0x00005166      0x134 Middlewares\ST\STM32_USB_Device_Library\Core\Src\usbd_ctlreq.o
                                0xba9 (size before relaxing)
 .debug_str     0x0000529a       0xc9 Middlewares\ST\STM32_USB_Device_Library\Core\Src\usbd_ioreq.o
                                0xb31 (size before relaxing)
 .debug_str     0x00005363      0x8b4 Middlewares\Third_Party\FreeRTOS\Source\CMSIS_RTOS\cmsis_os.o
                               0x1142 (size before relaxing)
 .debug_str     0x00005c17      0x139 Middlewares\Third_Party\FreeRTOS\Source\list.o
                                0x730 (size before relaxing)
 .debug_str     0x00005d50      0x22c Middlewares\Third_Party\FreeRTOS\Source\portable\GCC\ARM_CM3\port.o
                                0x440 (size before relaxing)
 .debug_str     0x00005f7c      0x1ff Middlewares\Third_Party\FreeRTOS\Source\portable\MemMang\heap_4.o
                                0x7fa (size before relaxing)
 .debug_str     0x0000617b      0xa6a Middlewares\Third_Party\FreeRTOS\Source\tasks.o
                               0x1303 (size before relaxing)
 .debug_str     0x00006be5       0x5e USB_DEVICE\App\usb_device.o
                                0xaec (size before relaxing)
 .debug_str     0x00006c43       0x8f USB_DEVICE\App\usbd_cdc_if.o
                                0xbbd (size before relaxing)
 .debug_str     0x00006cd2      0x170 USB_DEVICE\App\usbd_desc.o
                                0x939 (size before relaxing)
 .debug_str     0x00006e42      0x178 USB_DEVICE\Target\usbd_conf.o
                               0x146f (size before relaxing)
 .debug_str     0x00006fba       0x7f USER\MesageUSB.o
                                0x763 (size before relaxing)
 .debug_str     0x00007039      0x2ae USER\SIM808\Sim808.o
                                0x58f (size before relaxing)

.comment        0x00000000       0x7c
 .comment       0x00000000       0x7c Core\Src\dma.o
                                 0x7d (size before relaxing)
 .comment       0x0000007c       0x7d Core\Src\freertos.o
 .comment       0x0000007c       0x7d Core\Src\gpio.o
 .comment       0x0000007c       0x7d Core\Src\main.o
 .comment       0x0000007c       0x7d Core\Src\stm32f1xx_hal_msp.o
 .comment       0x0000007c       0x7d Core\Src\stm32f1xx_hal_timebase_tim.o
 .comment       0x0000007c       0x7d Core\Src\stm32f1xx_it.o
 .comment       0x0000007c       0x7d Core\Src\system_stm32f1xx.o
 .comment       0x0000007c       0x7d Core\Src\tim.o
 .comment       0x0000007c       0x7d Core\Src\usart.o
 .comment       0x0000007c       0x7d Drivers\STM32F1xx_HAL_Driver\Src\stm32f1xx_hal.o
 .comment       0x0000007c       0x7d Drivers\STM32F1xx_HAL_Driver\Src\stm32f1xx_hal_cortex.o
 .comment       0x0000007c       0x7d Drivers\STM32F1xx_HAL_Driver\Src\stm32f1xx_hal_dma.o
 .comment       0x0000007c       0x7d Drivers\STM32F1xx_HAL_Driver\Src\stm32f1xx_hal_gpio.o
 .comment       0x0000007c       0x7d Drivers\STM32F1xx_HAL_Driver\Src\stm32f1xx_hal_pcd.o
 .comment       0x0000007c       0x7d Drivers\STM32F1xx_HAL_Driver\Src\stm32f1xx_hal_pcd_ex.o
 .comment       0x0000007c       0x7d Drivers\STM32F1xx_HAL_Driver\Src\stm32f1xx_hal_rcc.o
 .comment       0x0000007c       0x7d Drivers\STM32F1xx_HAL_Driver\Src\stm32f1xx_hal_rcc_ex.o
 .comment       0x0000007c       0x7d Drivers\STM32F1xx_HAL_Driver\Src\stm32f1xx_hal_tim.o
 .comment       0x0000007c       0x7d Drivers\STM32F1xx_HAL_Driver\Src\stm32f1xx_hal_tim_ex.o
 .comment       0x0000007c       0x7d Drivers\STM32F1xx_HAL_Driver\Src\stm32f1xx_hal_uart.o
 .comment       0x0000007c       0x7d Drivers\STM32F1xx_HAL_Driver\Src\stm32f1xx_ll_usb.o
 .comment       0x0000007c       0x7d Middlewares\ST\STM32_USB_Device_Library\Class\CDC\Src\usbd_cdc.o
 .comment       0x0000007c       0x7d Middlewares\ST\STM32_USB_Device_Library\Core\Src\usbd_core.o
 .comment       0x0000007c       0x7d Middlewares\ST\STM32_USB_Device_Library\Core\Src\usbd_ctlreq.o
 .comment       0x0000007c       0x7d Middlewares\ST\STM32_USB_Device_Library\Core\Src\usbd_ioreq.o
 .comment       0x0000007c       0x7d Middlewares\Third_Party\FreeRTOS\Source\CMSIS_RTOS\cmsis_os.o
 .comment       0x0000007c       0x7d Middlewares\Third_Party\FreeRTOS\Source\list.o
 .comment       0x0000007c       0x7d Middlewares\Third_Party\FreeRTOS\Source\portable\GCC\ARM_CM3\port.o
 .comment       0x0000007c       0x7d Middlewares\Third_Party\FreeRTOS\Source\portable\MemMang\heap_4.o
 .comment       0x0000007c       0x7d Middlewares\Third_Party\FreeRTOS\Source\tasks.o
 .comment       0x0000007c       0x7d USB_DEVICE\App\usb_device.o
 .comment       0x0000007c       0x7d USB_DEVICE\App\usbd_cdc_if.o
 .comment       0x0000007c       0x7d USB_DEVICE\App\usbd_desc.o
 .comment       0x0000007c       0x7d USB_DEVICE\Target\usbd_conf.o
 .comment       0x0000007c       0x7d USER\MesageUSB.o
 .comment       0x0000007c       0x7d USER\SIM808\Sim808.o

.debug_frame    0x00000000     0x6204
 .debug_frame   0x00000000       0x34 Core\Src\dma.o
 .debug_frame   0x00000034       0xe4 Core\Src\freertos.o
 .debug_frame   0x00000118       0x34 Core\Src\gpio.o
 .debug_frame   0x0000014c       0xb4 Core\Src\main.o