Archive member included to satisfy reference by file (symbol)

c:/program files (x86)/atollic/truestudio for stm32 9.1.0/armtools/bin/../lib/gcc/arm-atollic-eabi/6.3.1/../../../../arm-atollic-eabi/lib/armv7-m\libc_nano.a(lib_a-atof.o)
                              USER\SIM808\GPS.o (atof)
c:/program files (x86)/atollic/truestudio for stm32 9.1.0/armtools/bin/../lib/gcc/arm-atollic-eabi/6.3.1/../../../../arm-atollic-eabi/lib/armv7-m\libc_nano.a(lib_a-errno.o)
                              Core\Src\syscalls.o (__errno)
c:/program files (x86)/atollic/truestudio for stm32 9.1.0/armtools/bin/../lib/gcc/arm-atollic-eabi/6.3.1/../../../../arm-atollic-eabi/lib/armv7-m\libc_nano.a(lib_a-impure.o)
                              c:/program files (x86)/atollic/truestudio for stm32 9.1.0/armtools/bin/../lib/gcc/arm-atollic-eabi/6.3.1/../../../../arm-atollic-eabi/lib/armv7-m\libc_nano.a(lib_a-errno.o) (_impure_ptr)
c:/program files (x86)/atollic/truestudio for stm32 9.1.0/armtools/bin/../lib/gcc/arm-atollic-eabi/6.3.1/../../../../arm-atollic-eabi/lib/armv7-m\libc_nano.a(lib_a-init.o)
                              startup\startup_stm32f103xb.o (__libc_init_array)
c:/program files (x86)/atollic/truestudio for stm32 9.1.0/armtools/bin/../lib/gcc/arm-atollic-eabi/6.3.1/../../../../arm-atollic-eabi/lib/armv7-m\libc_nano.a(lib_a-memcpy-stub.o)
                              Middlewares\Third_Party\FreeRTOS\Source\queue.o (memcpy)
c:/program files (x86)/atollic/truestudio for stm32 9.1.0/armtools/bin/../lib/gcc/arm-atollic-eabi/6.3.1/../../../../arm-atollic-eabi/lib/armv7-m\libc_nano.a(lib_a-memset.o)
                              Core\Src\main.o (memset)
c:/program files (x86)/atollic/truestudio for stm32 9.1.0/armtools/bin/../lib/gcc/arm-atollic-eabi/6.3.1/../../../../arm-atollic-eabi/lib/armv7-m\libc_nano.a(lib_a-sprintf.o)
                              USER\SIM808\GPS.o (sprintf)
c:/program files (x86)/atollic/truestudio for stm32 9.1.0/armtools/bin/../lib/gcc/arm-atollic-eabi/6.3.1/../../../../arm-atollic-eabi/lib/armv7-m\libc_nano.a(lib_a-strcat.o)
                              USER\SIM808\GPS.o (strcat)
c:/program files (x86)/atollic/truestudio for stm32 9.1.0/armtools/bin/../lib/gcc/arm-atollic-eabi/6.3.1/../../../../arm-atollic-eabi/lib/armv7-m\libc_nano.a(lib_a-strcmp.o)
                              USER\SIM808\GPS.o (strcmp)
c:/program files (x86)/atollic/truestudio for stm32 9.1.0/armtools/bin/../lib/gcc/arm-atollic-eabi/6.3.1/../../../../arm-atollic-eabi/lib/armv7-m\libc_nano.a(lib_a-strcpy.o)
                              USER\SIM808\GPS.o (strcpy)
c:/program files (x86)/atollic/truestudio for stm32 9.1.0/armtools/bin/../lib/gcc/arm-atollic-eabi/6.3.1/../../../../arm-atollic-eabi/lib/armv7-m\libc_nano.a(lib_a-strlen.o)
                              USER\SIM808\GPS.o (strlen)
c:/program files (x86)/atollic/truestudio for stm32 9.1.0/armtools/bin/../lib/gcc/arm-atollic-eabi/6.3.1/../../../../arm-atollic-eabi/lib/armv7-m\libc_nano.a(lib_a-strstr.o)
                              USER\SIM808\GPS.o (strstr)
c:/program files (x86)/atollic/truestudio for stm32 9.1.0/armtools/bin/../lib/gcc/arm-atollic-eabi/6.3.1/../../../../arm-atollic-eabi/lib/armv7-m\libc_nano.a(lib_a-strtod.o)
                              c:/program files (x86)/atollic/truestudio for stm32 9.1.0/armtools/bin/../lib/gcc/arm-atollic-eabi/6.3.1/../../../../arm-atollic-eabi/lib/armv7-m\libc_nano.a(lib_a-atof.o) (strtod)
c:/program files (x86)/atollic/truestudio for stm32 9.1.0/armtools/bin/../lib/gcc/arm-atollic-eabi/6.3.1/../../../../arm-atollic-eabi/lib/armv7-m\libc_nano.a(lib_a-strtok.o)
                              USER\SIM808\GPS.o (strtok)
c:/program files (x86)/atollic/truestudio for stm32 9.1.0/armtools/bin/../lib/gcc/arm-atollic-eabi/6.3.1/../../../../arm-atollic-eabi/lib/armv7-m\libc_nano.a(lib_a-strtok_r.o)
                              c:/program files (x86)/atollic/truestudio for stm32 9.1.0/armtools/bin/../lib/gcc/arm-atollic-eabi/6.3.1/../../../../arm-atollic-eabi/lib/armv7-m\libc_nano.a(lib_a-strtok.o) (__strtok_r)
c:/program files (x86)/atollic/truestudio for stm32 9.1.0/armtools/bin/../lib/gcc/arm-atollic-eabi/6.3.1/../../../../arm-atollic-eabi/lib/armv7-m\libc_nano.a(lib_a-gdtoa-gethex.o)
                              c:/program files (x86)/atollic/truestudio for stm32 9.1.0/armtools/bin/../lib/gcc/arm-atollic-eabi/6.3.1/../../../../arm-atollic-eabi/lib/armv7-m\libc_nano.a(lib_a-strtod.o) (__gethex)
c:/program files (x86)/atollic/truestudio for stm32 9.1.0/armtools/bin/../lib/gcc/arm-atollic-eabi/6.3.1/../../../../arm-atollic-eabi/lib/armv7-m\libc_nano.a(lib_a-gdtoa-hexnan.o)
                              c:/program files (x86)/atollic/truestudio for stm32 9.1.0/armtools/bin/../lib/gcc/arm-atollic-eabi/6.3.1/../../../../arm-atollic-eabi/lib/armv7-m\libc_nano.a(lib_a-strtod.o) (__match)
[...]
Memory Configuration

Name             Origin             Length             Attributes
RAM              0x20000000         0x00005000         xrw
FLASH            0x08000000         0x00020000         xr
*default*        0x00000000         0xffffffff

Linker script and memory map

LOAD c:/program files (x86)/atollic/truestudio for stm32 9.1.0/armtools/bin/../lib/gcc/arm-atollic-eabi/6.3.1/armv7-m/crti.o
LOAD c:/program files (x86)/atollic/truestudio for stm32 9.1.0/armtools/bin/../lib/gcc/arm-atollic-eabi/6.3.1/armv7-m/crtbegin.o
LOAD Core\Src\dma.o
LOAD Core\Src\freertos.o
LOAD Core\Src\gpio.o
LOAD Core\Src\main.o
LOAD Core\Src\stm32f1xx_hal_msp.o
LOAD Core\Src\stm32f1xx_hal_timebase_tim.o
LOAD Core\Src\stm32f1xx_it.o
LOAD Core\Src\syscalls.o
LOAD Core\Src\system_stm32f1xx.o
LOAD Core\Src\tim.o
LOAD Core\Src\usart.o
LOAD Drivers\STM32F1xx_HAL_Driver\Src\stm32f1xx_hal.o
LOAD Drivers\STM32F1xx_HAL_Driver\Src\stm32f1xx_hal_cortex.o
LOAD Drivers\STM32F1xx_HAL_Driver\Src\stm32f1xx_hal_dma.o
LOAD Drivers\STM32F1xx_HAL_Driver\Src\stm32f1xx_hal_exti.o
LOAD Drivers\STM32F1xx_HAL_Driver\Src\stm32f1xx_hal_flash.o
LOAD Drivers\STM32F1xx_HAL_Driver\Src\stm32f1xx_hal_flash_ex.o
LOAD Drivers\STM32F1xx_HAL_Driver\Src\stm32f1xx_hal_gpio.o
LOAD Drivers\STM32F1xx_HAL_Driver\Src\stm32f1xx_hal_gpio_ex.o
LOAD Drivers\STM32F1xx_HAL_Driver\Src\stm32f1xx_hal_pcd.o
LOAD Drivers\STM32F1xx_HAL_Driver\Src\stm32f1xx_hal_pcd_ex.o
LOAD Drivers\STM32F1xx_HAL_Driver\Src\stm32f1xx_hal_pwr.o
LOAD Drivers\STM32F1xx_HAL_Driver\Src\stm32f1xx_hal_rcc.o
LOAD Drivers\STM32F1xx_HAL_Driver\Src\stm32f1xx_hal_rcc_ex.o
LOAD Drivers\STM32F1xx_HAL_Driver\Src\stm32f1xx_hal_tim.o
LOAD Drivers\STM32F1xx_HAL_Driver\Src\stm32f1xx_hal_tim_ex.o
LOAD Drivers\STM32F1xx_HAL_Driver\Src\stm32f1xx_hal_uart.o
LOAD Drivers\STM32F1xx_HAL_Driver\Src\stm32f1xx_ll_usb.o
LOAD Middlewares\ST\STM32_USB_Device_Library\Class\CDC\Src\usbd_cdc.o
LOAD Middlewares\ST\STM32_USB_Device_Library\Core\Src\usbd_core.o
LOAD Middlewares\ST\STM32_USB_Device_Library\Core\Src\usbd_ctlreq.o
LOAD Middlewares\ST\STM32_USB_Device_Library\Core\Src\usbd_ioreq.o
LOAD Middlewares\Third_Party\FreeRTOS\Source\CMSIS_RTOS\cmsis_os.o
LOAD Middlewares\Third_Party\FreeRTOS\Source\croutine.o
LOAD Middlewares\Third_Party\FreeRTOS\Source\event_groups.o
LOAD Middlewares\Third_Party\FreeRTOS\Source\list.o
LOAD Middlewares\Third_Party\FreeRTOS\Source\portable\GCC\ARM_CM3\port.o
LOAD Middlewares\Third_Party\FreeRTOS\Source\portable\MemMang\heap_4.o
LOAD Middlewares\Third_Party\FreeRTOS\Source\queue.o
LOAD Middlewares\Third_Party\FreeRTOS\Source\stream_buffer.o
LOAD Middlewares\Third_Party\FreeRTOS\Source\tasks.o
LOAD Middlewares\Third_Party\FreeRTOS\Source\timers.o
LOAD USB_DEVICE\App\usb_device.o
LOAD USB_DEVICE\App\usbd_cdc_if.o
LOAD USB_DEVICE\App\usbd_desc.o
LOAD USB_DEVICE\Target\usbd_conf.o
LOAD USER\MesageUSB.o
LOAD USER\SIM808\GPS.o
LOAD USER\SIM808\Sim808.o
LOAD startup\startup_stm32f103xb.o
                0x00000080                malloc_getpagesize_P = 0x80
START GROUP
LOAD c:/program files (x86)/atollic/truestudio for stm32 9.1.0/armtools/bin/../lib/gcc/arm-atollic-eabi/6.3.1/../../../../arm-atollic-eabi/lib/armv7-m\libc_nano.a
LOAD c:/program files (x86)/atollic/truestudio for stm32 9.1.0/armtools/bin/../lib/gcc/arm-atollic-eabi/6.3.1/../../../../arm-atollic-eabi/lib/armv7-m\libm.a
END GROUP
START GROUP
LOAD c:/program files (x86)/atollic/truestudio for stm32 9.1.0/armtools/bin/../lib/gcc/arm-atollic-eabi/6.3.1/armv7-m\libgcc.a
LOAD c:/program files (x86)/atollic/truestudio for stm32 9.1.0/armtools/bin/../lib/gcc/arm-atollic-eabi/6.3.1/../../../../arm-atollic-eabi/lib/armv7-m\libc_nano.a
END GROUP
START GROUP
LOAD c:/program files (x86)/atollic/truestudio for stm32 9.1.0/armtools/bin/../lib/gcc/arm-atollic-eabi/6.3.1/armv7-m\libgcc.a
LOAD c:/program files (x86)/atollic/truestudio for stm32 9.1.0/armtools/bin/../lib/gcc/arm-atollic-eabi/6.3.1/../../../../arm-atollic-eabi/lib/armv7-m\libc_nano.a
LOAD c:/program files (x86)/atollic/truestudio for stm32 9.1.0/armtools/bin/../lib/gcc/arm-atollic-eabi/6.3.1/../../../../arm-atollic-eabi/lib/armv7-m\libnosys.a
END GROUP
START GROUP
LOAD c:/program files (x86)/atollic/truestudio for stm32 9.1.0/armtools/bin/../lib/gcc/arm-atollic-eabi/6.3.1/armv7-m\libgcc.a
LOAD c:/program files (x86)/atollic/truestudio for stm32 9.1.0/armtools/bin/../lib/gcc/arm-atollic-eabi/6.3.1/../../../../arm-atollic-eabi/lib/armv7-m\libc_nano.a
LOAD c:/program files (x86)/atollic/truestudio for stm32 9.1.0/armtools/bin/../lib/gcc/arm-atollic-eabi/6.3.1/../../../../arm-atollic-eabi/lib/armv7-m\libnosys.a
END GROUP
LOAD c:/program files (x86)/atollic/truestudio for stm32 9.1.0/armtools/bin/../lib/gcc/arm-atollic-eabi/6.3.1/armv7-m/crtend.o
LOAD c:/program files (x86)/atollic/truestudio for stm32 9.1.0/armtools/bin/../lib/gcc/arm-atollic-eabi/6.3.1/armv7-m/crtn.o
                0x20005000                _estack = (ORIGIN (RAM) + LENGTH (RAM))
                0x00000200                _Min_Heap_Size = 0x200
                0x00000400                _Min_Stack_Size = 0x400

.isr_vector     0x08000000      0x10c
                0x08000000                . = ALIGN (0x4)
 *(.isr_vector)
 .isr_vector    0x08000000      0x10c startup\startup_stm32f103xb.o
                0x08000000                g_pfnVectors
                0x0800010c                . = ALIGN (0x4)

.text           0x08000110     0xadf4
                0x08000110                . = ALIGN (0x4)
 *(.text)
 .text          0x08000110       0x40 c:/program files (x86)/atollic/truestudio for stm32 9.1.0/armtools/bin/../lib/gcc/arm-atollic-eabi/6.3.1/armv7-m/crtbegin.o
 *(.text*)
 .text.MX_DMA_Init
                0x08000150       0x6c Core\Src\dma.o
                0x08000150                MX_DMA_Init
 .text.vApplicationGetIdleTaskMemory
                0x080001bc       0x30 Core\Src\freertos.o
                0x080001bc                vApplicationGetIdleTaskMemory
 .text.MX_FREERTOS_Init
                0x080001ec       0xc4 Core\Src\freertos.o
                0x080001ec                MX_FREERTOS_Init
 .text.StartGPS
                0x080002b0       0x3c Core\Src\freertos.o
                0x080002b0                StartGPS
 .text.StartGSM
                0x080002ec       0x12 Core\Src\freertos.o
                0x080002ec                StartGSM
 .text.StartMasage
                0x080002fe       0x16 Core\Src\freertos.o
                0x080002fe                StartMasage
 .text.StartSTATUS
                0x08000314       0x38 Core\Src\freertos.o
                0x08000314                StartSTATUS
 .text.MX_GPIO_Init
                0x0800034c      0x120 Core\Src\gpio.o
                0x0800034c                MX_GPIO_Init
 .text.main     0x0800046c       0x3c Core\Src\main.o
                0x0800046c                main
 .text.SystemClock_Config
                0x080004a8       0xb6 Core\Src\main.o
                0x080004a8                SystemClock_Config
 *fill*         0x0800055e        0x2 
 .text.HAL_TIM_PeriodElapsedCallback
                0x08000560       0x24 Core\Src\main.o
                0x08000560                HAL_TIM_PeriodElapsedCallback
 .text.Error_Handler
                0x08000584        0x8 Core\Src\main.o
                0x08000584                Error_Handler
 .text.assert_failed
                0x0800058c       0x14 Core\Src\main.o
                0x0800058c                assert_failed
 .text.HAL_MspInit
                0x080005a0       0x70 Core\Src\stm32f1xx_hal_msp.o
                0x080005a0                HAL_MspInit
 .text.HAL_InitTick
                0x08000610       0xac Core\Src\stm32f1xx_hal_timebase_tim.o
                0x08000610                HAL_InitTick
 .text.NMI_Handler
                0x080006bc        0x6 Core\Src\stm32f1xx_it.o
                0x080006bc                NMI_Handler
 .text.HardFault_Handler
                0x080006c2        0x6 Core\Src\stm32f1xx_it.o
                0x080006c2                HardFault_Handler
 .text.MemManage_Handler
                0x080006c8        0x6 Core\Src\stm32f1xx_it.o
                0x080006c8                MemManage_Handler
 .text.BusFault_Handler
                0x080006ce        0x6 Core\Src\stm32f1xx_it.o
                0x080006ce                BusFault_Handler
 .text.UsageFault_Handler
                0x080006d4        0x6 Core\Src\stm32f1xx_it.o
                0x080006d4                UsageFault_Handler
 .text.DebugMon_Handler
                0x080006da        0xc Core\Src\stm32f1xx_it.o
                0x080006da                DebugMon_Handler
 *fill*         0x080006e6        0x2 
 .text.DMA1_Channel4_IRQHandler
                0x080006e8       0x14 Core\Src\stm32f1xx_it.o
                0x080006e8                DMA1_Channel4_IRQHandler
 .text.DMA1_Channel5_IRQHandler
                0x080006fc       0x14 Core\Src\stm32f1xx_it.o
                0x080006fc                DMA1_Channel5_IRQHandler
 .text.DMA1_Channel6_IRQHandler
                0x08000710       0x14 Core\Src\stm32f1xx_it.o
                0x08000710                DMA1_Channel6_IRQHandler
 .text.DMA1_Channel7_IRQHandler
                0x08000724       0x14 Core\Src\stm32f1xx_it.o
                0x08000724                DMA1_Channel7_IRQHandler
 .text.USB_LP_CAN1_RX0_IRQHandler
                0x08000738       0x14 Core\Src\stm32f1xx_it.o
                0x08000738                USB_LP_CAN1_RX0_IRQHandler
 .text.TIM1_UP_IRQHandler
                0x0800074c       0x14 Core\Src\stm32f1xx_it.o
                0x0800074c                TIM1_UP_IRQHandler
 .text.USART1_IRQHandler
                0x08000760       0x14 Core\Src\stm32f1xx_it.o
                0x08000760                USART1_IRQHandler
 .text.USART2_IRQHandler
                0x08000774       0x14 Core\Src\stm32f1xx_it.o
                0x08000774                USART2_IRQHandler
 .text.SystemInit
                0x08000788        0xc Core\Src\system_stm32f1xx.o
                0x08000788                SystemInit
 .text.MX_TIM2_Init
                0x08000794        0xc Core\Src\tim.o
                0x08000794                MX_TIM2_Init
 .text.MX_USART1_UART_Init
                0x080007a0       0x54 Core\Src\usart.o
                0x080007a0                MX_USART1_UART_Init
 .text.MX_USART2_UART_Init
                0x080007f4       0x54 Core\Src\usart.o
                0x080007f4                MX_USART2_UART_Init
 .text.HAL_UART_MspInit
                0x08000848      0x27c Core\Src\usart.o
                0x08000848                HAL_UART_MspInit
 .text.HAL_Init
                0x08000ac4       0x2c Drivers\STM32F1xx_HAL_Driver\Src\stm32f1xx_hal.o
                0x08000ac4                HAL_Init
 .text.HAL_IncTick
                0x08000af0       0x24 Drivers\STM32F1xx_HAL_Driver\Src\stm32f1xx_hal.o
                0x08000af0                HAL_IncTick
 .text.HAL_GetTick
                0x08000b14       0x14 Drivers\STM32F1xx_HAL_Driver\Src\stm32f1xx_hal.o
                0x08000b14                HAL_GetTick
 .text.__NVIC_SetPriorityGrouping
                0x08000b28       0x48 Drivers\STM32F1xx_HAL_Driver\Src\stm32f1xx_hal_cortex.o
 .text.__NVIC_GetPriorityGrouping
                0x08000b70       0x1c Drivers\STM32F1xx_HAL_Driver\Src\stm32f1xx_hal_cortex.o
 .text.__NVIC_EnableIRQ
                0x08000b8c       0x38 Drivers\STM32F1xx_HAL_Driver\Src\stm32f1xx_hal_cortex.o
 .text.__NVIC_SetPriority
                0x08000bc4       0x54 Drivers\STM32F1xx_HAL_Driver\Src\stm32f1xx_hal_cortex.o
 .text.NVIC_EncodePriority
                0x08000c18       0x60 Drivers\STM32F1xx_HAL_Driver\Src\stm32f1xx_hal_cortex.o
 .text.HAL_NVIC_SetPriorityGrouping
                0x08000c78       0x40 Drivers\STM32F1xx_HAL_Driver\Src\stm32f1xx_hal_cortex.o
                0x08000c78                HAL_NVIC_SetPriorityGrouping
 .text.HAL_NVIC_SetPriority
                0x08000cb8       0x58 Drivers\STM32F1xx_HAL_Driver\Src\stm32f1xx_hal_cortex.o
                0x08000cb8                HAL_NVIC_SetPriority
 .text.HAL_NVIC_EnableIRQ
                0x08000d10       0x30 Drivers\STM32F1xx_HAL_Driver\Src\stm32f1xx_hal_cortex.o
                0x08000d10                HAL_NVIC_EnableIRQ
 .text.HAL_DMA_Init
                0x08000d40      0x200 Drivers\STM32F1xx_HAL_Driver\Src\stm32f1xx_hal_dma.o
                0x08000d40                HAL_DMA_Init
 .text.HAL_DMA_Start_IT
                0x08000f40       0xdc Drivers\STM32F1xx_HAL_Driver\Src\stm32f1xx_hal_dma.o
                0x08000f40                HAL_DMA_Start_IT
 .text.HAL_DMA_Abort
                0x0800101c       0x74 Drivers\STM32F1xx_HAL_Driver\Src\stm32f1xx_hal_dma.o
                0x0800101c                HAL_DMA_Abort
 .text.HAL_DMA_Abort_IT
                0x08001090       0xf8 Drivers\STM32F1xx_HAL_Driver\Src\stm32f1xx_hal_dma.o
                0x08001090                HAL_DMA_Abort_IT
 .text.HAL_DMA_IRQHandler
                0x08001188      0x224 Drivers\STM32F1xx_HAL_Driver\Src\stm32f1xx_hal_dma.o
                0x08001188                HAL_DMA_IRQHandler
 .text.DMA_SetConfig
                0x080013ac       0x5a Drivers\STM32F1xx_HAL_Driver\Src\stm32f1xx_hal_dma.o
 *fill*         0x08001406        0x2 
 .text.HAL_GPIO_Init
                0x08001408      0x474 Drivers\STM32F1xx_HAL_Driver\Src\stm32f1xx_hal_gpio.o
                0x08001408                HAL_GPIO_Init
 .text.HAL_GPIO_WritePin
                0x0800187c       0x64 Drivers\STM32F1xx_HAL_Driver\Src\stm32f1xx_hal_gpio.o
                0x0800187c                HAL_GPIO_WritePin
 .text.HAL_PCD_Init
                0x080018e0      0x230 Drivers\STM32F1xx_HAL_Driver\Src\stm32f1xx_hal_pcd.o
                0x080018e0                HAL_PCD_Init
 .text.HAL_PCD_Start
                0x08001b10       0x4c Drivers\STM32F1xx_HAL_Driver\Src\stm32f1xx_hal_pcd.o
                0x08001b10                HAL_PCD_Start
 .text.HAL_PCD_IRQHandler
                0x08001b5c      0x2aa Drivers\STM32F1xx_HAL_Driver\Src\stm32f1xx_hal_pcd.o
                0x08001b5c                HAL_PCD_IRQHandler
 .text.HAL_PCD_SetAddress
                0x08001e06       0x4a Drivers\STM32F1xx_HAL_Driver\Src\stm32f1xx_hal_pcd.o
                0x08001e06                HAL_PCD_SetAddress
 .text.HAL_PCD_EP_Open
                0x08001e50       0xcc Drivers\STM32F1xx_HAL_Driver\Src\stm32f1xx_hal_pcd.o
                0x08001e50                HAL_PCD_EP_Open
 .text.HAL_PCD_EP_Close
                0x08001f1c       0x90 Drivers\STM32F1xx_HAL_Driver\Src\stm32f1xx_hal_pcd.o
                0x08001f1c                HAL_PCD_EP_Close
 .text.HAL_PCD_EP_Receive
                0x08001fac       0x7a Drivers\STM32F1xx_HAL_Driver\Src\stm32f1xx_hal_pcd.o
                0x08001fac                HAL_PCD_EP_Receive
 .text.HAL_PCD_EP_GetRxCount
                0x08002026       0x2e Drivers\STM32F1xx_HAL_Driver\Src\stm32f1xx_hal_pcd.o
                0x08002026                HAL_PCD_EP_GetRxCount
 .text.HAL_PCD_EP_Transmit
                0x08002054       0x86 Drivers\STM32F1xx_HAL_Driver\Src\stm32f1xx_hal_pcd.o
                0x08002054                HAL_PCD_EP_Transmit
 .text.HAL_PCD_EP_SetStall
                0x080020da       0xc0 Drivers\STM32F1xx_HAL_Driver\Src\stm32f1xx_hal_pcd.o
                0x080020da                HAL_PCD_EP_SetStall
 .text.HAL_PCD_EP_ClrStall
                0x0800219a       0xa8 Drivers\STM32F1xx_HAL_Driver\Src\stm32f1xx_hal_pcd.o
                0x0800219a                HAL_PCD_EP_ClrStall
 .text.PCD_EP_ISR_Handler
                0x08002242      0x600 Drivers\STM32F1xx_HAL_Driver\Src\stm32f1xx_hal_pcd.o
 .text.HAL_PCD_EP_DB_Receive
                0x08002842      0x21a Drivers\STM32F1xx_HAL_Driver\Src\stm32f1xx_hal_pcd.o
 .text.HAL_PCD_EP_DB_Transmit
                0x08002a5c      0x7de Drivers\STM32F1xx_HAL_Driver\Src\stm32f1xx_hal_pcd.o
 .text.HAL_PCDEx_PMAConfig
                0x0800323a       0x84 Drivers\STM32F1xx_HAL_Driver\Src\stm32f1xx_hal_pcd_ex.o
                0x0800323a                HAL_PCDEx_PMAConfig
 *fill*         0x080032be        0x2 
 .text.HAL_RCC_OscConfig
                0x080032c0      0x6e0 Drivers\STM32F1xx_HAL_Driver\Src\stm32f1xx_hal_rcc.o
                0x080032c0                HAL_RCC_OscConfig
 .text.HAL_RCC_ClockConfig
                0x080039a0      0x320 Drivers\STM32F1xx_HAL_Driver\Src\stm32f1xx_hal_rcc.o
                0x080039a0                HAL_RCC_ClockConfig
 .text.HAL_RCC_GetSysClockFreq
                0x08003cc0       0xc4 Drivers\STM32F1xx_HAL_Driver\Src\stm32f1xx_hal_rcc.o
                0x08003cc0                HAL_RCC_GetSysClockFreq
 .text.HAL_RCC_GetHCLKFreq
                0x08003d84       0x14 Drivers\STM32F1xx_HAL_Driver\Src\stm32f1xx_hal_rcc.o
                0x08003d84                HAL_RCC_GetHCLKFreq
 .text.HAL_RCC_GetPCLK1Freq
                0x08003d98       0x28 Drivers\STM32F1xx_HAL_Driver\Src\stm32f1xx_hal_rcc.o
                0x08003d98                HAL_RCC_GetPCLK1Freq
 .text.HAL_RCC_GetPCLK2Freq
                0x08003dc0       0x28 Drivers\STM32F1xx_HAL_Driver\Src\stm32f1xx_hal_rcc.o
                0x08003dc0                HAL_RCC_GetPCLK2Freq
 .text.HAL_RCC_GetClockConfig
                0x08003de8       0x84 Drivers\STM32F1xx_HAL_Driver\Src\stm32f1xx_hal_rcc.o
                0x08003de8                HAL_RCC_GetClockConfig
 .text.RCC_Delay
                0x08003e6c       0x3c Drivers\STM32F1xx_HAL_Driver\Src\stm32f1xx_hal_rcc.o
 .text.HAL_RCCEx_PeriphCLKConfig
                0x08003ea8      0x214 Drivers\STM32F1xx_HAL_Driver\Src\stm32f1xx_hal_rcc_ex.o
                0x08003ea8                HAL_RCCEx_PeriphCLKConfig
 .text.HAL_TIM_Base_Init
                0x080040bc      0x154 Drivers\STM32F1xx_HAL_Driver\Src\stm32f1xx_hal_tim.o
                0x080040bc                HAL_TIM_Base_Init
 .text.HAL_TIM_Base_MspInit
                0x08004210       0x12 Drivers\STM32F1xx_HAL_Driver\Src\stm32f1xx_hal_tim.o
                0x08004210                HAL_TIM_Base_MspInit
 *fill*         0x08004222        0x2 
 .text.HAL_TIM_Base_Start_IT
                0x08004224       0xd8 Drivers\STM32F1xx_HAL_Driver\Src\stm32f1xx_hal_tim.o
                0x08004224                HAL_TIM_Base_Start_IT
 .text.HAL_TIM_IRQHandler
                0x080042fc      0x210 Drivers\STM32F1xx_HAL_Driver\Src\stm32f1xx_hal_tim.o
                0x080042fc                HAL_TIM_IRQHandler
 .text.HAL_TIM_OC_DelayElapsedCallback
                0x0800450c       0x12 Drivers\STM32F1xx_HAL_Driver\Src\stm32f1xx_hal_tim.o
                0x0800450c                HAL_TIM_OC_DelayElapsedCallback
 .text.HAL_TIM_IC_CaptureCallback
                0x0800451e       0x12 Drivers\STM32F1xx_HAL_Driver\Src\stm32f1xx_hal_tim.o
                0x0800451e                HAL_TIM_IC_CaptureCallback
 .text.HAL_TIM_PWM_PulseFinishedCallback
                0x08004530       0x12 Drivers\STM32F1xx_HAL_Driver\Src\stm32f1xx_hal_tim.o
                0x08004530                HAL_TIM_PWM_PulseFinishedCallback
 .text.HAL_TIM_TriggerCallback
                0x08004542       0x12 Drivers\STM32F1xx_HAL_Driver\Src\stm32f1xx_hal_tim.o
                0x08004542                HAL_TIM_TriggerCallback
 .text.TIM_Base_SetConfig
                0x08004554       0xc4 Drivers\STM32F1xx_HAL_Driver\Src\stm32f1xx_hal_tim.o
                0x08004554                TIM_Base_SetConfig
 .text.HAL_TIMEx_CommutCallback
                0x08004618       0x12 Drivers\STM32F1xx_HAL_Driver\Src\stm32f1xx_hal_tim_ex.o
                0x08004618                HAL_TIMEx_CommutCallback
 .text.HAL_TIMEx_BreakCallback
                0x0800462a       0x12 Drivers\STM32F1xx_HAL_Driver\Src\stm32f1xx_hal_tim_ex.o
                0x0800462a                HAL_TIMEx_BreakCallback
 .text.HAL_UART_Init
                0x0800463c      0x150 Drivers\STM32F1xx_HAL_Driver\Src\stm32f1xx_hal_uart.o
                0x0800463c                HAL_UART_Init
 .text.HAL_UART_Transmit_DMA
                0x0800478c       0xd8 Drivers\STM32F1xx_HAL_Driver\Src\stm32f1xx_hal_uart.o
                0x0800478c                HAL_UART_Transmit_DMA
 .text.HAL_UARTEx_ReceiveToIdle_DMA
                0x08004864       0x9e Drivers\STM32F1xx_HAL_Driver\Src\stm32f1xx_hal_uart.o
                0x08004864                HAL_UARTEx_ReceiveToIdle_DMA
 *fill*         0x08004902        0x2 
 .text.HAL_UART_IRQHandler
                0x08004904      0x358 Drivers\STM32F1xx_HAL_Driver\Src\stm32f1xx_hal_uart.o
                0x08004904                HAL_UART_IRQHandler
 .text.HAL_UART_TxCpltCallback
                0x08004c5c       0x12 Drivers\STM32F1xx_HAL_Driver\Src\stm32f1xx_hal_uart.o
                0x08004c5c                HAL_UART_TxCpltCallback
 .text.HAL_UART_TxHalfCpltCallback
                0x08004c6e       0x12 Drivers\STM32F1xx_HAL_Driver\Src\stm32f1xx_hal_uart.o
                0x08004c6e                HAL_UART_TxHalfCpltCallback
 .text.HAL_UART_RxCpltCallback
                0x08004c80       0x12 Drivers\STM32F1xx_HAL_Driver\Src\stm32f1xx_hal_uart.o
                0x08004c80                HAL_UART_RxCpltCallback
 .text.HAL_UART_RxHalfCpltCallback
                0x08004c92       0x12 Drivers\STM32F1xx_HAL_Driver\Src\stm32f1xx_hal_uart.o
                0x08004c92                HAL_UART_RxHalfCpltCallback
 .text.HAL_UART_ErrorCallback
                0x08004ca4       0x12 Drivers\STM32F1xx_HAL_Driver\Src\stm32f1xx_hal_uart.o
                0x08004ca4                HAL_UART_ErrorCallback
 .text.UART_DMATransmitCplt
                0x08004cb6       0x52 Drivers\STM32F1xx_HAL_Driver\Src\stm32f1xx_hal_uart.o
 .text.UART_DMATxHalfCplt
                0x08004d08       0x1c Drivers\STM32F1xx_HAL_Driver\Src\stm32f1xx_hal_uart.o
 .text.UART_DMAReceiveCplt
                0x08004d24       0x96 Drivers\STM32F1xx_HAL_Driver\Src\stm32f1xx_hal_uart.o
 .text.UART_DMARxHalfCplt
                0x08004dba       0x36 Drivers\STM32F1xx_HAL_Driver\Src\stm32f1xx_hal_uart.o
 .text.UART_DMAError
                0x08004df0       0x94 Drivers\STM32F1xx_HAL_Driver\Src\stm32f1xx_hal_uart.o
 .text.UART_Start_Receive_DMA
                0x08004e84       0xc8 Drivers\STM32F1xx_HAL_Driver\Src\stm32f1xx_hal_uart.o
                0x08004e84                UART_Start_Receive_DMA
 .text.UART_EndTxTransfer
                0x08004f4c       0x2a Drivers\STM32F1xx_HAL_Driver\Src\stm32f1xx_hal_uart.o
 .text.UART_EndRxTransfer
                0x08004f76       0x58 Drivers\STM32F1xx_HAL_Driver\Src\stm32f1xx_hal_uart.o
 .text.UART_DMAAbortOnError
                0x08004fce       0x28 Drivers\STM32F1xx_HAL_Driver\Src\stm32f1xx_hal_uart.o
 .text.UART_Transmit_IT
                0x08004ff6       0x9c Drivers\STM32F1xx_HAL_Driver\Src\stm32f1xx_hal_uart.o
 .text.UART_EndTransmit_IT
                0x08005092       0x30 Drivers\STM32F1xx_HAL_Driver\Src\stm32f1xx_hal_uart.o
 .text.UART_Receive_IT
                0x080050c2      0x152 Drivers\STM32F1xx_HAL_Driver\Src\stm32f1xx_hal_uart.o
 .text.UART_SetConfig
                0x08005214      0x19c Drivers\STM32F1xx_HAL_Driver\Src\stm32f1xx_hal_uart.o
 .text.USB_CoreInit
                0x080053b0       0x20 Drivers\STM32F1xx_HAL_Driver\Src\stm32f1xx_ll_usb.o
                0x080053b0                USB_CoreInit
 .text.USB_EnableGlobalInt
                0x080053d0       0x2c Drivers\STM32F1xx_HAL_Driver\Src\stm32f1xx_ll_usb.o
                0x080053d0                USB_EnableGlobalInt
 .text.USB_DisableGlobalInt
                0x080053fc       0x34 Drivers\STM32F1xx_HAL_Driver\Src\stm32f1xx_ll_usb.o
                0x080053fc                USB_DisableGlobalInt
 .text.USB_SetCurrentMode
                0x08005430       0x18 Drivers\STM32F1xx_HAL_Driver\Src\stm32f1xx_ll_usb.o
                0x08005430                USB_SetCurrentMode
 .text.USB_DevInit
                0x08005448       0x40 Drivers\STM32F1xx_HAL_Driver\Src\stm32f1xx_ll_usb.o
                0x08005448                USB_DevInit
 .text.USB_ActivateEndpoint
                0x08005488      0x6c8 Drivers\STM32F1xx_HAL_Driver\Src\stm32f1xx_ll_usb.o
                0x08005488                USB_ActivateEndpoint
 .text.USB_DeactivateEndpoint
                0x08005b50      0x3d8 Drivers\STM32F1xx_HAL_Driver\Src\stm32f1xx_ll_usb.o
                0x08005b50                USB_DeactivateEndpoint
 .text.USB_EPStartXfer
                0x08005f28     0x160e Drivers\STM32F1xx_HAL_Driver\Src\stm32f1xx_ll_usb.o
                0x08005f28                USB_EPStartXfer
 .text.USB_EPSetStall
                0x08007536       0xa0 Drivers\STM32F1xx_HAL_Driver\Src\stm32f1xx_ll_usb.o
                0x08007536                USB_EPSetStall
 .text.USB_EPClearStall
                0x080075d6      0x15a Drivers\STM32F1xx_HAL_Driver\Src\stm32f1xx_ll_usb.o
                0x080075d6                USB_EPClearStall
 .text.USB_SetDevAddress
                0x08007730       0x26 Drivers\STM32F1xx_HAL_Driver\Src\stm32f1xx_ll_usb.o
                0x08007730                USB_SetDevAddress
 .text.USB_DevConnect
                0x08007756       0x14 Drivers\STM32F1xx_HAL_Driver\Src\stm32f1xx_ll_usb.o
                0x08007756                USB_DevConnect
 .text.USB_DevDisconnect
                0x0800776a       0x14 Drivers\STM32F1xx_HAL_Driver\Src\stm32f1xx_ll_usb.o
                0x0800776a                USB_DevDisconnect
 .text.USB_ReadInterrupts
                0x0800777e       0x1e Drivers\STM32F1xx_HAL_Driver\Src\stm32f1xx_ll_usb.o
                0x0800777e                USB_ReadInterrupts
 .text.USB_EP0_OutStart
                0x0800779c       0x16 Drivers\STM32F1xx_HAL_Driver\Src\stm32f1xx_ll_usb.o
                0x0800779c                USB_EP0_OutStart
 .text.USB_WritePMA
                0x080077b2       0x88 Drivers\STM32F1xx_HAL_Driver\Src\stm32f1xx_ll_usb.o
                0x080077b2                USB_WritePMA
 .text.USB_ReadPMA
                0x0800783a       0x9e Drivers\STM32F1xx_HAL_Driver\Src\stm32f1xx_ll_usb.o
                0x0800783a                USB_ReadPMA
 .text.USBD_CDC_Init
                0x080078d8       0xf4 Middlewares\ST\STM32_USB_Device_Library\Class\CDC\Src\usbd_cdc.o
 .text.USBD_CDC_DeInit
                0x080079cc       0x6e Middlewares\ST\STM32_USB_Device_Library\Class\CDC\Src\usbd_cdc.o
 .text.USBD_CDC_Setup
                0x08007a3a      0x140 Middlewares\ST\STM32_USB_Device_Library\Class\CDC\Src\usbd_cdc.o
 .text.USBD_CDC_DataIn
                0x08007b7a       0xa6 Middlewares\ST\STM32_USB_Device_Library\Class\CDC\Src\usbd_cdc.o
 .text.USBD_CDC_DataOut
                0x08007c20       0x56 Middlewares\ST\STM32_USB_Device_Library\Class\CDC\Src\usbd_cdc.o
 .text.USBD_CDC_EP0_RxReady
                0x08007c76       0x50 Middlewares\ST\STM32_USB_Device_Library\Class\CDC\Src\usbd_cdc.o
 *fill*         0x08007cc6        0x2 
 .text.USBD_CDC_GetFSCfgDesc
                0x08007cc8       0x20 Middlewares\ST\STM32_USB_Device_Library\Class\CDC\Src\usbd_cdc.o
 .text.USBD_CDC_GetHSCfgDesc
                0x08007ce8       0x20 Middlewares\ST\STM32_USB_Device_Library\Class\CDC\Src\usbd_cdc.o
 .text.USBD_CDC_GetOtherSpeedCfgDesc
                0x08007d08       0x20 Middlewares\ST\STM32_USB_Device_Library\Class\CDC\Src\usbd_cdc.o
 .text.USBD_CDC_GetDeviceQualifierDescriptor
                0x08007d28       0x20 Middlewares\ST\STM32_USB_Device_Library\Class\CDC\Src\usbd_cdc.o
                0x08007d28                USBD_CDC_GetDeviceQualifierDescriptor
 .text.USBD_CDC_RegisterInterface
                0x08007d48       0x2c Middlewares\ST\STM32_USB_Device_Library\Class\CDC\Src\usbd_cdc.o
                0x08007d48                USBD_CDC_RegisterInterface
 .text.USBD_CDC_SetTxBuffer
                0x08007d74       0x32 Middlewares\ST\STM32_USB_Device_Library\Class\CDC\Src\usbd_cdc.o
                0x08007d74                USBD_CDC_SetTxBuffer
 .text.USBD_CDC_SetRxBuffer
                0x08007da6       0x26 Middlewares\ST\STM32_USB_Device_Library\Class\CDC\Src\usbd_cdc.o
                0x08007da6                USBD_CDC_SetRxBuffer
 .text.USBD_CDC_TransmitPacket
                0x08007dcc       0x5e Middlewares\ST\STM32_USB_Device_Library\Class\CDC\Src\usbd_cdc.o
                0x08007dcc                USBD_CDC_TransmitPacket
 .text.USBD_CDC_ReceivePacket
                0x08007e2a       0x54 Middlewares\ST\STM32_USB_Device_Library\Class\CDC\Src\usbd_cdc.o
                0x08007e2a                USBD_CDC_ReceivePacket
 .text.USBD_Init
                0x08007e7e       0x56 Middlewares\ST\STM32_USB_Device_Library\Core\Src\usbd_core.o
                0x08007e7e                USBD_Init
 .text.USBD_RegisterClass
                0x08007ed4       0x32 Middlewares\ST\STM32_USB_Device_Library\Core\Src\usbd_core.o
                0x08007ed4                USBD_RegisterClass
 .text.USBD_Start
                0x08007f06       0x18 Middlewares\ST\STM32_USB_Device_Library\Core\Src\usbd_core.o
                0x08007f06                USBD_Start
 .text.USBD_RunTestMode
                0x08007f1e       0x14 Middlewares\ST\STM32_USB_Device_Library\Core\Src\usbd_core.o
                0x08007f1e                USBD_RunTestMode
 .text.USBD_SetClassConfig
                0x08007f32       0x3e Middlewares\ST\STM32_USB_Device_Library\Core\Src\usbd_core.o
                0x08007f32                USBD_SetClassConfig
 .text.USBD_ClrClassConfig
                0x08007f70       0x26 Middlewares\ST\STM32_USB_Device_Library\Core\Src\usbd_core.o
                0x08007f70                USBD_ClrClassConfig
 .text.USBD_LL_SetupStage
                0x08007f96       0x96 Middlewares\ST\STM32_USB_Device_Library\Core\Src\usbd_core.o
                0x08007f96                USBD_LL_SetupStage
 .text.USBD_LL_DataOutStage
                0x0800802c       0xe2 Middlewares\ST\STM32_USB_Device_Library\Core\Src\usbd_core.o
                0x0800802c                USBD_LL_DataOutStage
 .text.USBD_LL_DataInStage
                0x0800810e      0x14a Middlewares\ST\STM32_USB_Device_Library\Core\Src\usbd_core.o
                0x0800810e                USBD_LL_DataInStage
 .text.USBD_LL_Reset
                0x08008258       0x82 Middlewares\ST\STM32_USB_Device_Library\Core\Src\usbd_core.o
                0x08008258                USBD_LL_Reset
 .text.USBD_LL_SetSpeed
                0x080082da       0x1e Middlewares\ST\STM32_USB_Device_Library\Core\Src\usbd_core.o
                0x080082da                USBD_LL_SetSpeed
 .text.USBD_LL_Suspend
                0x080082f8       0x28 Middlewares\ST\STM32_USB_Device_Library\Core\Src\usbd_core.o
                0x080082f8                USBD_LL_Suspend
 .text.USBD_LL_Resume
                0x08008320       0x2a Middlewares\ST\STM32_USB_Device_Library\Core\Src\usbd_core.o
                0x08008320                USBD_LL_Resume
 .text.USBD_LL_SOF
                0x0800834a       0x34 Middlewares\ST\STM32_USB_Device_Library\Core\Src\usbd_core.o
                0x0800834a                USBD_LL_SOF
 *fill*         0x0800837e        0x2 
 .text.USBD_StdDevReq
                0x08008380       0xd4 Middlewares\ST\STM32_USB_Device_Library\Core\Src\usbd_ctlreq.o
                0x08008380                USBD_StdDevReq
 .text.USBD_StdItfReq
                0x08008454       0x8c Middlewares\ST\STM32_USB_Device_Library\Core\Src\usbd_ctlreq.o
                0x08008454                USBD_StdItfReq
 .text.USBD_StdEPReq
                0x080084e0      0x2ba Middlewares\ST\STM32_USB_Device_Library\Core\Src\usbd_ctlreq.o
                0x080084e0                USBD_StdEPReq
 *fill*         0x0800879a        0x2 
 .text.USBD_GetDescriptor
                0x0800879c      0x2d0 Middlewares\ST\STM32_USB_Device_Library\Core\Src\usbd_ctlreq.o
 .text.USBD_SetAddress
                0x08008a6c       0x84 Middlewares\ST\STM32_USB_Device_Library\Core\Src\usbd_ctlreq.o
 .text.USBD_SetConfig
                0x08008af0      0x11c Middlewares\ST\STM32_USB_Device_Library\Core\Src\usbd_ctlreq.o
 .text.USBD_GetConfig
                0x08008c0c       0x68 Middlewares\ST\STM32_USB_Device_Library\Core\Src\usbd_ctlreq.o
 .text.USBD_GetStatus
                0x08008c74       0x66 Middlewares\ST\STM32_USB_Device_Library\Core\Src\usbd_ctlreq.o
 .text.USBD_SetFeature
                0x08008cda       0x28 Middlewares\ST\STM32_USB_Device_Library\Core\Src\usbd_ctlreq.o
 .text.USBD_ClrFeature
                0x08008d02       0x42 Middlewares\ST\STM32_USB_Device_Library\Core\Src\usbd_ctlreq.o
 .text.USBD_ParseSetupRequest
                0x08008d44       0x78 Middlewares\ST\STM32_USB_Device_Library\Core\Src\usbd_ctlreq.o
                0x08008d44                USBD_ParseSetupRequest
 .text.USBD_CtlError
                0x08008dbc       0x22 Middlewares\ST\STM32_USB_Device_Library\Core\Src\usbd_ctlreq.o
                0x08008dbc                USBD_CtlError
 .text.USBD_GetString
                0x08008dde       0x84 Middlewares\ST\STM32_USB_Device_Library\Core\Src\usbd_ctlreq.o
                0x08008dde                USBD_GetString
 .text.USBD_GetLen
                0x08008e62       0x2e Middlewares\ST\STM32_USB_Device_Library\Core\Src\usbd_ctlreq.o
 .text.USBD_CtlSendData
                0x08008e90       0x38 Middlewares\ST\STM32_USB_Device_Library\Core\Src\usbd_ioreq.o
                0x08008e90                USBD_CtlSendData
 .text.USBD_CtlContinueSendData
                0x08008ec8       0x24 Middlewares\ST\STM32_USB_Device_Library\Core\Src\usbd_ioreq.o
                0x08008ec8                USBD_CtlContinueSendData
 .text.USBD_CtlPrepareRx
                0x08008eec       0x3c Middlewares\ST\STM32_USB_Device_Library\Core\Src\usbd_ioreq.o
                0x08008eec                USBD_CtlPrepareRx
 .text.USBD_CtlContinueRx
                0x08008f28       0x24 Middlewares\ST\STM32_USB_Device_Library\Core\Src\usbd_ioreq.o
                0x08008f28                USBD_CtlContinueRx
 .text.USBD_CtlSendStatus
                0x08008f4c       0x26 Middlewares\ST\STM32_USB_Device_Library\Core\Src\usbd_ioreq.o
                0x08008f4c                USBD_CtlSendStatus
 .text.USBD_CtlReceiveStatus
                0x08008f72       0x26 Middlewares\ST\STM32_USB_Device_Library\Core\Src\usbd_ioreq.o
                0x08008f72                USBD_CtlReceiveStatus
 .text.makeFreeRtosPriority
                0x08008f98       0x2e Middlewares\Third_Party\FreeRTOS\Source\CMSIS_RTOS\cmsis_os.o
 .text.osKernelStart
                0x08008fc6        0xe Middlewares\Third_Party\FreeRTOS\Source\CMSIS_RTOS\cmsis_os.o
                0x08008fc6                osKernelStart
 .text.osThreadCreate
                0x08008fd4       0x98 Middlewares\Third_Party\FreeRTOS\Source\CMSIS_RTOS\cmsis_os.o
                0x08008fd4                osThreadCreate
 .text.osDelay  0x0800906c       0x28 Middlewares\Third_Party\FreeRTOS\Source\CMSIS_RTOS\cmsis_os.o
                0x0800906c                osDelay
 .text.vListInitialise
                0x08009094       0x3e Middlewares\Third_Party\FreeRTOS\Source\list.o
                0x08009094                vListInitialise
 .text.vListInitialiseItem
                0x080090d2       0x18 Middlewares\Third_Party\FreeRTOS\Source\list.o
                0x080090d2                vListInitialiseItem
 .text.vListInsertEnd
                0x080090ea       0x46 Middlewares\Third_Party\FreeRTOS\Source\list.o
                0x080090ea                vListInsertEnd
 .text.vListInsert
                0x08009130       0x70 Middlewares\Third_Party\FreeRTOS\Source\list.o
                0x08009130                vListInsert
 .text.uxListRemove
                0x080091a0       0x52 Middlewares\Third_Party\FreeRTOS\Source\list.o
                0x080091a0                uxListRemove
 *fill*         0x080091f2        0x2 
 .text.pxPortInitialiseStack
                0x080091f4       0x58 Middlewares\Third_Party\FreeRTOS\Source\portable\GCC\ARM_CM3\port.o
                0x080091f4                pxPortInitialiseStack
 .text.prvTaskExitError
                0x0800924c       0x50 Middlewares\Third_Party\FreeRTOS\Source\portable\GCC\ARM_CM3\port.o
 *fill*         0x0800929c        0x4 
 .text.SVC_Handler
                0x080092a0       0x28 Middlewares\Third_Party\FreeRTOS\Source\portable\GCC\ARM_CM3\port.o
                0x080092a0                SVC_Handler
 .text.prvPortStartFirstTask
                0x080092c8       0x20 Middlewares\Third_Party\FreeRTOS\Source\portable\GCC\ARM_CM3\port.o
 .text.xPortStartScheduler
                0x080092e8       0xe0 Middlewares\Third_Party\FreeRTOS\Source\portable\GCC\ARM_CM3\port.o
                0x080092e8                xPortStartScheduler
 .text.vPortEnterCritical
                0x080093c8       0x5c Middlewares\Third_Party\FreeRTOS\Source\portable\GCC\ARM_CM3\port.o
                0x080093c8                vPortEnterCritical
 .text.vPortExitCritical
                0x08009424       0x4c Middlewares\Third_Party\FreeRTOS\Source\portable\GCC\ARM_CM3\port.o
                0x08009424                vPortExitCritical
 .text.PendSV_Handler
                0x08009470       0x48 Middlewares\Third_Party\FreeRTOS\Source\portable\GCC\ARM_CM3\port.o
                0x08009470                PendSV_Handler
 .text.SysTick_Handler
                0x080094b8       0x40 Middlewares\Third_Party\FreeRTOS\Source\portable\GCC\ARM_CM3\port.o
                0x080094b8                SysTick_Handler
 .text.vPortSetupTimerInterrupt
                0x080094f8       0x44 Middlewares\Third_Party\FreeRTOS\Source\portable\GCC\ARM_CM3\port.o
                0x080094f8                vPortSetupTimerInterrupt
 .text.pvPortMalloc
                0x0800953c      0x184 Middlewares\Third_Party\FreeRTOS\Source\portable\MemMang\heap_4.o
                0x0800953c                pvPortMalloc
 .text.vPortFree
                0x080096c0       0xb0 Middlewares\Third_Party\FreeRTOS\Source\portable\MemMang\heap_4.o
                0x080096c0                vPortFree
 .text.prvHeapInit
                0x08009770       0xc4 Middlewares\Third_Party\FreeRTOS\Source\portable\MemMang\heap_4.o
 .text.prvInsertBlockIntoFreeList
                0x08009834       0xb0 Middlewares\Third_Party\FreeRTOS\Source\portable\MemMang\heap_4.o
 .text.xTaskCreateStatic
                0x080098e4       0xb2 Middlewares\Third_Party\FreeRTOS\Source\tasks.o
                0x080098e4                xTaskCreateStatic
 .text.xTaskCreate
                0x08009996       0x8a Middlewares\Third_Party\FreeRTOS\Source\tasks.o
                0x08009996                xTaskCreate
 .text.prvInitialiseNewTask
                0x08009a20       0xfc Middlewares\Third_Party\FreeRTOS\Source\tasks.o
 .text.prvAddNewTaskToReadyList
                0x08009b1c       0xd4 Middlewares\Third_Party\FreeRTOS\Source\tasks.o
 .text.vTaskDelay
                0x08009bf0       0x68 Middlewares\Third_Party\FreeRTOS\Source\tasks.o
                0x08009bf0                vTaskDelay
 .text.vTaskStartScheduler
                0x08009c58       0xbc Middlewares\Third_Party\FreeRTOS\Source\tasks.o
                0x08009c58                vTaskStartScheduler
 .text.vTaskSuspendAll
                0x08009d14       0x1c Middlewares\Third_Party\FreeRTOS\Source\tasks.o
                0x08009d14                vTaskSuspendAll
 .text.xTaskResumeAll
                0x08009d30      0x138 Middlewares\Third_Party\FreeRTOS\Source\tasks.o
                0x08009d30                xTaskResumeAll
 .text.xTaskIncrementTick
                0x08009e68      0x178 Middlewares\Third_Party\FreeRTOS\Source\tasks.o
                0x08009e68                xTaskIncrementTick
 .text.vTaskSwitchContext
                0x08009fe0       0xb4 Middlewares\Third_Party\FreeRTOS\Source\tasks.o
                0x08009fe0                vTaskSwitchContext
 .text.prvIdleTask
                0x0800a094       0x30 Middlewares\Third_Party\FreeRTOS\Source\tasks.o
 .text.prvInitialiseTaskLists
                0x0800a0c4       0x80 Middlewares\Third_Party\FreeRTOS\Source\tasks.o
 .text.prvCheckTasksWaitingTermination
                0x0800a144       0x58 Middlewares\Third_Party\FreeRTOS\Source\tasks.o
 .text.prvDeleteTCB
                0x0800a19c       0x5c Middlewares\Third_Party\FreeRTOS\Source\tasks.o
 .text.prvResetNextTaskUnblockTime
                0x0800a1f8       0x48 Middlewares\Third_Party\FreeRTOS\Source\tasks.o
 .text.prvAddCurrentTaskToDelayedList
                0x0800a240       0xcc Middlewares\Third_Party\FreeRTOS\Source\tasks.o
 .text.MX_USB_DEVICE_Init
                0x0800a30c       0x60 USB_DEVICE\App\usb_device.o
                0x0800a30c                MX_USB_DEVICE_Init
 .text.CDC_Init_FS
                0x0800a36c       0x28 USB_DEVICE\App\usbd_cdc_if.o
 .text.CDC_DeInit_FS
                0x0800a394        0xe USB_DEVICE\App\usbd_cdc_if.o
 *fill*         0x0800a3a2        0x2 
 .text.CDC_Control_FS
                0x0800a3a4       0xbc USB_DEVICE\App\usbd_cdc_if.o
 .text.CDC_Receive_FS
                0x0800a460       0x7c USB_DEVICE\App\usbd_cdc_if.o
 .text.CDC_Transmit_FS
                0x0800a4dc       0x4c USB_DEVICE\App\usbd_cdc_if.o
                0x0800a4dc                CDC_Transmit_FS
 .text.USBD_FS_DeviceDescriptor
                0x0800a528       0x24 USB_DEVICE\App\usbd_desc.o
                0x0800a528                USBD_FS_DeviceDescriptor
 .text.USBD_FS_LangIDStrDescriptor
                0x0800a54c       0x24 USB_DEVICE\App\usbd_desc.o
                0x0800a54c                USBD_FS_LangIDStrDescriptor
 .text.USBD_FS_ProductStrDescriptor
                0x0800a570       0x3c USB_DEVICE\App\usbd_desc.o
                0x0800a570                USBD_FS_ProductStrDescriptor
 .text.USBD_FS_ManufacturerStrDescriptor
                0x0800a5ac       0x28 USB_DEVICE\App\usbd_desc.o
                0x0800a5ac                USBD_FS_ManufacturerStrDescriptor
 .text.USBD_FS_SerialStrDescriptor
                0x0800a5d4       0x24 USB_DEVICE\App\usbd_desc.o
                0x0800a5d4                USBD_FS_SerialStrDescriptor
 .text.USBD_FS_ConfigStrDescriptor
                0x0800a5f8       0x3c USB_DEVICE\App\usbd_desc.o
                0x0800a5f8                USBD_FS_ConfigStrDescriptor
 .text.USBD_FS_InterfaceStrDescriptor
                0x0800a634       0x3c USB_DEVICE\App\usbd_desc.o
                0x0800a634                USBD_FS_InterfaceStrDescriptor
 .text.Get_SerialNum
                0x0800a670       0x58 USB_DEVICE\App\usbd_desc.o
 .text.IntToUnicode
                0x0800a6c8       0x7a USB_DEVICE\App\usbd_desc.o
 *fill*         0x0800a742        0x2 
 .text.HAL_PCD_MspInit
                0x0800a744       0x4c USB_DEVICE\Target\usbd_conf.o
                0x0800a744                HAL_PCD_MspInit
 .text.HAL_PCD_SetupStageCallback
                0x0800a790       0x24 USB_DEVICE\Target\usbd_conf.o
                0x0800a790                HAL_PCD_SetupStageCallback
 .text.HAL_PCD_DataOutStageCallback
                0x0800a7b4       0x36 USB_DEVICE\Target\usbd_conf.o
                0x0800a7b4                HAL_PCD_DataOutStageCallback
 .text.HAL_PCD_DataInStageCallback
                0x0800a7ea       0x34 USB_DEVICE\Target\usbd_conf.o
                0x0800a7ea                HAL_PCD_DataInStageCallback
 .text.HAL_PCD_SOFCallback
                0x0800a81e       0x1c USB_DEVICE\Target\usbd_conf.o
                0x0800a81e                HAL_PCD_SOFCallback
 .text.HAL_PCD_ResetCallback
                0x0800a83a       0x3c USB_DEVICE\Target\usbd_conf.o
                0x0800a83a                HAL_PCD_ResetCallback
 *fill*         0x0800a876        0x2 
 .text.HAL_PCD_SuspendCallback
                0x0800a878       0x34 USB_DEVICE\Target\usbd_conf.o
                0x0800a878                HAL_PCD_SuspendCallback
 .text.HAL_PCD_ResumeCallback
                0x0800a8ac       0x1c USB_DEVICE\Target\usbd_conf.o
                0x0800a8ac                HAL_PCD_ResumeCallback
 .text.USBD_LL_Init
                0x0800a8c8       0xb4 USB_DEVICE\Target\usbd_conf.o
                0x0800a8c8                USBD_LL_Init
 .text.USBD_LL_Start
                0x0800a97c       0x36 USB_DEVICE\Target\usbd_conf.o
                0x0800a97c                USBD_LL_Start
 .text.USBD_LL_OpenEP
                0x0800a9b2       0x4c USB_DEVICE\Target\usbd_conf.o
                0x0800a9b2                USBD_LL_OpenEP
 .text.USBD_LL_CloseEP
                0x0800a9fe       0x3e USB_DEVICE\Target\usbd_conf.o
                0x0800a9fe                USBD_LL_CloseEP
 .text.USBD_LL_StallEP
                0x0800aa3c       0x3e USB_DEVICE\Target\usbd_conf.o
                0x0800aa3c                USBD_LL_StallEP
 .text.USBD_LL_ClearStallEP
                0x0800aa7a       0x3e USB_DEVICE\Target\usbd_conf.o
                0x0800aa7a                USBD_LL_ClearStallEP
 .text.USBD_LL_IsStallEP
                0x0800aab8       0x58 USB_DEVICE\Target\usbd_conf.o
                0x0800aab8                USBD_LL_IsStallEP
 .text.USBD_LL_SetUSBAddress
                0x0800ab10       0x3e USB_DEVICE\Target\usbd_conf.o
                0x0800ab10                USBD_LL_SetUSBAddress
 .text.USBD_LL_Transmit
                0x0800ab4e       0x46 USB_DEVICE\Target\usbd_conf.o
                0x0800ab4e                USBD_LL_Transmit
 .text.USBD_LL_PrepareReceive
                0x0800ab94       0x46 USB_DEVICE\Target\usbd_conf.o
                0x0800ab94                USBD_LL_PrepareReceive
 .text.USBD_LL_GetRxDataSize
                0x0800abda       0x26 USB_DEVICE\Target\usbd_conf.o
                0x0800abda                USBD_LL_GetRxDataSize
 .text.USBD_static_malloc
                0x0800ac00       0x18 USB_DEVICE\Target\usbd_conf.o
                0x0800ac00                USBD_static_malloc
 .text.USBD_static_free
                0x0800ac18       0x12 USB_DEVICE\Target\usbd_conf.o
                0x0800ac18                USBD_static_free
 .text.HAL_PCDEx_SetConnectionState
                0x0800ac2a       0x16 USB_DEVICE\Target\usbd_conf.o
                0x0800ac2a                HAL_PCDEx_SetConnectionState
 .text.USBD_Get_USB_Status
                0x0800ac40       0x58 USB_DEVICE\Target\usbd_conf.o
 .text.ReadComand
                0x0800ac98       0x38 USER\MesageUSB.o
                0x0800ac98                ReadComand
 .text.SendToUSB
                0x0800acd0       0x44 USER\MesageUSB.o
                0x0800acd0                SendToUSB
 .text.HAL_UARTEx_RxEventCallback
                0x0800ad14      0x114 USER\MesageUSB.o
                0x0800ad14                HAL_UARTEx_RxEventCallback
 .text.ReadUart
                0x0800ae28       0x20 USER\MesageUSB.o
                0x0800ae28                ReadUart
 .text.Reset_Handler
                0x0800ae48       0x48 startup\startup_stm32f103xb.o
                0x0800ae48                Reset_Handler
 .text.Default_Handler
                0x0800ae90        0x2 startup\startup_stm32f103xb.o
                0x0800ae90                RTC_Alarm_IRQHandler
                0x0800ae90                EXTI2_IRQHandler
                0x0800ae90                TIM1_CC_IRQHandler
                0x0800ae90                PVD_IRQHandler
                0x0800ae90                EXTI3_IRQHandler
                0x0800ae90                EXTI0_IRQHandler
                0x0800ae90                I2C2_EV_IRQHandler
                0x0800ae90                ADC1_2_IRQHandler
                0x0800ae90                SPI1_IRQHandler
                0x0800ae90                TAMPER_IRQHandler
                0x0800ae90                USART3_IRQHandler
                0x0800ae90                RTC_IRQHandler
                0x0800ae90                CAN1_RX1_IRQHandler
                0x0800ae90                TIM4_IRQHandler
                0x0800ae90                I2C1_EV_IRQHandler
                0x0800ae90                TIM3_IRQHandler
                0x0800ae90                RCC_IRQHandler
                0x0800ae90                TIM1_TRG_COM_IRQHandler
                0x0800ae90                DMA1_Channel1_IRQHandler
                0x0800ae90                Default_Handler
                0x0800ae90                EXTI15_10_IRQHandler
                0x0800ae90                EXTI9_5_IRQHandler
                0x0800ae90                SPI2_IRQHandler
                0x0800ae90                EXTI4_IRQHandler
                0x0800ae90                USB_HP_CAN1_TX_IRQHandler
                0x0800ae90                DMA1_Channel3_IRQHandler
                0x0800ae90                WWDG_IRQHandler
                0x0800ae90                TIM2_IRQHandler
                0x0800ae90                TIM1_BRK_IRQHandler
                0x0800ae90                EXTI1_IRQHandler
                0x0800ae90                I2C2_ER_IRQHandler
                0x0800ae90                DMA1_Channel2_IRQHandler
                0x0800ae90                CAN1_SCE_IRQHandler
                0x0800ae90                FLASH_IRQHandler
                0x0800ae90                I2C1_ER_IRQHandler
                0x0800ae90                USBWakeUp_IRQHandler
 *fill*         0x0800ae92        0x2 
 .text.__libc_init_array
                0x0800ae94       0x48 c:/program files (x86)/atollic/truestudio for stm32 9.1.0/armtools/bin/../lib/gcc/arm-atollic-eabi/6.3.1/../../../../arm-atollic-eabi/lib/armv7-m\libc_nano.a(lib_a-init.o)
                0x0800ae94                __libc_init_array
 .text.memset   0x0800aedc       0x10 c:/program files (x86)/atollic/truestudio for stm32 9.1.0/armtools/bin/../lib/gcc/arm-atollic-eabi/6.3.1/../../../../arm-atollic-eabi/lib/armv7-m\libc_nano.a(lib_a-memset.o)
                0x0800aedc                memset
 *(.glue_7)
 .glue_7        0x0800aeec        0x0 linker stubs
 *(.glue_7t)
 .glue_7t       0x0800aeec        0x0 linker stubs
 *(.eh_frame)
 .eh_frame      0x0800aeec        0x0 c:/program files (x86)/atollic/truestudio for stm32 9.1.0/armtools/bin/../lib/gcc/arm-atollic-eabi/6.3.1/armv7-m/crtbegin.o
 *(.init)
 .init          0x0800aeec        0x4 c:/program files (x86)/atollic/truestudio for stm32 9.1.0/armtools/bin/../lib/gcc/arm-atollic-eabi/6.3.1/armv7-m/crti.o
                0x0800aeec                _init
 .init          0x0800aef0        0x8 c:/program files (x86)/atollic/truestudio for stm32 9.1.0/armtools/bin/../lib/gcc/arm-atollic-eabi/6.3.1/armv7-m/crtn.o
 *(.fini)
 .fini          0x0800aef8        0x4 c:/program files (x86)/atollic/truestudio for stm32 9.1.0/armtools/bin/../lib/gcc/arm-atollic-eabi/6.3.1/armv7-m/crti.o
                0x0800aef8                _fini
 .fini          0x0800aefc        0x8 c:/program files (x86)/atollic/truestudio for stm32 9.1.0/armtools/bin/../lib/gcc/arm-atollic-eabi/6.3.1/armv7-m/crtn.o
                0x0800af04                . = ALIGN (0x4)
                0x0800af04                _etext = .

.vfp11_veneer   0x0800af04        0x0
 .vfp11_veneer  0x0800af04        0x0 linker stubs

.v4_bx          0x0800af04        0x0
 .v4_bx         0x0800af04        0x0 linker stubs

.iplt           0x0800af04        0x0
 .iplt          0x0800af04        0x0 c:/program files (x86)/atollic/truestudio for stm32 9.1.0/armtools/bin/../lib/gcc/arm-atollic-eabi/6.3.1/armv7-m/crtbegin.o

.rodata         0x0800af04      0x2dc
                0x0800af04                . = ALIGN (0x4)
 *(.rodata)
 .rodata        0x0800af04       0x8c Core\Src\freertos.o
 .rodata        0x0800af90       0x3b Drivers\STM32F1xx_HAL_Driver\Src\stm32f1xx_hal_cortex.o
 *fill*         0x0800afcb        0x1 
 .rodata        0x0800afcc       0x38 Drivers\STM32F1xx_HAL_Driver\Src\stm32f1xx_hal_dma.o
 .rodata        0x0800b004       0x39 Drivers\STM32F1xx_HAL_Driver\Src\stm32f1xx_hal_gpio.o
 *fill*         0x0800b03d        0x3 
 .rodata        0x0800b040       0x38 Drivers\STM32F1xx_HAL_Driver\Src\stm32f1xx_hal_pcd.o
 .rodata        0x0800b078       0x4a Drivers\STM32F1xx_HAL_Driver\Src\stm32f1xx_hal_rcc.o
 *fill*         0x0800b0c2        0x2 
 .rodata        0x0800b0c4       0x4e Drivers\STM32F1xx_HAL_Driver\Src\stm32f1xx_hal_rcc_ex.o
 *fill*         0x0800b112        0x2 
 .rodata        0x0800b114       0x38 Drivers\STM32F1xx_HAL_Driver\Src\stm32f1xx_hal_tim.o
 .rodata        0x0800b14c       0x39 Drivers\STM32F1xx_HAL_Driver\Src\stm32f1xx_hal_uart.o
 *fill*         0x0800b185        0x3 
 .rodata        0x0800b188        0x5 Middlewares\Third_Party\FreeRTOS\Source\tasks.o
 *fill*         0x0800b18d        0x3 
 .rodata        0x0800b190       0x36 USB_DEVICE\App\usbd_desc.o
 *(.rodata*)
 *fill*         0x0800b1c6        0x2 
 .rodata.AHBPrescTable
                0x0800b1c8       0x10 Core\Src\system_stm32f1xx.o
                0x0800b1c8                AHBPrescTable
 .rodata.APBPrescTable
                0x0800b1d8        0x8 Core\Src\system_stm32f1xx.o
                0x0800b1d8                APBPrescTable
                0x0800b1e0                . = ALIGN (0x4)

.rel.dyn        0x0800b1e0        0x0
 .rel.iplt      0x0800b1e0        0x0 c:/program files (x86)/atollic/truestudio for stm32 9.1.0/armtools/bin/../lib/gcc/arm-atollic-eabi/6.3.1/armv7-m/crtbegin.o

.ARM.extab
 *(.ARM.extab* .gnu.linkonce.armextab.*)

.ARM            0x0800b1e0        0x0
                0x0800b1e0                __exidx_start = .
 *(.ARM.exidx*)
                0x0800b1e0                __exidx_end = .

.preinit_array  0x0800b1e0        0x0
                0x0800b1e0                PROVIDE (__preinit_array_start, .)
 *(.preinit_array*)
                0x0800b1e0                PROVIDE (__preinit_array_end, .)

.init_array     0x0800b1e0        0x4
                0x0800b1e0                PROVIDE (__init_array_start, .)
 *(SORT(.init_array.*))
 *(.init_array*)
 .init_array    0x0800b1e0        0x4 c:/program files (x86)/atollic/truestudio for stm32 9.1.0/armtools/bin/../lib/gcc/arm-atollic-eabi/6.3.1/armv7-m/crtbegin.o
                0x0800b1e4                PROVIDE (__init_array_end, .)

.fini_array     0x0800b1e4        0x4
                [!provide]                PROVIDE (__fini_array_start, .)
 *(SORT(.fini_array.*))
 *(.fini_array*)
 .fini_array    0x0800b1e4        0x4 c:/program files (x86)/atollic/truestudio for stm32 9.1.0/armtools/bin/../lib/gcc/arm-atollic-eabi/6.3.1/armv7-m/crtbegin.o
                [!provide]                PROVIDE (__fini_array_end, .)
                0x0800b1e8                _sidata = LOADADDR (.data)

.data           0x20000000      0x180 load address 0x0800b1e8
                0x20000000                . = ALIGN (0x4)
                0x20000000                _sdata = .
 *(.data)
 *(.data*)
 .data.SystemCoreClock
                0x20000000        0x4 Core\Src\system_stm32f1xx.o
                0x20000000                SystemCoreClock
 .data.uwTickPrio
                0x20000004        0x4 Drivers\STM32F1xx_HAL_Driver\Src\stm32f1xx_hal.o
                0x20000004                uwTickPrio
 .data.uwTickFreq
                0x20000008        0x1 Drivers\STM32F1xx_HAL_Driver\Src\stm32f1xx_hal.o
                0x20000008                uwTickFreq
 *fill*         0x20000009        0x3 
 .data.USBD_CDC_DeviceQualifierDesc
                0x2000000c        0xa Middlewares\ST\STM32_USB_Device_Library\Class\CDC\Src\usbd_cdc.o
 *fill*         0x20000016        0x2 
 .data.USBD_CDC
                0x20000018       0x38 Middlewares\ST\STM32_USB_Device_Library\Class\CDC\Src\usbd_cdc.o
                0x20000018                USBD_CDC
 .data.USBD_CDC_CfgHSDesc
                0x20000050       0x43 Middlewares\ST\STM32_USB_Device_Library\Class\CDC\Src\usbd_cdc.o
                0x20000050                USBD_CDC_CfgHSDesc
 *fill*         0x20000093        0x1 
 .data.USBD_CDC_CfgFSDesc
                0x20000094       0x43 Middlewares\ST\STM32_USB_Device_Library\Class\CDC\Src\usbd_cdc.o
                0x20000094                USBD_CDC_CfgFSDesc
 *fill*         0x200000d7        0x1 
 .data.USBD_CDC_OtherSpeedCfgDesc
                0x200000d8       0x43 Middlewares\ST\STM32_USB_Device_Library\Class\CDC\Src\usbd_cdc.o
                0x200000d8                USBD_CDC_OtherSpeedCfgDesc
 *fill*         0x2000011b        0x1 
 .data.uxCriticalNesting
                0x2000011c        0x4 Middlewares\Third_Party\FreeRTOS\Source\portable\GCC\ARM_CM3\port.o
 .data.USBD_Interface_fops_FS
                0x20000120       0x10 USB_DEVICE\App\usbd_cdc_if.o
                0x20000120                USBD_Interface_fops_FS
 .data.FS_Desc  0x20000130       0x1c USB_DEVICE\App\usbd_desc.o
                0x20000130                FS_Desc
 .data.USBD_FS_DeviceDesc
                0x2000014c       0x12 USB_DEVICE\App\usbd_desc.o
                0x2000014c                USBD_FS_DeviceDesc
 *fill*         0x2000015e        0x2 
 .data.USBD_LangIDDesc
                0x20000160        0x4 USB_DEVICE\App\usbd_desc.o
                0x20000160                USBD_LangIDDesc
 .data.USBD_StringSerial
                0x20000164       0x1a USB_DEVICE\App\usbd_desc.o
                0x20000164                USBD_StringSerial
                0x20000180                . = ALIGN (0x4)
 *fill*         0x2000017e        0x2 
                0x20000180                _edata = .

.igot.plt       0x20000180        0x0 load address 0x0800b368
 .igot.plt      0x20000180        0x0 c:/program files (x86)/atollic/truestudio for stm32 9.1.0/armtools/bin/../lib/gcc/arm-atollic-eabi/6.3.1/armv7-m/crtbegin.o
                0x20000180                . = ALIGN (0x4)

.bss            0x20000180     0x1de4 load address 0x0800b368
                0x20000180                _sbss = .
                0x20000180                __bss_start__ = _sbss
 *(.bss)
 .bss           0x20000180       0x1c c:/program files (x86)/atollic/truestudio for stm32 9.1.0/armtools/bin/../lib/gcc/arm-atollic-eabi/6.3.1/armv7-m/crtbegin.o
 *(.bss*)
 .bss.xIdleTaskTCBBuffer
                0x2000019c       0x54 Core\Src\freertos.o
 .bss.xIdleStack
                0x200001f0      0x200 Core\Src\freertos.o
 .bss.cfgidx.8266
                0x200003f0        0x1 Middlewares\ST\STM32_USB_Device_Library\Core\Src\usbd_ctlreq.o
 .bss.ucMaxSysCallPriority
                0x200003f1        0x1 Middlewares\Third_Party\FreeRTOS\Source\portable\GCC\ARM_CM3\port.o
 *fill*         0x200003f2        0x2 
 .bss.ulMaxPRIGROUPValue
                0x200003f4        0x4 Middlewares\Third_Party\FreeRTOS\Source\portable\GCC\ARM_CM3\port.o
 .bss.ucHeap    0x200003f8      0xc00 Middlewares\Third_Party\FreeRTOS\Source\portable\MemMang\heap_4.o
 .bss.xStart    0x20000ff8        0x8 Middlewares\Third_Party\FreeRTOS\Source\portable\MemMang\heap_4.o
 .bss.pxEnd     0x20001000        0x4 Middlewares\Third_Party\FreeRTOS\Source\portable\MemMang\heap_4.o
 .bss.xFreeBytesRemaining
                0x20001004        0x4 Middlewares\Third_Party\FreeRTOS\Source\portable\MemMang\heap_4.o
 .bss.xMinimumEverFreeBytesRemaining
                0x20001008        0x4 Middlewares\Third_Party\FreeRTOS\Source\portable\MemMang\heap_4.o
 .bss.xBlockAllocatedBit
                0x2000100c        0x4 Middlewares\Third_Party\FreeRTOS\Source\portable\MemMang\heap_4.o
 .bss.pxCurrentTCB
                0x20001010        0x4 Middlewares\Third_Party\FreeRTOS\Source\tasks.o
                0x20001010                pxCurrentTCB
 .bss.pxReadyTasksLists
                0x20001014       0x8c Middlewares\Third_Party\FreeRTOS\Source\tasks.o
 .bss.xDelayedTaskList1
                0x200010a0       0x14 Middlewares\Third_Party\FreeRTOS\Source\tasks.o
 .bss.xDelayedTaskList2
                0x200010b4       0x14 Middlewares\Third_Party\FreeRTOS\Source\tasks.o
 .bss.pxDelayedTaskList
                0x200010c8        0x4 Middlewares\Third_Party\FreeRTOS\Source\tasks.o
 .bss.pxOverflowDelayedTaskList
                0x200010cc        0x4 Middlewares\Third_Party\FreeRTOS\Source\tasks.o
 .bss.xPendingReadyList
                0x200010d0       0x14 Middlewares\Third_Party\FreeRTOS\Source\tasks.o
 .bss.xTasksWaitingTermination
                0x200010e4       0x14 Middlewares\Third_Party\FreeRTOS\Source\tasks.o
 .bss.uxDeletedTasksWaitingCleanUp
                0x200010f8        0x4 Middlewares\Third_Party\FreeRTOS\Source\tasks.o
 .bss.xSuspendedTaskList
                0x200010fc       0x14 Middlewares\Third_Party\FreeRTOS\Source\tasks.o
 .bss.uxCurrentNumberOfTasks
                0x20001110        0x4 Middlewares\Third_Party\FreeRTOS\Source\tasks.o
 .bss.xTickCount
                0x20001114        0x4 Middlewares\Third_Party\FreeRTOS\Source\tasks.o
 .bss.uxTopReadyPriority
                0x20001118        0x4 Middlewares\Third_Party\FreeRTOS\Source\tasks.o
 .bss.xSchedulerRunning
                0x2000111c        0x4 Middlewares\Third_Party\FreeRTOS\Source\tasks.o
 .bss.uxPendedTicks
                0x20001120        0x4 Middlewares\Third_Party\FreeRTOS\Source\tasks.o
 .bss.xYieldPending
                0x20001124        0x4 Middlewares\Third_Party\FreeRTOS\Source\tasks.o
 .bss.xNumOfOverflows
                0x20001128        0x4 Middlewares\Third_Party\FreeRTOS\Source\tasks.o
 .bss.uxTaskNumber
                0x2000112c        0x4 Middlewares\Third_Party\FreeRTOS\Source\tasks.o
 .bss.xNextTaskUnblockTime
                0x20001130        0x4 Middlewares\Third_Party\FreeRTOS\Source\tasks.o
 .bss.xIdleTaskHandle
                0x20001134        0x4 Middlewares\Third_Party\FreeRTOS\Source\tasks.o
 .bss.uxSchedulerSuspended
                0x20001138        0x4 Middlewares\Third_Party\FreeRTOS\Source\tasks.o
 .bss.BuferUsb  0x2000113c       0x64 USB_DEVICE\App\usbd_cdc_if.o
 .bss.idx       0x200011a0        0x4 USB_DEVICE\App\usbd_cdc_if.o
                0x200011a0                idx
 .bss.mem.8334  0x200011a4      0x220 USB_DEVICE\Target\usbd_conf.o
 .bss.RxData    0x200013c4      0x12c USER\MesageUSB.o
 .bss.statusDMA
                0x200014f0        0x1 USER\MesageUSB.o
 *fill*         0x200014f1        0x3 
 .bss.SizeRxData
                0x200014f4        0x4 USER\MesageUSB.o
 *(COMMON)
 COMMON         0x200014f8       0x10 Core\Src\freertos.o
                0x200014f8                GPSHandle
                0x200014fc                mySTATUSHandle
                0x20001500                MasageHandle
                0x20001504                GSMHandle
 COMMON         0x20001508       0x48 Core\Src\stm32f1xx_hal_timebase_tim.o
                0x20001508                htim1
 COMMON         0x20001550      0x198 Core\Src\usart.o
                0x20001550                hdma_usart2_rx
                0x20001594                hdma_usart1_tx
                0x200015d8                hdma_usart1_rx
                0x2000161c                hdma_usart2_tx
                0x20001660                huart1
                0x200016a4                huart2
 COMMON         0x200016e8        0x4 Drivers\STM32F1xx_HAL_Driver\Src\stm32f1xx_hal.o
                0x200016e8                uwTick
 COMMON         0x200016ec      0x2c4 USB_DEVICE\App\usb_device.o
                0x200016ec                hUsbDeviceFS
 COMMON         0x200019b0       0xc8 USB_DEVICE\App\usbd_cdc_if.o
                0x200019b0                UserRxBufferFS
                0x20001a14                UserTxBufferFS
 COMMON         0x20001a78      0x200 USB_DEVICE\App\usbd_desc.o
                0x20001a78                USBD_StrDesc
 COMMON         0x20001c78      0x2ec USB_DEVICE\Target\usbd_conf.o
                0x20001c78                hpcd_USB_FS
                0x20001f64                . = ALIGN (0x4)
                0x20001f64                _ebss = .
                0x20001f64                __bss_end__ = _ebss

._user_heap_stack
                0x20001f64      0x600 load address 0x0800b368
                0x20001f64                . = ALIGN (0x4)
                0x20001f64                PROVIDE (end, .)
                [!provide]                PROVIDE (_end, .)
                0x20002164                . = (. + _Min_Heap_Size)
 *fill*         0x20001f64      0x200 
                0x20002564                . = (. + _Min_Stack_Size)
 *fill*         0x20002164      0x400 
                0x20002564                . = ALIGN (0x4)

/DISCARD/
 libc.a(*)
 libm.a(*)
 libgcc.a(*)

.ARM.attributes
                0x00000000       0x29
 *(.ARM.attributes)
 .ARM.attributes
                0x00000000       0x1d c:/program files (x86)/atollic/truestudio for stm32 9.1.0/armtools/bin/../lib/gcc/arm-atollic-eabi/6.3.1/armv7-m/crti.o
 .ARM.attributes
                0x0000001d       0x2d c:/program files (x86)/atollic/truestudio for stm32 9.1.0/armtools/bin/../lib/gcc/arm-atollic-eabi/6.3.1/armv7-m/crtbegin.o
 .ARM.attributes
                0x0000004a       0x33 Core\Src\dma.o
 .ARM.attributes
                0x0000007d       0x33 Core\Src\freertos.o
 .ARM.attributes
                0x000000b0       0x33 Core\Src\gpio.o
 .ARM.attributes
                0x000000e3       0x33 Core\Src\main.o
 .ARM.attributes
                0x00000116       0x33 Core\Src\stm32f1xx_hal_msp.o
 .ARM.attributes
                0x00000149       0x33 Core\Src\stm32f1xx_hal_timebase_tim.o
 .ARM.attributes
                0x0000017c       0x33 Core\Src\stm32f1xx_it.o
 .ARM.attributes
                0x000001af       0x33 Core\Src\system_stm32f1xx.o
 .ARM.attributes
                0x000001e2       0x33 Core\Src\tim.o
 .ARM.attributes
                0x00000215       0x33 Core\Src\usart.o
 .ARM.attributes
                0x00000248       0x33 Drivers\STM32F1xx_HAL_Driver\Src\stm32f1xx_hal.o
 .ARM.attributes
                0x0000027b       0x33 Drivers\STM32F1xx_HAL_Driver\Src\stm32f1xx_hal_cortex.o
 .ARM.attributes
                0x000002ae       0x33 Drivers\STM32F1xx_HAL_Driver\Src\stm32f1xx_hal_dma.o
 .ARM.attributes
                0x000002e1       0x33 Drivers\STM32F1xx_HAL_Driver\Src\stm32f1xx_hal_gpio.o
 .ARM.attributes
                0x00000314       0x33 Drivers\STM32F1xx_HAL_Driver\Src\stm32f1xx_hal_pcd.o
 .ARM.attributes
                0x00000347       0x33 Drivers\STM32F1xx_HAL_Driver\Src\stm32f1xx_hal_pcd_ex.o
 .ARM.attributes
                0x0000037a       0x33 Drivers\STM32F1xx_HAL_Driver\Src\stm32f1xx_hal_rcc.o
 .ARM.attributes
                0x000003ad       0x33 Drivers\STM32F1xx_HAL_Driver\Src\stm32f1xx_hal_rcc_ex.o
 .ARM.attributes
                0x000003e0       0x33 Drivers\STM32F1xx_HAL_Driver\Src\stm32f1xx_hal_tim.o
 .ARM.attributes
                0x00000413       0x33 Drivers\STM32F1xx_HAL_Driver\Src\stm32f1xx_hal_tim_ex.o
 .ARM.attributes
                0x00000446       0x33 Drivers\STM32F1xx_HAL_Driver\Src\stm32f1xx_hal_uart.o
 .ARM.attributes
                0x00000479       0x33 Drivers\STM32F1xx_HAL_Driver\Src\stm32f1xx_ll_usb.o
 .ARM.attributes
                0x000004ac       0x33 Middlewares\ST\STM32_USB_Device_Library\Class\CDC\Src\usbd_cdc.o
 .ARM.attributes
                0x000004df       0x33 Middlewares\ST\STM32_USB_Device_Library\Core\Src\usbd_core.o
 .ARM.attributes
                0x00000512       0x33 Middlewares\ST\STM32_USB_Device_Library\Core\Src\usbd_ctlreq.o
 .ARM.attributes
                0x00000545       0x33 Middlewares\ST\STM32_USB_Device_Library\Core\Src\usbd_ioreq.o
 .ARM.attributes
                0x00000578       0x33 Middlewares\Third_Party\FreeRTOS\Source\CMSIS_RTOS\cmsis_os.o
 .ARM.attributes
                0x000005ab       0x33 Middlewares\Third_Party\FreeRTOS\Source\list.o
 .ARM.attributes
                0x000005de       0x33 Middlewares\Third_Party\FreeRTOS\Source\portable\GCC\ARM_CM3\port.o
 .ARM.attributes
                0x00000611       0x33 Middlewares\Third_Party\FreeRTOS\Source\portable\MemMang\heap_4.o
 .ARM.attributes
                0x00000644       0x33 Middlewares\Third_Party\FreeRTOS\Source\tasks.o
 .ARM.attributes
                0x00000677       0x33 USB_DEVICE\App\usb_device.o
 .ARM.attributes
                0x000006aa       0x33 USB_DEVICE\App\usbd_cdc_if.o
 .ARM.attributes
                0x000006dd       0x33 USB_DEVICE\App\usbd_desc.o
 .ARM.attributes
                0x00000710       0x33 USB_DEVICE\Target\usbd_conf.o
 .ARM.attributes
                0x00000743       0x33 USER\MesageUSB.o
 .ARM.attributes
                0x00000776       0x21 startup\startup_stm32f103xb.o
 .ARM.attributes
                0x00000797       0x2d c:/program files (x86)/atollic/truestudio for stm32 9.1.0/armtools/bin/../lib/gcc/arm-atollic-eabi/6.3.1/../../../../arm-atollic-eabi/lib/armv7-m\libc_nano.a(lib_a-init.o)
 .ARM.attributes
                0x000007c4       0x2d c:/program files (x86)/atollic/truestudio for stm32 9.1.0/armtools/bin/../lib/gcc/arm-atollic-eabi/6.3.1/../../../../arm-atollic-eabi/lib/armv7-m\libc_nano.a(lib_a-memset.o)
 .ARM.attributes
                0x000007f1       0x1d c:/program files (x86)/atollic/truestudio for stm32 9.1.0/armtools/bin/../lib/gcc/arm-atollic-eabi/6.3.1/armv7-m/crtn.o
OUTPUT(TrekerSIM868.elf elf32-littlearm)

.debug_info     0x00000000    0x1f659
 .debug_info    0x00000000      0x379 Core\Src\dma.o
 .debug_info    0x00000379      0x608 Core\Src\freertos.o
 .debug_info    0x00000981      0x37a Core\Src\gpio.o
 .debug_info    0x00000cfb     0x13c5 Core\Src\main.o
 .debug_info    0x000020c0      0x41d Core\Src\stm32f1xx_hal_msp.o
 .debug_info    0x000024dd      0x98d Core\Src\stm32f1xx_hal_timebase_tim.o
 .debug_info    0x00002e6a      0xe31 Core\Src\stm32f1xx_it.o
 .debug_info    0x00003c9b      0x29b Core\Src\system_stm32f1xx.o
 .debug_info    0x00003f36      0x184 Core\Src\tim.o
 .debug_info    0x000040ba      0x9b7 Core\Src\usart.o
 .debug_info    0x00004a71      0x714 Drivers\STM32F1xx_HAL_Driver\Src\stm32f1xx_hal.o
 .debug_info    0x00005185      0xb52 Drivers\STM32F1xx_HAL_Driver\Src\stm32f1xx_hal_cortex.o
 .debug_info    0x00005cd7      0x7ad Drivers\STM32F1xx_HAL_Driver\Src\stm32f1xx_hal_dma.o
 .debug_info    0x00006484      0x69b Drivers\STM32F1xx_HAL_Driver\Src\stm32f1xx_hal_gpio.o
 .debug_info    0x00006b1f     0x13f0 Drivers\STM32F1xx_HAL_Driver\Src\stm32f1xx_hal_pcd.o
 .debug_info    0x00007f0f      0x783 Drivers\STM32F1xx_HAL_Driver\Src\stm32f1xx_hal_pcd_ex.o
 .debug_info    0x00008692      0x80e Drivers\STM32F1xx_HAL_Driver\Src\stm32f1xx_hal_rcc.o
 .debug_info    0x00008ea0      0x443 Drivers\STM32F1xx_HAL_Driver\Src\stm32f1xx_hal_rcc_ex.o
 .debug_info    0x000092e3     0x27ea Drivers\STM32F1xx_HAL_Driver\Src\stm32f1xx_hal_tim.o
 .debug_info    0x0000bacd     0x13a5 Drivers\STM32F1xx_HAL_Driver\Src\stm32f1xx_hal_tim_ex.o
 .debug_info    0x0000ce72     0x14e9 Drivers\STM32F1xx_HAL_Driver\Src\stm32f1xx_hal_uart.o
 .debug_info    0x0000e35b     0x18b6 Drivers\STM32F1xx_HAL_Driver\Src\stm32f1xx_ll_usb.o
 .debug_info    0x0000fc11     0x17b1 Middlewares\ST\STM32_USB_Device_Library\Class\CDC\Src\usbd_cdc.o
 .debug_info    0x000113c2     0x11d2 Middlewares\ST\STM32_USB_Device_Library\Core\Src\usbd_core.o
 .debug_info    0x00012594     0x1142 Middlewares\ST\STM32_USB_Device_Library\Core\Src\usbd_ctlreq.o
 .debug_info    0x000136d6      0xf33 Middlewares\ST\STM32_USB_Device_Library\Core\Src\usbd_ioreq.o
 .debug_info    0x00014609     0x1e5c Middlewares\Third_Party\FreeRTOS\Source\CMSIS_RTOS\cmsis_os.o
 .debug_info    0x00016465      0xac8 Middlewares\Third_Party\FreeRTOS\Source\list.o
 .debug_info    0x00016f2d      0x4d5 Middlewares\Third_Party\FreeRTOS\Source\portable\GCC\ARM_CM3\port.o
 .debug_info    0x00017402      0xbed Middlewares\Third_Party\FreeRTOS\Source\portable\MemMang\heap_4.o
 .debug_info    0x00017fef     0x243e Middlewares\Third_Party\FreeRTOS\Source\tasks.o
 .debug_info    0x0001a42d      0xe7b USB_DEVICE\App\usb_device.o
 .debug_info    0x0001b2a8     0x1069 USB_DEVICE\App\usbd_cdc_if.o
 .debug_info    0x0001c311      0xd14 USB_DEVICE\App\usbd_desc.o
 .debug_info    0x0001d025     0x1db3 USB_DEVICE\Target\usbd_conf.o
 .debug_info    0x0001edd8      0x7f5 USER\MesageUSB.o
 .debug_info    0x0001f5cd       0x8c startup\startup_stm32f103xb.o

.debug_abbrev   0x00000000     0x47ef
 .debug_abbrev  0x00000000      0x102 Core\Src\dma.o
 .debug_abbrev  0x00000102      0x169 Core\Src\freertos.o
 .debug_abbrev  0x0000026b      0x12f Core\Src\gpio.o
 .debug_abbrev  0x0000039a      0x231 Core\Src\main.o
 .debug_abbrev  0x000005cb      0x10d Core\Src\stm32f1xx_hal_msp.o
 .debug_abbrev  0x000006d8      0x196 Core\Src\stm32f1xx_hal_timebase_tim.o
 .debug_abbrev  0x0000086e      0x196 Core\Src\stm32f1xx_it.o
 .debug_abbrev  0x00000a04      0x12f Core\Src\system_stm32f1xx.o
 .debug_abbrev  0x00000b33       0xa9 Core\Src\tim.o
 .debug_abbrev  0x00000bdc      0x1ae Core\Src\usart.o
 .debug_abbrev  0x00000d8a      0x1c2 Drivers\STM32F1xx_HAL_Driver\Src\stm32f1xx_hal.o
 .debug_abbrev  0x00000f4c      0x2b6 Drivers\STM32F1xx_HAL_Driver\Src\stm32f1xx_hal_cortex.o
 .debug_abbrev  0x00001202      0x1f9 Drivers\STM32F1xx_HAL_Driver\Src\stm32f1xx_hal_dma.o
 .debug_abbrev  0x000013fb      0x1bb Drivers\STM32F1xx_HAL_Driver\Src\stm32f1xx_hal_gpio.o
 .debug_abbrev  0x000015b6      0x263 Drivers\STM32F1xx_HAL_Driver\Src\stm32f1xx_hal_pcd.o
 .debug_abbrev  0x00001819      0x183 Drivers\STM32F1xx_HAL_Driver\Src\stm32f1xx_hal_pcd_ex.o
 .debug_abbrev  0x0000199c      0x224 Drivers\STM32F1xx_HAL_Driver\Src\stm32f1xx_hal_rcc.o
 .debug_abbrev  0x00001bc0      0x170 Drivers\STM32F1xx_HAL_Driver\Src\stm32f1xx_hal_rcc_ex.o
 .debug_abbrev  0x00001d30      0x229 Drivers\STM32F1xx_HAL_Driver\Src\stm32f1xx_hal_tim.o
 .debug_abbrev  0x00001f59      0x22f Drivers\STM32F1xx_HAL_Driver\Src\stm32f1xx_hal_tim_ex.o
 .debug_abbrev  0x00002188      0x258 Drivers\STM32F1xx_HAL_Driver\Src\stm32f1xx_hal_uart.o
 .debug_abbrev  0x000023e0      0x1cd Drivers\STM32F1xx_HAL_Driver\Src\stm32f1xx_ll_usb.o
 .debug_abbrev  0x000025ad      0x2a8 Middlewares\ST\STM32_USB_Device_Library\Class\CDC\Src\usbd_cdc.o
 .debug_abbrev  0x00002855      0x26b Middlewares\ST\STM32_USB_Device_Library\Core\Src\usbd_core.o
 .debug_abbrev  0x00002ac0      0x29b Middlewares\ST\STM32_USB_Device_Library\Core\Src\usbd_ctlreq.o
 .debug_abbrev  0x00002d5b      0x1db Middlewares\ST\STM32_USB_Device_Library\Core\Src\usbd_ioreq.o
 .debug_abbrev  0x00002f36      0x374 Middlewares\Third_Party\FreeRTOS\Source\CMSIS_RTOS\cmsis_os.o
 .debug_abbrev  0x000032aa      0x1cc Middlewares\Third_Party\FreeRTOS\Source\list.o
 .debug_abbrev  0x00003476      0x202 Middlewares\Third_Party\FreeRTOS\Source\portable\GCC\ARM_CM3\port.o
 .debug_abbrev  0x00003678      0x29b Middlewares\Third_Party\FreeRTOS\Source\portable\MemMang\heap_4.o
 .debug_abbrev  0x00003913      0x333 Middlewares\Third_Party\FreeRTOS\Source\tasks.o
 .debug_abbrev  0x00003c46      0x1b9 USB_DEVICE\App\usb_device.o
 .debug_abbrev  0x00003dff      0x288 USB_DEVICE\App\usbd_cdc_if.o
 .debug_abbrev  0x00004087      0x288 USB_DEVICE\App\usbd_desc.o
 .debug_abbrev  0x0000430f      0x2d6 USB_DEVICE\Target\usbd_conf.o
 .debug_abbrev  0x000045e5      0x1f8 USER\MesageUSB.o
 .debug_abbrev  0x000047dd       0x12 startup\startup_stm32f103xb.o

.debug_aranges  0x00000000     0x1820
 .debug_aranges
                0x00000000       0x20 Core\Src\dma.o
 .debug_aranges
                0x00000020       0x48 Core\Src\freertos.o
 .debug_aranges
                0x00000068       0x20 Core\Src\gpio.o
 .debug_aranges
                0x00000088       0x40 Core\Src\main.o
 .debug_aranges
                0x000000c8       0x20 Core\Src\stm32f1xx_hal_msp.o
 .debug_aranges
                0x000000e8       0x30 Core\Src\stm32f1xx_hal_timebase_tim.o
 .debug_aranges
                0x00000118       0x88 Core\Src\stm32f1xx_it.o
 .debug_aranges
                0x000001a0       0x28 Core\Src\system_stm32f1xx.o
 .debug_aranges
                0x000001c8       0x20 Core\Src\tim.o
 .debug_aranges
                0x000001e8       0x38 Core\Src\usart.o
 .debug_aranges
                0x00000220       0xe0 Drivers\STM32F1xx_HAL_Driver\Src\stm32f1xx_hal.o
 .debug_aranges
                0x00000300      0x100 Drivers\STM32F1xx_HAL_Driver\Src\stm32f1xx_hal_cortex.o
 .debug_aranges
                0x00000400       0x80 Drivers\STM32F1xx_HAL_Driver\Src\stm32f1xx_hal_dma.o
 .debug_aranges
                0x00000480       0x58 Drivers\STM32F1xx_HAL_Driver\Src\stm32f1xx_hal_gpio.o
 .debug_aranges
                0x000004d8      0x138 Drivers\STM32F1xx_HAL_Driver\Src\stm32f1xx_hal_pcd.o
 .debug_aranges
                0x00000610       0x38 Drivers\STM32F1xx_HAL_Driver\Src\stm32f1xx_hal_pcd_ex.o
 .debug_aranges
                0x00000648       0x90 Drivers\STM32F1xx_HAL_Driver\Src\stm32f1xx_hal_rcc.o
 .debug_aranges
                0x000006d8       0x30 Drivers\STM32F1xx_HAL_Driver\Src\stm32f1xx_hal_rcc_ex.o
 .debug_aranges
                0x00000708      0x3d0 Drivers\STM32F1xx_HAL_Driver\Src\stm32f1xx_hal_tim.o
 .debug_aranges
                0x00000ad8      0x168 Drivers\STM32F1xx_HAL_Driver\Src\stm32f1xx_hal_tim_ex.o
 .debug_aranges
                0x00000c40      0x200 Drivers\STM32F1xx_HAL_Driver\Src\stm32f1xx_hal_uart.o
 .debug_aranges
                0x00000e40       0xf0 Drivers\STM32F1xx_HAL_Driver\Src\stm32f1xx_ll_usb.o
 .debug_aranges
                0x00000f30       0x90 Middlewares\ST\STM32_USB_Device_Library\Class\CDC\Src\usbd_cdc.o
 .debug_aranges
                0x00000fc0       0xb8 Middlewares\ST\STM32_USB_Device_Library\Core\Src\usbd_core.o
 .debug_aranges
                0x00001078       0x88 Middlewares\ST\STM32_USB_Device_Library\Core\Src\usbd_ctlreq.o
 .debug_aranges
                0x00001100       0x50 Middlewares\ST\STM32_USB_Device_Library\Core\Src\usbd_ioreq.o
 .debug_aranges
                0x00001150      0x1d8 Middlewares\Third_Party\FreeRTOS\Source\CMSIS_RTOS\cmsis_os.o
 .debug_aranges
                0x00001328       0x40 Middlewares\Third_Party\FreeRTOS\Source\list.o
 .debug_aranges
                0x00001368       0x78 Middlewares\Third_Party\FreeRTOS\Source\portable\GCC\ARM_CM3\port.o
 .debug_aranges
                0x000013e0       0x50 Middlewares\Third_Party\FreeRTOS\Source\portable\MemMang\heap_4.o
 .debug_aranges
                0x00001430      0x1a8 Middlewares\Third_Party\FreeRTOS\Source\tasks.o
 .debug_aranges
                0x000015d8       0x20 USB_DEVICE\App\usb_device.o
 .debug_aranges
                0x000015f8       0x40 USB_DEVICE\App\usbd_cdc_if.o
 .debug_aranges
                0x00001638       0x60 USB_DEVICE\App\usbd_desc.o
 .debug_aranges
                0x00001698      0x118 USB_DEVICE\Target\usbd_conf.o
 .debug_aranges
                0x000017b0       0x48 USER\MesageUSB.o
 .debug_aranges
                0x000017f8       0x28 startup\startup_stm32f103xb.o

.debug_ranges   0x00000000     0x1620
 .debug_ranges  0x00000000       0x10 Core\Src\dma.o
 .debug_ranges  0x00000010       0x38 Core\Src\freertos.o
 .debug_ranges  0x00000048       0x10 Core\Src\gpio.o
 .debug_ranges  0x00000058       0x30 Core\Src\main.o
 .debug_ranges  0x00000088       0x10 Core\Src\stm32f1xx_hal_msp.o
 .debug_ranges  0x00000098       0x20 Core\Src\stm32f1xx_hal_timebase_tim.o
 .debug_ranges  0x000000b8       0x78 Core\Src\stm32f1xx_it.o
 .debug_ranges  0x00000130       0x18 Core\Src\system_stm32f1xx.o
 .debug_ranges  0x00000148       0x10 Core\Src\tim.o
 .debug_ranges  0x00000158       0x28 Core\Src\usart.o
 .debug_ranges  0x00000180       0xd0 Drivers\STM32F1xx_HAL_Driver\Src\stm32f1xx_hal.o
 .debug_ranges  0x00000250       0xf0 Drivers\STM32F1xx_HAL_Driver\Src\stm32f1xx_hal_cortex.o
 .debug_ranges  0x00000340       0x70 Drivers\STM32F1xx_HAL_Driver\Src\stm32f1xx_hal_dma.o
 .debug_ranges  0x000003b0       0x48 Drivers\STM32F1xx_HAL_Driver\Src\stm32f1xx_hal_gpio.o
 .debug_ranges  0x000003f8      0x128 Drivers\STM32F1xx_HAL_Driver\Src\stm32f1xx_hal_pcd.o
 .debug_ranges  0x00000520       0x28 Drivers\STM32F1xx_HAL_Driver\Src\stm32f1xx_hal_pcd_ex.o
 .debug_ranges  0x00000548       0x80 Drivers\STM32F1xx_HAL_Driver\Src\stm32f1xx_hal_rcc.o
 .debug_ranges  0x000005c8       0x20 Drivers\STM32F1xx_HAL_Driver\Src\stm32f1xx_hal_rcc_ex.o
 .debug_ranges  0x000005e8      0x3c0 Drivers\STM32F1xx_HAL_Driver\Src\stm32f1xx_hal_tim.o
 .debug_ranges  0x000009a8      0x158 Drivers\STM32F1xx_HAL_Driver\Src\stm32f1xx_hal_tim_ex.o
 .debug_ranges  0x00000b00      0x220 Drivers\STM32F1xx_HAL_Driver\Src\stm32f1xx_hal_uart.o
 .debug_ranges  0x00000d20       0xe0 Drivers\STM32F1xx_HAL_Driver\Src\stm32f1xx_ll_usb.o
 .debug_ranges  0x00000e00       0x80 Middlewares\ST\STM32_USB_Device_Library\Class\CDC\Src\usbd_cdc.o
 .debug_ranges  0x00000e80       0xa8 Middlewares\ST\STM32_USB_Device_Library\Core\Src\usbd_core.o
 .debug_ranges  0x00000f28       0x78 Middlewares\ST\STM32_USB_Device_Library\Core\Src\usbd_ctlreq.o
 .debug_ranges  0x00000fa0       0x40 Middlewares\ST\STM32_USB_Device_Library\Core\Src\usbd_ioreq.o
 .debug_ranges  0x00000fe0      0x1c8 Middlewares\Third_Party\FreeRTOS\Source\CMSIS_RTOS\cmsis_os.o
 .debug_ranges  0x000011a8       0x30 Middlewares\Third_Party\FreeRTOS\Source\list.o
 .debug_ranges  0x000011d8       0x68 Middlewares\Third_Party\FreeRTOS\Source\portable\GCC\ARM_CM3\port.o
 .debug_ranges  0x00001240       0x40 Middlewares\Third_Party\FreeRTOS\Source\portable\MemMang\heap_4.o
 .debug_ranges  0x00001280      0x198 Middlewares\Third_Party\FreeRTOS\Source\tasks.o
 .debug_ranges  0x00001418       0x10 USB_DEVICE\App\usb_device.o
 .debug_ranges  0x00001428       0x30 USB_DEVICE\App\usbd_cdc_if.o
 .debug_ranges  0x00001458       0x50 USB_DEVICE\App\usbd_desc.o
 .debug_ranges  0x000014a8      0x108 USB_DEVICE\Target\usbd_conf.o
 .debug_ranges  0x000015b0       0x50 USER\MesageUSB.o
 .debug_ranges  0x00001600       0x20 startup\startup_stm32f103xb.o

.debug_line     0x00000000     0xe9bd
 .debug_line    0x00000000      0x1e2 Core\Src\dma.o
 .debug_line    0x000001e2      0x39c Core\Src\freertos.o
 .debug_line    0x0000057e      0x20c Core\Src\gpio.o
 .debug_line    0x0000078a      0x41f Core\Src\main.o
 .debug_line    0x00000ba9      0x1eb Core\Src\stm32f1xx_hal_msp.o
 .debug_line    0x00000d94      0x284 Core\Src\stm32f1xx_hal_timebase_tim.o
 .debug_line    0x00001018      0x366 Core\Src\stm32f1xx_it.o
 .debug_line    0x0000137e      0x22b Core\Src\system_stm32f1xx.o
 .debug_line    0x000015a9      0x1ca Core\Src\tim.o
 .debug_line    0x00001773      0x2f9 Core\Src\usart.o
 .debug_line    0x00001a6c      0x3f8 Drivers\STM32F1xx_HAL_Driver\Src\stm32f1xx_hal.o
 .debug_line    0x00001e64      0x53b Drivers\STM32F1xx_HAL_Driver\Src\stm32f1xx_hal_cortex.o
 .debug_line    0x0000239f      0x74b Drivers\STM32F1xx_HAL_Driver\Src\stm32f1xx_hal_dma.o
 .debug_line    0x00002aea      0x563 Drivers\STM32F1xx_HAL_Driver\Src\stm32f1xx_hal_gpio.o
 .debug_line    0x0000304d      0x8dd Drivers\STM32F1xx_HAL_Driver\Src\stm32f1xx_hal_pcd.o
 .debug_line    0x0000392a      0x284 Drivers\STM32F1xx_HAL_Driver\Src\stm32f1xx_hal_pcd_ex.o
 .debug_line    0x00003bae      0x6bd Drivers\STM32F1xx_HAL_Driver\Src\stm32f1xx_hal_rcc.o
 .debug_line    0x0000426b      0x34a Drivers\STM32F1xx_HAL_Driver\Src\stm32f1xx_hal_rcc_ex.o
 .debug_line    0x000045b5     0x309d Drivers\STM32F1xx_HAL_Driver\Src\stm32f1xx_hal_tim.o
 .debug_line    0x00007652     0x10e2 Drivers\STM32F1xx_HAL_Driver\Src\stm32f1xx_hal_tim_ex.o
 .debug_line    0x00008734      0xdc9 Drivers\STM32F1xx_HAL_Driver\Src\stm32f1xx_hal_uart.o
 .debug_line    0x000094fd      0x913 Drivers\STM32F1xx_HAL_Driver\Src\stm32f1xx_ll_usb.o
 .debug_line    0x00009e10      0x569 Middlewares\ST\STM32_USB_Device_Library\Class\CDC\Src\usbd_cdc.o
 .debug_line    0x0000a379      0x54b Middlewares\ST\STM32_USB_Device_Library\Core\Src\usbd_core.o
 .debug_line    0x0000a8c4      0x5ef Middlewares\ST\STM32_USB_Device_Library\Core\Src\usbd_ctlreq.o
 .debug_line    0x0000aeb3      0x3b4 Middlewares\ST\STM32_USB_Device_Library\Core\Src\usbd_ioreq.o
 .debug_line    0x0000b267      0x944 Middlewares\Third_Party\FreeRTOS\Source\CMSIS_RTOS\cmsis_os.o
 .debug_line    0x0000bbab      0x366 Middlewares\Third_Party\FreeRTOS\Source\list.o
 .debug_line    0x0000bf11      0x399 Middlewares\Third_Party\FreeRTOS\Source\portable\GCC\ARM_CM3\port.o
 .debug_line    0x0000c2aa      0x405 Middlewares\Third_Party\FreeRTOS\Source\portable\MemMang\heap_4.o
 .debug_line    0x0000c6af      0xe39 Middlewares\Third_Party\FreeRTOS\Source\tasks.o
 .debug_line    0x0000d4e8      0x386 USB_DEVICE\App\usb_device.o
 .debug_line    0x0000d86e      0x3d6 USB_DEVICE\App\usbd_cdc_if.o
 .debug_line    0x0000dc44      0x3e8 USB_DEVICE\App\usbd_desc.o
 .debug_line    0x0000e02c      0x64b USB_DEVICE\Target\usbd_conf.o
 .debug_line    0x0000e677      0x2c6 USER\MesageUSB.o
 .debug_line    0x0000e93d       0x80 startup\startup_stm32f103xb.o

.debug_str      0x00000000     0x7049
 .debug_str     0x00000000      0x55e Core\Src\dma.o
                                0x5ab (size before relaxing)
 .debug_str     0x0000055e      0x34e Core\Src\freertos.o
                                0x603 (size before relaxing)
 .debug_str     0x000008ac       0x46 Core\Src\gpio.o
                                0x350 (size before relaxing)
 .debug_str     0x000008f2      0xc34 Core\Src\main.o
                                0xfae (size before relaxing)
 .debug_str     0x00001526       0x5a Core\Src\stm32f1xx_hal_msp.o
                                0x5e7 (size before relaxing)
 .debug_str     0x00001580       0xaa Core\Src\stm32f1xx_hal_timebase_tim.o
                                0xb67 (size before relaxing)
 .debug_str     0x0000162a      0x463 Core\Src\stm32f1xx_it.o
                                0xda1 (size before relaxing)
 .debug_str     0x00001a8d       0x52 Core\Src\system_stm32f1xx.o
                                0x309 (size before relaxing)
 .debug_str     0x00001adf       0x1f Core\Src\tim.o
                                0x291 (size before relaxing)
 .debug_str     0x00001afe       0x6b Core\Src\usart.o
                                0xa6b (size before relaxing)
 .debug_str     0x00001b69      0x227 Drivers\STM32F1xx_HAL_Driver\Src\stm32f1xx_hal.o
                                0x841 (size before relaxing)
 .debug_str     0x00001d90      0x3cf Drivers\STM32F1xx_HAL_Driver\Src\stm32f1xx_hal_cortex.o
                                0x9a2 (size before relaxing)
 .debug_str     0x0000215f      0x23f Drivers\STM32F1xx_HAL_Driver\Src\stm32f1xx_hal_dma.o
                                0x6e4 (size before relaxing)
 .debug_str     0x0000239e      0x145 Drivers\STM32F1xx_HAL_Driver\Src\stm32f1xx_hal_gpio.o
                                0x4f3 (size before relaxing)
 .debug_str     0x000024e3      0x3d3 Drivers\STM32F1xx_HAL_Driver\Src\stm32f1xx_hal_pcd.o
                                0xa0e (size before relaxing)
 .debug_str     0x000028b6      0x18d Drivers\STM32F1xx_HAL_Driver\Src\stm32f1xx_hal_pcd_ex.o
                                0x7a9 (size before relaxing)
 .debug_str     0x00002a43      0x210 Drivers\STM32F1xx_HAL_Driver\Src\stm32f1xx_hal_rcc.o
                                0x6ae (size before relaxing)
 .debug_str     0x00002c53       0xb9 Drivers\STM32F1xx_HAL_Driver\Src\stm32f1xx_hal_rcc_ex.o
                                0x493 (size before relaxing)
 .debug_str     0x00002d0c      0xea3 Drivers\STM32F1xx_HAL_Driver\Src\stm32f1xx_hal_tim.o
                               0x16d8 (size before relaxing)
 .debug_str     0x00003baf      0x5c5 Drivers\STM32F1xx_HAL_Driver\Src\stm32f1xx_hal_tim_ex.o
                                0xe89 (size before relaxing)
 .debug_str     0x00004174      0x5f3 Drivers\STM32F1xx_HAL_Driver\Src\stm32f1xx_hal_uart.o
                                0xcf8 (size before relaxing)
 .debug_str     0x00004767      0x2b1 Drivers\STM32F1xx_HAL_Driver\Src\stm32f1xx_ll_usb.o
                                0x7dc (size before relaxing)
 .debug_str     0x00004a18      0x59d Middlewares\ST\STM32_USB_Device_Library\Class\CDC\Src\usbd_cdc.o
                               0x105b (size before relaxing)
 .debug_str     0x00004fb5      0x1c1 Middlewares\ST\STM32_USB_Device_Library\Core\Src\usbd_core.o
                                0xc33 (size before relaxing)
 .debug_str     0x00005176      0x134 Middlewares\ST\STM32_USB_Device_Library\Core\Src\usbd_ctlreq.o
                                0xbb9 (size before relaxing)
 .debug_str     0x000052aa       0xc9 Middlewares\ST\STM32_USB_Device_Library\Core\Src\usbd_ioreq.o
                                0xb41 (size before relaxing)
 .debug_str     0x00005373      0x8b4 Middlewares\Third_Party\FreeRTOS\Source\CMSIS_RTOS\cmsis_os.o
                               0x1152 (size before relaxing)
 .debug_str     0x00005c27      0x139 Middlewares\Third_Party\FreeRTOS\Source\list.o
                                0x740 (size before relaxing)
 .debug_str     0x00005d60      0x22c Middlewares\Third_Party\FreeRTOS\Source\portable\GCC\ARM_CM3\port.o
                                0x450 (size before relaxing)
 .debug_str     0x00005f8c      0x1ff Middlewares\Third_Party\FreeRTOS\Source\portable\MemMang\heap_4.o
                                0x80a (size before relaxing)
 .debug_str     0x0000618b      0xa6a Middlewares\Third_Party\FreeRTOS\Source\tasks.o
                               0x1313 (size before relaxing)
 .debug_str     0x00006bf5       0x5e USB_DEVICE\App\usb_device.o
                                0xafc (size before relaxing)
 .debug_str     0x00006c53       0x8f USB_DEVICE\App\usbd_cdc_if.o
                                0xbcd (size before relaxing)
 .debug_str     0x00006ce2      0x170 USB_DEVICE\App\usbd_desc.o
                                0x949 (size before relaxing)
 .debug_str     0x00006e52      0x178 USB_DEVICE\Target\usbd_conf.o
                               0x147f (size before relaxing)
 .debug_str     0x00006fca       0x7f USER\MesageUSB.o
                                0x773 (size before relaxing)

.comment        0x00000000       0x7c
 .comment       0x00000000       0x7c Core\Src\dma.o
                                 0x7d (size before relaxing)
 .comment       0x0000007c       0x7d Core\Src\freertos.o
 .comment       0x0000007c       0x7d Core\Src\gpio.o
 .comment       0x0000007c       0x7d Core\Src\main.o
 .comment       0x0000007c       0x7d Core\Src\stm32f1xx_hal_msp.o
 .comment       0x0000007c       0x7d Core\Src\stm32f1xx_hal_timebase_tim.o
 .comment       0x0000007c       0x7d Core\Src\stm32f1xx_it.o
 .comment       0x0000007c       0x7d Core\Src\system_stm32f1xx.o
 .comment       0x0000007c       0x7d Core\Src\tim.o
 .comment       0x0000007c       0x7d Core\Src\usart.o
 .comment       0x0000007c       0x7d Drivers\STM32F1xx_HAL_Driver\Src\stm32f1xx_hal.o
 .comment       0x0000007c       0x7d Drivers\STM32F1xx_HAL_Driver\Src\stm32f1xx_hal_cortex.o
 .comment       0x0000007c       0x7d Drivers\STM32F1xx_HAL_Driver\Src\stm32f1xx_hal_dma.o
 .comment       0x0000007c       0x7d Drivers\STM32F1xx_HAL_Driver\Src\stm32f1xx_hal_gpio.o
 .comment       0x0000007c       0x7d Drivers\STM32F1xx_HAL_Driver\Src\stm32f1xx_hal_pcd.o
 .comment       0x0000007c       0x7d Drivers\STM32F1xx_HAL_Driver\Src\stm32f1xx_hal_pcd_ex.o
 .comment       0x0000007c       0x7d Drivers\STM32F1xx_HAL_Driver\Src\stm32f1xx_hal_rcc.o
 .comment       0x0000007c       0x7d Drivers\STM32F1xx_HAL_Driver\Src\stm32f1xx_hal_rcc_ex.o
 .comment       0x0000007c       0x7d Drivers\STM32F1xx_HAL_Driver\Src\stm32f1xx_hal_tim.o
 .comment       0x0000007c       0x7d Drivers\STM32F1xx_HAL_Driver\Src\stm32f1xx_hal_tim_ex.o
 .comment       0x0000007c       0x7d Drivers\STM32F1xx_HAL_Driver\Src\stm32f1xx_hal_uart.o
 .comment       0x0000007c       0x7d Drivers\STM32F1xx_HAL_Driver\Src\stm32f1xx_ll_usb.o
 .comment       0x0000007c       0x7d Middlewares\ST\STM32_USB_Device_Library\Class\CDC\Src\usbd_cdc.o
 .comment       0x0000007c       0x7d Middlewares\ST\STM32_USB_Device_Library\Core\Src\usbd_core.o
 .comment       0x0000007c       0x7d Middlewares\ST\STM32_USB_Device_Library\Core\Src\usbd_ctlreq.o
 .comment       0x0000007c       0x7d Middlewares\ST\STM32_USB_Device_Library\Core\Src\usbd_ioreq.o
 .comment       0x0000007c       0x7d Middlewares\Third_Party\FreeRTOS\Source\CMSIS_RTOS\cmsis_os.o
 .comment       0x0000007c       0x7d Middlewares\Third_Party\FreeRTOS\Source\list.o
 .comment       0x0000007c       0x7d Middlewares\Third_Party\FreeRTOS\Source\portable\GCC\ARM_CM3\port.o
 .comment       0x0000007c       0x7d Middlewares\Third_Party\FreeRTOS\Source\portable\MemMang\heap_4.o
 .comment       0x0000007c       0x7d Middlewares\Third_Party\FreeRTOS\Source\tasks.o
 .comment       0x0000007c       0x7d USB_DEVICE\App\usb_device.o
 .comment       0x0000007c       0x7d USB_DEVICE\App\usbd_cdc_if.o
 .comment       0x0000007c       0x7d USB_DEVICE\App\usbd_desc.o
 .comment       0x0000007c       0x7d USB_DEVICE\Target\usbd_conf.o
 .comment       0x0000007c       0x7d USER\MesageUSB.o

.debug_frame    0x00000000     0x610c
 .debug_frame   0x00000000       0x34 Core\Src\dma.o
 .debug_frame   0x00000034       0xe4 Core\Src\freertos.o
 .debug_frame   0x00000118       0x34 Core\Src\gpio.o
 .debug_frame   0x0000014c       0xb4 Core\Src\main.o
 .debug_frame   0x00000200       0x34 Core\Src\stm32f1xx_hal_msp.o
 .debug_frame   0x00000234       0x74 Core\Src\stm32f1xx_hal_timebase_tim.o
 .debug_frame   0x000002a8      0x188 Core\Src\stm32f1xx_it.o
 .debug_frame   0x00000430       0x58 Core\Src\system_stm32f1xx.o
 .debug_frame   0x00000488       0x30 Core\Src\tim.o